Archive member included to satisfy reference by file (symbol)

c:/st/stm32cubeide_1.3.0/stm32cubeide/plugins/com.st.stm32cube.ide.mcu.externaltools.gnu-tools-for-stm32.7-2018-q2-update.win32_1.5.0.202011040924/tools/bin/../lib/gcc/arm-none-eabi/7.3.1/../../../../arm-none-eabi/lib/thumb/v7e-m/fpv4-sp/hard\libc_nano.a(lib_a-errno.o)
                              Core/Src/syscalls.o (__errno)
c:/st/stm32cubeide_1.3.0/stm32cubeide/plugins/com.st.stm32cube.ide.mcu.externaltools.gnu-tools-for-stm32.7-2018-q2-update.win32_1.5.0.202011040924/tools/bin/../lib/gcc/arm-none-eabi/7.3.1/../../../../arm-none-eabi/lib/thumb/v7e-m/fpv4-sp/hard\libc_nano.a(lib_a-exit.o)
                              c:/st/stm32cubeide_1.3.0/stm32cubeide/plugins/com.st.stm32cube.ide.mcu.externaltools.gnu-tools-for-stm32.7-2018-q2-update.win32_1.5.0.202011040924/tools/bin/../lib/gcc/arm-none-eabi/7.3.1/../../../../arm-none-eabi/lib/thumb/v7e-m/fpv4-sp/hard/crt0.o (exit)
c:/st/stm32cubeide_1.3.0/stm32cubeide/plugins/com.st.stm32cube.ide.mcu.externaltools.gnu-tools-for-stm32.7-2018-q2-update.win32_1.5.0.202011040924/tools/bin/../lib/gcc/arm-none-eabi/7.3.1/../../../../arm-none-eabi/lib/thumb/v7e-m/fpv4-sp/hard\libc_nano.a(lib_a-impure.o)
                              c:/st/stm32cubeide_1.3.0/stm32cubeide/plugins/com.st.stm32cube.ide.mcu.externaltools.gnu-tools-for-stm32.7-2018-q2-update.win32_1.5.0.202011040924/tools/bin/../lib/gcc/arm-none-eabi/7.3.1/../../../../arm-none-eabi/lib/thumb/v7e-m/fpv4-sp/hard\libc_nano.a(lib_a-exit.o) (_global_impure_ptr)
c:/st/stm32cubeide_1.3.0/stm32cubeide/plugins/com.st.stm32cube.ide.mcu.externaltools.gnu-tools-for-stm32.7-2018-q2-update.win32_1.5.0.202011040924/tools/bin/../lib/gcc/arm-none-eabi/7.3.1/../../../../arm-none-eabi/lib/thumb/v7e-m/fpv4-sp/hard\libc_nano.a(lib_a-init.o)
                              c:/st/stm32cubeide_1.3.0/stm32cubeide/plugins/com.st.stm32cube.ide.mcu.externaltools.gnu-tools-for-stm32.7-2018-q2-update.win32_1.5.0.202011040924/tools/bin/../lib/gcc/arm-none-eabi/7.3.1/../../../../arm-none-eabi/lib/thumb/v7e-m/fpv4-sp/hard/crt0.o (__libc_init_array)
c:/st/stm32cubeide_1.3.0/stm32cubeide/plugins/com.st.stm32cube.ide.mcu.externaltools.gnu-tools-for-stm32.7-2018-q2-update.win32_1.5.0.202011040924/tools/bin/../lib/gcc/arm-none-eabi/7.3.1/../../../../arm-none-eabi/lib/thumb/v7e-m/fpv4-sp/hard\libc_nano.a(lib_a-memcpy-stub.o)
                              Core/Src/acis.o (memcpy)
c:/st/stm32cubeide_1.3.0/stm32cubeide/plugins/com.st.stm32cube.ide.mcu.externaltools.gnu-tools-for-stm32.7-2018-q2-update.win32_1.5.0.202011040924/tools/bin/../lib/gcc/arm-none-eabi/7.3.1/../../../../arm-none-eabi/lib/thumb/v7e-m/fpv4-sp/hard\libc_nano.a(lib_a-memset.o)
                              c:/st/stm32cubeide_1.3.0/stm32cubeide/plugins/com.st.stm32cube.ide.mcu.externaltools.gnu-tools-for-stm32.7-2018-q2-update.win32_1.5.0.202011040924/tools/bin/../lib/gcc/arm-none-eabi/7.3.1/../../../../arm-none-eabi/lib/thumb/v7e-m/fpv4-sp/hard/crt0.o (memset)
c:/st/stm32cubeide_1.3.0/stm32cubeide/plugins/com.st.stm32cube.ide.mcu.externaltools.gnu-tools-for-stm32.7-2018-q2-update.win32_1.5.0.202011040924/tools/bin/../lib/gcc/arm-none-eabi/7.3.1/../../../../arm-none-eabi/lib/thumb/v7e-m/fpv4-sp/hard\libc_nano.a(lib_a-nano-vfprintf_float.o)
                              (_printf_float)
c:/st/stm32cubeide_1.3.0/stm32cubeide/plugins/com.st.stm32cube.ide.mcu.externaltools.gnu-tools-for-stm32.7-2018-q2-update.win32_1.5.0.202011040924/tools/bin/../lib/gcc/arm-none-eabi/7.3.1/../../../../arm-none-eabi/lib/thumb/v7e-m/fpv4-sp/hard\libc_nano.a(lib_a-nano-vfprintf_i.o)
                              c:/st/stm32cubeide_1.3.0/stm32cubeide/plugins/com.st.stm32cube.ide.mcu.externaltools.gnu-tools-for-stm32.7-2018-q2-update.win32_1.5.0.202011040924/tools/bin/../lib/gcc/arm-none-eabi/7.3.1/../../../../arm-none-eabi/lib/thumb/v7e-m/fpv4-sp/hard\libc_nano.a(lib_a-nano-vfprintf_float.o) (_printf_common)
c:/st/stm32cubeide_1.3.0/stm32cubeide/plugins/com.st.stm32cube.ide.mcu.externaltools.gnu-tools-for-stm32.7-2018-q2-update.win32_1.5.0.202011040924/tools/bin/../lib/gcc/arm-none-eabi/7.3.1/../../../../arm-none-eabi/lib/thumb/v7e-m/fpv4-sp/hard\libc_nano.a(lib_a-nano-vfscanf_float.o)
                              (_scanf_float)
c:/st/stm32cubeide_1.3.0/stm32cubeide/plugins/com.st.stm32cube.ide.mcu.externaltools.gnu-tools-for-stm32.7-2018-q2-update.win32_1.5.0.202011040924/tools/bin/../lib/gcc/arm-none-eabi/7.3.1/../../../../arm-none-eabi/lib/thumb/v7e-m/fpv4-sp/hard\libc_nano.a(lib_a-sf_nan.o)
                              c:/st/stm32cubeide_1.3.0/stm32cubeide/plugins/com.st.stm32cube.ide.mcu.externaltools.gnu-tools-for-stm32.7-2018-q2-update.win32_1.5.0.202011040924/tools/bin/../lib/gcc/arm-none-eabi/7.3.1/../../../../arm-none-eabi/lib/thumb/v7e-m/fpv4-sp/hard\libc_nano.a(lib_a-nano-vfscanf_float.o) (nanf)
[...]
Memory Configuration

Name             Origin             Length             Attributes
RAM              0x0000000020000000 0x0000000000040000 xrw
FLASH            0x0000000008000000 0x0000000000080000 xr
*default*        0x0000000000000000 0xffffffffffffffff

Linker script and memory map

LOAD c:/st/stm32cubeide_1.3.0/stm32cubeide/plugins/com.st.stm32cube.ide.mcu.externaltools.gnu-tools-for-stm32.7-2018-q2-update.win32_1.5.0.202011040924/tools/bin/../lib/gcc/arm-none-eabi/7.3.1/thumb/v7e-m/fpv4-sp/hard/crti.o
LOAD c:/st/stm32cubeide_1.3.0/stm32cubeide/plugins/com.st.stm32cube.ide.mcu.externaltools.gnu-tools-for-stm32.7-2018-q2-update.win32_1.5.0.202011040924/tools/bin/../lib/gcc/arm-none-eabi/7.3.1/thumb/v7e-m/fpv4-sp/hard/crtbegin.o
LOAD c:/st/stm32cubeide_1.3.0/stm32cubeide/plugins/com.st.stm32cube.ide.mcu.externaltools.gnu-tools-for-stm32.7-2018-q2-update.win32_1.5.0.202011040924/tools/bin/../lib/gcc/arm-none-eabi/7.3.1/../../../../arm-none-eabi/lib/thumb/v7e-m/fpv4-sp/hard/crt0.o
LOAD Common/packets.o
LOAD Core/Src/acis.o
LOAD Core/Src/controls.o
LOAD Core/Src/crc.o
LOAD Core/Src/delay.o
LOAD Core/Src/freertos.o
LOAD Core/Src/lcd12864.o
LOAD Core/Src/main.o
LOAD Core/Src/stm32f7xx_hal_msp.o
LOAD Core/Src/stm32f7xx_it.o
LOAD Core/Src/syscalls.o
LOAD Core/Src/sysmem.o
LOAD Core/Src/system_stm32f7xx.o
LOAD Core/Src/xCommand.o
LOAD Core/Src/xProFIFO.o
LOAD Core/Startup/startup_stm32f722retx.o
LOAD Drivers/STM32F7xx_HAL_Driver/Src/stm32f7xx_hal.o
LOAD Drivers/STM32F7xx_HAL_Driver/Src/stm32f7xx_hal_adc.o
LOAD Drivers/STM32F7xx_HAL_Driver/Src/stm32f7xx_hal_adc_ex.o
LOAD Drivers/STM32F7xx_HAL_Driver/Src/stm32f7xx_hal_cortex.o
LOAD Drivers/STM32F7xx_HAL_Driver/Src/stm32f7xx_hal_crc.o
LOAD Drivers/STM32F7xx_HAL_Driver/Src/stm32f7xx_hal_crc_ex.o
LOAD Drivers/STM32F7xx_HAL_Driver/Src/stm32f7xx_hal_dma.o
LOAD Drivers/STM32F7xx_HAL_Driver/Src/stm32f7xx_hal_dma_ex.o
LOAD Drivers/STM32F7xx_HAL_Driver/Src/stm32f7xx_hal_exti.o
LOAD Drivers/STM32F7xx_HAL_Driver/Src/stm32f7xx_hal_flash.o
LOAD Drivers/STM32F7xx_HAL_Driver/Src/stm32f7xx_hal_flash_ex.o
LOAD Drivers/STM32F7xx_HAL_Driver/Src/stm32f7xx_hal_gpio.o
LOAD Drivers/STM32F7xx_HAL_Driver/Src/stm32f7xx_hal_i2c.o
LOAD Drivers/STM32F7xx_HAL_Driver/Src/stm32f7xx_hal_i2c_ex.o
LOAD Drivers/STM32F7xx_HAL_Driver/Src/stm32f7xx_hal_pwr.o
LOAD Drivers/STM32F7xx_HAL_Driver/Src/stm32f7xx_hal_pwr_ex.o
LOAD Drivers/STM32F7xx_HAL_Driver/Src/stm32f7xx_hal_rcc.o
LOAD Drivers/STM32F7xx_HAL_Driver/Src/stm32f7xx_hal_rcc_ex.o
LOAD Drivers/STM32F7xx_HAL_Driver/Src/stm32f7xx_hal_tim.o
LOAD Drivers/STM32F7xx_HAL_Driver/Src/stm32f7xx_hal_tim_ex.o
LOAD Drivers/STM32F7xx_HAL_Driver/Src/stm32f7xx_hal_uart.o
LOAD Drivers/STM32F7xx_HAL_Driver/Src/stm32f7xx_hal_uart_ex.o
LOAD Middlewares/Third_Party/FreeRTOS/Source/CMSIS_RTOS_V2/cmsis_os2.o
LOAD Middlewares/Third_Party/FreeRTOS/Source/croutine.o
LOAD Middlewares/Third_Party/FreeRTOS/Source/event_groups.o
LOAD Middlewares/Third_Party/FreeRTOS/Source/list.o
LOAD Middlewares/Third_Party/FreeRTOS/Source/queue.o
LOAD Middlewares/Third_Party/FreeRTOS/Source/stream_buffer.o
LOAD Middlewares/Third_Party/FreeRTOS/Source/tasks.o
LOAD Middlewares/Third_Party/FreeRTOS/Source/timers.o
LOAD Middlewares/Third_Party/FreeRTOS/Source/portable/GCC/ARM_CM7/r0p1/port.o
LOAD Middlewares/Third_Party/FreeRTOS/Source/portable/MemMang/heap_4.o
LOAD RREFont/RREFont.o
LOAD RREFont/rre_12x16.o
LOAD RREFont/rre_5x8.o
LOAD RREFont/rre_6x8.o
LOAD RREFont/rre_7x12.o
LOAD RREFont/rre_8x12.o
LOAD RREFont/rre_arial_62.o
LOAD RREFont/rre_arialb_16.o
LOAD RREFont/rre_arialbldig54b.o
LOAD RREFont/rre_arialbldig54bv.o
LOAD RREFont/rre_arialdig150b.o
LOAD RREFont/rre_arialdig47b.o
LOAD RREFont/rre_arialdig47n-h.o
LOAD RREFont/rre_arialdig47n-v.o
LOAD RREFont/rre_arialdig47n.o
LOAD RREFont/rre_arialdig62b.o
LOAD RREFont/rre_arialdig62bv.o
LOAD RREFont/rre_arialdig72n.o
LOAD RREFont/rre_ariali_16.o
LOAD RREFont/rre_arialn_16.o
LOAD RREFont/rre_bold13x20.o
LOAD RREFont/rre_bold13x20h.o
LOAD RREFont/rre_bold13x20no.o
LOAD RREFont/rre_bold13x20v.o
LOAD RREFont/rre_bold_6x8.o
LOAD RREFont/rre_c64_7x7.o
LOAD RREFont/rre_c64_7x8.o
LOAD RREFont/rre_c_8x16.o
LOAD RREFont/rre_chicago_20x24.o
LOAD RREFont/rre_comp_8x16.o
LOAD RREFont/rre_digi_19x15.o
LOAD RREFont/rre_fixed_8x16.o
LOAD RREFont/rre_fjg_8x16.o
LOAD RREFont/rre_grot_16x32.o
LOAD RREFont/rre_kappa_8x16.o
LOAD RREFont/rre_nadine_16x16.o
LOAD RREFont/rre_ncw_8x16.o
LOAD RREFont/rre_ocr_16x24.o
LOAD RREFont/rre_script_8x16.o
LOAD RREFont/rre_tahoma_110v.o
LOAD RREFont/rre_tahoma_65v.o
LOAD RREFont/rre_term_10x16.o
LOAD RREFont/rre_times_104.o
LOAD RREFont/rre_times_98v.o
LOAD RREFont/rre_ubuntu_32.o
LOAD RREFont/rre_ubuntub_32.o
LOAD RREFont/rre_vga_8x16.o
LOAD RREFont/rre_x_8x16.o
START GROUP
LOAD c:/st/stm32cubeide_1.3.0/stm32cubeide/plugins/com.st.stm32cube.ide.mcu.externaltools.gnu-tools-for-stm32.7-2018-q2-update.win32_1.5.0.202011040924/tools/bin/../lib/gcc/arm-none-eabi/7.3.1/../../../../arm-none-eabi/lib/thumb/v7e-m/fpv4-sp/hard\libc_nano.a
LOAD c:/st/stm32cubeide_1.3.0/stm32cubeide/plugins/com.st.stm32cube.ide.mcu.externaltools.gnu-tools-for-stm32.7-2018-q2-update.win32_1.5.0.202011040924/tools/bin/../lib/gcc/arm-none-eabi/7.3.1/../../../../arm-none-eabi/lib/thumb/v7e-m/fpv4-sp/hard\libm.a
END GROUP
START GROUP
LOAD c:/st/stm32cubeide_1.3.0/stm32cubeide/plugins/com.st.stm32cube.ide.mcu.externaltools.gnu-tools-for-stm32.7-2018-q2-update.win32_1.5.0.202011040924/tools/bin/../lib/gcc/arm-none-eabi/7.3.1/thumb/v7e-m/fpv4-sp/hard\libgcc.a
LOAD c:/st/stm32cubeide_1.3.0/stm32cubeide/plugins/com.st.stm32cube.ide.mcu.externaltools.gnu-tools-for-stm32.7-2018-q2-update.win32_1.5.0.202011040924/tools/bin/../lib/gcc/arm-none-eabi/7.3.1/../../../../arm-none-eabi/lib/thumb/v7e-m/fpv4-sp/hard\libc_nano.a
END GROUP
START GROUP
LOAD c:/st/stm32cubeide_1.3.0/stm32cubeide/plugins/com.st.stm32cube.ide.mcu.externaltools.gnu-tools-for-stm32.7-2018-q2-update.win32_1.5.0.202011040924/tools/bin/../lib/gcc/arm-none-eabi/7.3.1/thumb/v7e-m/fpv4-sp/hard\libgcc.a
LOAD c:/st/stm32cubeide_1.3.0/stm32cubeide/plugins/com.st.stm32cube.ide.mcu.externaltools.gnu-tools-for-stm32.7-2018-q2-update.win32_1.5.0.202011040924/tools/bin/../lib/gcc/arm-none-eabi/7.3.1/../../../../arm-none-eabi/lib/thumb/v7e-m/fpv4-sp/hard\libc_nano.a
LOAD c:/st/stm32cubeide_1.3.0/stm32cubeide/plugins/com.st.stm32cube.ide.mcu.externaltools.gnu-tools-for-stm32.7-2018-q2-update.win32_1.5.0.202011040924/tools/bin/../lib/gcc/arm-none-eabi/7.3.1/../../../../arm-none-eabi/lib/thumb/v7e-m/fpv4-sp/hard\libnosys.a
END GROUP
START GROUP
LOAD c:/st/stm32cubeide_1.3.0/stm32cubeide/plugins/com.st.stm32cube.ide.mcu.externaltools.gnu-tools-for-stm32.7-2018-q2-update.win32_1.5.0.202011040924/tools/bin/../lib/gcc/arm-none-eabi/7.3.1/thumb/v7e-m/fpv4-sp/hard\libgcc.a
LOAD c:/st/stm32cubeide_1.3.0/stm32cubeide/plugins/com.st.stm32cube.ide.mcu.externaltools.gnu-tools-for-stm32.7-2018-q2-update.win32_1.5.0.202011040924/tools/bin/../lib/gcc/arm-none-eabi/7.3.1/../../../../arm-none-eabi/lib/thumb/v7e-m/fpv4-sp/hard\libc_nano.a
LOAD c:/st/stm32cubeide_1.3.0/stm32cubeide/plugins/com.st.stm32cube.ide.mcu.externaltools.gnu-tools-for-stm32.7-2018-q2-update.win32_1.5.0.202011040924/tools/bin/../lib/gcc/arm-none-eabi/7.3.1/../../../../arm-none-eabi/lib/thumb/v7e-m/fpv4-sp/hard\libnosys.a
END GROUP
LOAD c:/st/stm32cubeide_1.3.0/stm32cubeide/plugins/com.st.stm32cube.ide.mcu.externaltools.gnu-tools-for-stm32.7-2018-q2-update.win32_1.5.0.202011040924/tools/bin/../lib/gcc/arm-none-eabi/7.3.1/thumb/v7e-m/fpv4-sp/hard/crtend.o
LOAD c:/st/stm32cubeide_1.3.0/stm32cubeide/plugins/com.st.stm32cube.ide.mcu.externaltools.gnu-tools-for-stm32.7-2018-q2-update.win32_1.5.0.202011040924/tools/bin/../lib/gcc/arm-none-eabi/7.3.1/thumb/v7e-m/fpv4-sp/hard/crtn.o
                0x0000000020040000                _estack = (ORIGIN (RAM) + LENGTH (RAM))
                0x0000000000000400                _Min_Heap_Size = 0x400
                0x0000000000000800                _Min_Stack_Size = 0x800

.isr_vector     0x0000000008000000      0x1e0
                0x0000000008000000                . = ALIGN (0x4)
 *(.isr_vector)
 .isr_vector    0x0000000008000000      0x1e0 Core/Startup/startup_stm32f722retx.o
                0x0000000008000000                g_pfnVectors
                0x00000000080001e0                . = ALIGN (0x4)

.text           0x00000000080001e0    0x143fc
                0x00000000080001e0                . = ALIGN (0x4)
 *(.text)
 .text          0x00000000080001e0       0x40 c:/st/stm32cubeide_1.3.0/stm32cubeide/plugins/com.st.stm32cube.ide.mcu.externaltools.gnu-tools-for-stm32.7-2018-q2-update.win32_1.5.0.202011040924/tools/bin/../lib/gcc/arm-none-eabi/7.3.1/thumb/v7e-m/fpv4-sp/hard/crtbegin.o
 .text          0x0000000008000220       0x10 c:/st/stm32cubeide_1.3.0/stm32cubeide/plugins/com.st.stm32cube.ide.mcu.externaltools.gnu-tools-for-stm32.7-2018-q2-update.win32_1.5.0.202011040924/tools/bin/../lib/gcc/arm-none-eabi/7.3.1/../../../../arm-none-eabi/lib/thumb/v7e-m/fpv4-sp/hard\libc_nano.a(lib_a-strlen.o)
                0x0000000008000220                strlen
 .text          0x0000000008000230       0xa0 c:/st/stm32cubeide_1.3.0/stm32cubeide/plugins/com.st.stm32cube.ide.mcu.externaltools.gnu-tools-for-stm32.7-2018-q2-update.win32_1.5.0.202011040924/tools/bin/../lib/gcc/arm-none-eabi/7.3.1/../../../../arm-none-eabi/lib/thumb/v7e-m/fpv4-sp/hard\libc_nano.a(lib_a-memchr.o)
                0x0000000008000230                memchr
 .text          0x00000000080002d0      0x378 c:/st/stm32cubeide_1.3.0/stm32cubeide/plugins/com.st.stm32cube.ide.mcu.externaltools.gnu-tools-for-stm32.7-2018-q2-update.win32_1.5.0.202011040924/tools/bin/../lib/gcc/arm-none-eabi/7.3.1/thumb/v7e-m/fpv4-sp/hard\libgcc.a(_arm_addsubdf3.o)
                0x00000000080002d0                __aeabi_drsub
                0x00000000080002d8                __aeabi_dsub
                0x00000000080002d8                __subdf3
                0x00000000080002dc                __aeabi_dadd
                0x00000000080002dc                __adddf3
                0x0000000008000554                __floatunsidf
                0x0000000008000554                __aeabi_ui2d
                0x0000000008000574                __floatsidf
                0x0000000008000574                __aeabi_i2d
                0x0000000008000598                __aeabi_f2d
                0x0000000008000598                __extendsfdf2
                0x00000000080005dc                __floatundidf
                0x00000000080005dc                __aeabi_ul2d
                0x00000000080005ec                __floatdidf
                0x00000000080005ec                __aeabi_l2d
 .text          0x0000000008000648      0x424 c:/st/stm32cubeide_1.3.0/stm32cubeide/plugins/com.st.stm32cube.ide.mcu.externaltools.gnu-tools-for-stm32.7-2018-q2-update.win32_1.5.0.202011040924/tools/bin/../lib/gcc/arm-none-eabi/7.3.1/thumb/v7e-m/fpv4-sp/hard\libgcc.a(_arm_muldivdf3.o)
                0x0000000008000648                __aeabi_dmul
                0x0000000008000648                __muldf3
                0x000000000800089c                __divdf3
                0x000000000800089c                __aeabi_ddiv
 .text          0x0000000008000a6c      0x110 c:/st/stm32cubeide_1.3.0/stm32cubeide/plugins/com.st.stm32cube.ide.mcu.externaltools.gnu-tools-for-stm32.7-2018-q2-update.win32_1.5.0.202011040924/tools/bin/../lib/gcc/arm-none-eabi/7.3.1/thumb/v7e-m/fpv4-sp/hard\libgcc.a(_arm_cmpdf2.o)
                0x0000000008000a6c                __gtdf2
                0x0000000008000a6c                __gedf2
                0x0000000008000a74                __ltdf2
                0x0000000008000a74                __ledf2
                0x0000000008000a7c                __nedf2
                0x0000000008000a7c                __eqdf2
                0x0000000008000a7c                __cmpdf2
                0x0000000008000af8                __aeabi_cdrcmple
                0x0000000008000b08                __aeabi_cdcmpeq
                0x0000000008000b08                __aeabi_cdcmple
                0x0000000008000b18                __aeabi_dcmpeq
                0x0000000008000b2c                __aeabi_dcmplt
                0x0000000008000b40                __aeabi_dcmple
                0x0000000008000b54                __aeabi_dcmpge
                0x0000000008000b68                __aeabi_dcmpgt
 .text          0x0000000008000b7c       0x2c c:/st/stm32cubeide_1.3.0/stm32cubeide/plugins/com.st.stm32cube.ide.mcu.externaltools.gnu-tools-for-stm32.7-2018-q2-update.win32_1.5.0.202011040924/tools/bin/../lib/gcc/arm-none-eabi/7.3.1/thumb/v7e-m/fpv4-sp/hard\libgcc.a(_arm_unorddf2.o)
                0x0000000008000b7c                __unorddf2
                0x0000000008000b7c                __aeabi_dcmpun
 .text          0x0000000008000ba8       0x50 c:/st/stm32cubeide_1.3.0/stm32cubeide/plugins/com.st.stm32cube.ide.mcu.externaltools.gnu-tools-for-stm32.7-2018-q2-update.win32_1.5.0.202011040924/tools/bin/../lib/gcc/arm-none-eabi/7.3.1/thumb/v7e-m/fpv4-sp/hard\libgcc.a(_arm_fixdfsi.o)
                0x0000000008000ba8                __aeabi_d2iz
                0x0000000008000ba8                __fixdfsi
 .text          0x0000000008000bf8       0x40 c:/st/stm32cubeide_1.3.0/stm32cubeide/plugins/com.st.stm32cube.ide.mcu.externaltools.gnu-tools-for-stm32.7-2018-q2-update.win32_1.5.0.202011040924/tools/bin/../lib/gcc/arm-none-eabi/7.3.1/thumb/v7e-m/fpv4-sp/hard\libgcc.a(_arm_fixunsdfsi.o)
                0x0000000008000bf8                __aeabi_d2uiz
                0x0000000008000bf8                __fixunsdfsi
 .text          0x0000000008000c38       0xa0 c:/st/stm32cubeide_1.3.0/stm32cubeide/plugins/com.st.stm32cube.ide.mcu.externaltools.gnu-tools-for-stm32.7-2018-q2-update.win32_1.5.0.202011040924/tools/bin/../lib/gcc/arm-none-eabi/7.3.1/thumb/v7e-m/fpv4-sp/hard\libgcc.a(_arm_truncdfsf2.o)
                0x0000000008000c38                __truncdfsf2
                0x0000000008000c38                __aeabi_d2f
 .text          0x0000000008000cd8       0x30 c:/st/stm32cubeide_1.3.0/stm32cubeide/plugins/com.st.stm32cube.ide.mcu.externaltools.gnu-tools-for-stm32.7-2018-q2-update.win32_1.5.0.202011040924/tools/bin/../lib/gcc/arm-none-eabi/7.3.1/thumb/v7e-m/fpv4-sp/hard\libgcc.a(_aeabi_uldivmod.o)
                0x0000000008000cd8                __aeabi_uldivmod
 .text          0x0000000008000d08      0x2cc c:/st/stm32cubeide_1.3.0/stm32cubeide/plugins/com.st.stm32cube.ide.mcu.externaltools.gnu-tools-for-stm32.7-2018-q2-update.win32_1.5.0.202011040924/tools/bin/../lib/gcc/arm-none-eabi/7.3.1/thumb/v7e-m/fpv4-sp/hard\libgcc.a(_udivmoddi4.o)
                0x0000000008000d08                __udivmoddi4
 .text          0x0000000008000fd4        0x4 c:/st/stm32cubeide_1.3.0/stm32cubeide/plugins/com.st.stm32cube.ide.mcu.externaltools.gnu-tools-for-stm32.7-2018-q2-update.win32_1.5.0.202011040924/tools/bin/../lib/gcc/arm-none-eabi/7.3.1/thumb/v7e-m/fpv4-sp/hard\libgcc.a(_dvmd_tls.o)
                0x0000000008000fd4                __aeabi_idiv0
                0x0000000008000fd4                __aeabi_ldiv0
 *(.text*)
 .text.PK_Copy  0x0000000008000fd8       0x98 Common/packets.o
                0x0000000008000fd8                PK_Copy
 .text.acis_apply_parameter
                0x0000000008001070      0x1fc Core/Src/acis.o
 .text.acis_gui_task
                0x000000000800126c     0x4dd8 Core/Src/acis.o
 .text.acis_sender_task
                0x0000000008006044       0xb4 Core/Src/acis.o
 .text.acis_main_task
                0x00000000080060f8      0xb84 Core/Src/acis.o
                0x00000000080060f8                acis_main_task
 .text.acis_parse_command
                0x0000000008006c7c      0x56c Core/Src/acis.o
                0x0000000008006c7c                acis_parse_command
 .text.acis_send_command
                0x00000000080071e8       0x64 Core/Src/acis.o
 .text.controls_irq
                0x000000000800724c      0x570 Core/Src/controls.o
                0x000000000800724c                controls_irq
 .text.CRC16_RegisterHardware
                0x00000000080077bc       0x38 Core/Src/crc.o
                0x00000000080077bc                CRC16_RegisterHardware
 .text.CRC16_Generate
                0x00000000080077f4       0x70 Core/Src/crc.o
                0x00000000080077f4                CRC16_Generate
 .text.CRC8_Generate
                0x0000000008007864       0x80 Core/Src/crc.o
                0x0000000008007864                CRC8_Generate
 .text.DelayInit
                0x00000000080078e4       0xb4 Core/Src/delay.o
                0x00000000080078e4                DelayInit
 .text.DelayUs  0x0000000008007998       0x30 Core/Src/delay.o
                0x0000000008007998                DelayUs
 .text.DelayMs  0x00000000080079c8       0x20 Core/Src/delay.o
                0x00000000080079c8                DelayMs
 .text.DelayDiff
                0x00000000080079e8       0x48 Core/Src/delay.o
                0x00000000080079e8                DelayDiff
 .text.lcd_data
                0x0000000008007a30       0x80 Core/Src/lcd12864.o
 .text.lcd_command
                0x0000000008007ab0       0x80 Core/Src/lcd12864.o
 .text.lcd_update
                0x0000000008007b30       0xc8 Core/Src/lcd12864.o
                0x0000000008007b30                lcd_update
 .text.lcd_reset
                0x0000000008007bf8       0x50 Core/Src/lcd12864.o
                0x0000000008007bf8                lcd_reset
 .text.lcd_clear
                0x0000000008007c48       0x4c Core/Src/lcd12864.o
                0x0000000008007c48                lcd_clear
 .text.lcd_drawpoint
                0x0000000008007c94       0x68 Core/Src/lcd12864.o
                0x0000000008007c94                lcd_drawpoint
 .text.lcd_clearpoint
                0x0000000008007cfc       0x6c Core/Src/lcd12864.o
                0x0000000008007cfc                lcd_clearpoint
 .text.lcd_rect_solid
                0x0000000008007d68       0xb6 Core/Src/lcd12864.o
                0x0000000008007d68                lcd_rect_solid
 .text.lcd_rect
                0x0000000008007e1e      0x152 Core/Src/lcd12864.o
                0x0000000008007e1e                lcd_rect
 .text.lcd_line
                0x0000000008007f70      0x642 Core/Src/lcd12864.o
                0x0000000008007f70                lcd_line
 .text.lcd_circle5x5
                0x00000000080085b2      0x172 Core/Src/lcd12864.o
                0x00000000080085b2                lcd_circle5x5
 .text.lcd_init
                0x0000000008008724       0x50 Core/Src/lcd12864.o
                0x0000000008008724                lcd_init
 .text.SCB_EnableICache
                0x0000000008008774       0x40 Core/Src/main.o
 .text.SCB_EnableDCache
                0x00000000080087b4       0x80 Core/Src/main.o
 .text.HAL_TIM_PeriodElapsedCallback
                0x0000000008008834       0x20 Core/Src/main.o
                0x0000000008008834                HAL_TIM_PeriodElapsedCallback
 .text.HAL_UART_TxCpltCallback
                0x0000000008008854       0x16 Core/Src/main.o
                0x0000000008008854                HAL_UART_TxCpltCallback
 .text.HAL_UART_ErrorCallback
                0x000000000800886a       0x16 Core/Src/main.o
                0x000000000800886a                HAL_UART_ErrorCallback
 .text.showlogo
                0x0000000008008880       0x54 Core/Src/main.o
 .text.main     0x00000000080088d4       0xbc Core/Src/main.o
                0x00000000080088d4                main
 .text.SystemClock_Config
                0x0000000008008990      0x12c Core/Src/main.o
                0x0000000008008990                SystemClock_Config
 .text.MX_CRC_Init
                0x0000000008008abc       0x7c Core/Src/main.o
 .text.MX_ADC1_Init
                0x0000000008008b38       0xa8 Core/Src/main.o
 .text.MX_TIM2_Init
                0x0000000008008be0       0xb4 Core/Src/main.o
 .text.MX_TIM7_Init
                0x0000000008008c94       0x6c Core/Src/main.o
 .text.MX_TIM10_Init
                0x0000000008008d00       0xb0 Core/Src/main.o
 .text.MX_USART1_UART_Init
                0x0000000008008db0       0x60 Core/Src/main.o
 .text.MX_USART3_UART_Init
                0x0000000008008e10       0x60 Core/Src/main.o
 .text.MX_DMA_Init
                0x0000000008008e70       0x84 Core/Src/main.o
 .text.MX_GPIO_Init
                0x0000000008008ef4      0x218 Core/Src/main.o
 .text.Error_Handler
                0x000000000800910c        0x8 Core/Src/main.o
                0x000000000800910c                Error_Handler
 .text.HAL_MspInit
                0x0000000008009114       0x50 Core/Src/stm32f7xx_hal_msp.o
                0x0000000008009114                HAL_MspInit
 .text.HAL_ADC_MspInit
                0x0000000008009164       0x4c Core/Src/stm32f7xx_hal_msp.o
                0x0000000008009164                HAL_ADC_MspInit
 .text.HAL_TIM_PWM_MspInit
                0x00000000080091b0       0x3c Core/Src/stm32f7xx_hal_msp.o
                0x00000000080091b0                HAL_TIM_PWM_MspInit
 .text.HAL_TIM_Base_MspInit
                0x00000000080091ec       0x74 Core/Src/stm32f7xx_hal_msp.o
                0x00000000080091ec                HAL_TIM_Base_MspInit
 .text.HAL_TIM_MspPostInit
                0x0000000008009260       0x94 Core/Src/stm32f7xx_hal_msp.o
                0x0000000008009260                HAL_TIM_MspPostInit
 .text.HAL_UART_MspInit
                0x00000000080092f4      0x2ac Core/Src/stm32f7xx_hal_msp.o
                0x00000000080092f4                HAL_UART_MspInit
 .text.NMI_Handler
                0x00000000080095a0        0x6 Core/Src/stm32f7xx_it.o
                0x00000000080095a0                NMI_Handler
 .text.HardFault_Handler
                0x00000000080095a6        0x6 Core/Src/stm32f7xx_it.o
                0x00000000080095a6                HardFault_Handler
 .text.MemManage_Handler
                0x00000000080095ac        0x6 Core/Src/stm32f7xx_it.o
                0x00000000080095ac                MemManage_Handler
 .text.BusFault_Handler
                0x00000000080095b2        0x6 Core/Src/stm32f7xx_it.o
                0x00000000080095b2                BusFault_Handler
 .text.UsageFault_Handler
                0x00000000080095b8        0x6 Core/Src/stm32f7xx_it.o
                0x00000000080095b8                UsageFault_Handler
 .text.DebugMon_Handler
                0x00000000080095be        0xe Core/Src/stm32f7xx_it.o
                0x00000000080095be                DebugMon_Handler
 .text.SysTick_Handler
                0x00000000080095cc       0x1a Core/Src/stm32f7xx_it.o
                0x00000000080095cc                SysTick_Handler
 *fill*         0x00000000080095e6        0x2 
 .text.DMA1_Stream1_IRQHandler
                0x00000000080095e8       0x14 Core/Src/stm32f7xx_it.o
                0x00000000080095e8                DMA1_Stream1_IRQHandler
 .text.DMA1_Stream3_IRQHandler
                0x00000000080095fc       0x14 Core/Src/stm32f7xx_it.o
                0x00000000080095fc                DMA1_Stream3_IRQHandler
 .text.ADC_IRQHandler
                0x0000000008009610       0x14 Core/Src/stm32f7xx_it.o
                0x0000000008009610                ADC_IRQHandler
 .text.USART1_IRQHandler
                0x0000000008009624       0x14 Core/Src/stm32f7xx_it.o
                0x0000000008009624                USART1_IRQHandler
 .text.USART3_IRQHandler
                0x0000000008009638       0x14 Core/Src/stm32f7xx_it.o
                0x0000000008009638                USART3_IRQHandler
 .text.TIM7_IRQHandler
                0x000000000800964c       0x14 Core/Src/stm32f7xx_it.o
                0x000000000800964c                TIM7_IRQHandler
 .text.DMA2_Stream2_IRQHandler
                0x0000000008009660       0x14 Core/Src/stm32f7xx_it.o
                0x0000000008009660                DMA2_Stream2_IRQHandler
 .text.DMA2_Stream7_IRQHandler
                0x0000000008009674       0x14 Core/Src/stm32f7xx_it.o
                0x0000000008009674                DMA2_Stream7_IRQHandler
 .text._sbrk    0x0000000008009688       0x6c Core/Src/sysmem.o
                0x0000000008009688                _sbrk
 .text.SystemInit
                0x00000000080096f4       0x2c Core/Src/system_stm32f7xx.o
                0x00000000080096f4                SystemInit
 .text.SCB_InvalidateDCache_by_Addr
                0x0000000008009720       0x54 Core/Src/xCommand.o
 .text.SCB_CleanDCache_by_Addr
                0x0000000008009774       0x54 Core/Src/xCommand.o
 .text.Msg_GetSrc
                0x00000000080097c8       0x1c Core/Src/xCommand.o
 .text.Msg_GetDest
                0x00000000080097e4       0x20 Core/Src/xCommand.o
 .text.CacheInvalidate
                0x0000000008009804       0x40 Core/Src/xCommand.o
 .text.CacheClean
                0x0000000008009844       0x40 Core/Src/xCommand.o
 .text.calculatePacketId
                0x0000000008009884       0x74 Core/Src/xCommand.o
 .text.packager
                0x00000000080098f8      0x232 Core/Src/xCommand.o
 .text.acker    0x0000000008009b2a      0x132 Core/Src/xCommand.o
 .text.xSender  0x0000000008009c5c      0x160 Core/Src/xCommand.o
                0x0000000008009c5c                xSender
 .text.parser   0x0000000008009dbc      0x2cc Core/Src/xCommand.o
 .text.lookByte
                0x000000000800a088       0x22 Core/Src/xCommand.o
 .text.countCRC8
                0x000000000800a0aa       0x5c Core/Src/xCommand.o
 .text.countCRC16
                0x000000000800a106       0x66 Core/Src/xCommand.o
 .text.Getter   0x000000000800a16c      0x1dc Core/Src/xCommand.o
 .text.xDmaTxIrqHandler
                0x000000000800a348       0xcc Core/Src/xCommand.o
                0x000000000800a348                xDmaTxIrqHandler
 .text.xDmaErIrqHandler
                0x000000000800a414       0x74 Core/Src/xCommand.o
                0x000000000800a414                xDmaErIrqHandler
 .text.xFifosInit
                0x000000000800a488       0xa0 Core/Src/xCommand.o
                0x000000000800a488                xFifosInit
 .text.xGetterInit
                0x000000000800a528       0x6c Core/Src/xCommand.o
                0x000000000800a528                xGetterInit
 .text.xGetterLoop
                0x000000000800a594      0x26c Core/Src/xCommand.o
                0x000000000800a594                xGetterLoop
 .text.xGetterTask
                0x000000000800a800       0x18 Core/Src/xCommand.o
                0x000000000800a800                xGetterTask
 .text.infoGetSize
                0x000000000800a818       0x3c Core/Src/xProFIFO.o
 .text.infoGetAvail
                0x000000000800a854       0x1e Core/Src/xProFIFO.o
 .text.infoCorrect
                0x000000000800a872       0x2e Core/Src/xProFIFO.o
 .text.infoMovePar
                0x000000000800a8a0       0x24 Core/Src/xProFIFO.o
 .text.infoIsSome
                0x000000000800a8c4       0x26 Core/Src/xProFIFO.o
 .text.protMovePar
                0x000000000800a8ea       0x3a Core/Src/xProFIFO.o
 .text.protGetSize
                0x000000000800a924       0x3c Core/Src/xProFIFO.o
                0x000000000800a924                protGetSize
 .text.protInit
                0x000000000800a960       0x54 Core/Src/xProFIFO.o
                0x000000000800a960                protInit
 .text.interPut
                0x000000000800a9b4       0x34 Core/Src/xProFIFO.o
 .text.interGet
                0x000000000800a9e8       0x34 Core/Src/xProFIFO.o
 .text.interLook
                0x000000000800aa1c       0x36 Core/Src/xProFIFO.o
 .text.interPush
                0x000000000800aa52       0x46 Core/Src/xProFIFO.o
 .text.interPull
                0x000000000800aa98       0x40 Core/Src/xProFIFO.o
 .text.interPushSequence
                0x000000000800aad8       0x64 Core/Src/xProFIFO.o
 .text.protPushSequence
                0x000000000800ab3c       0x3e Core/Src/xProFIFO.o
                0x000000000800ab3c                protPushSequence
 .text.protPush
                0x000000000800ab7a       0x3a Core/Src/xProFIFO.o
                0x000000000800ab7a                protPush
 .text.protPull
                0x000000000800abb4       0x1e Core/Src/xProFIFO.o
                0x000000000800abb4                protPull
 .text.protLook
                0x000000000800abd2       0x30 Core/Src/xProFIFO.o
                0x000000000800abd2                protLook
 .text.protMoveRead
                0x000000000800ac02       0x22 Core/Src/xProFIFO.o
                0x000000000800ac02                protMoveRead
 .text.protIsSome
                0x000000000800ac24       0x26 Core/Src/xProFIFO.o
                0x000000000800ac24                protIsSome
 *fill*         0x000000000800ac4a        0x2 
 .text.Reset_Handler
                0x000000000800ac4c       0x50 Core/Startup/startup_stm32f722retx.o
                0x000000000800ac4c                Reset_Handler
 .text.Default_Handler
                0x000000000800ac9c        0x2 Core/Startup/startup_stm32f722retx.o
                0x000000000800ac9c                RTC_Alarm_IRQHandler
                0x000000000800ac9c                EXTI2_IRQHandler
                0x000000000800ac9c                TIM8_CC_IRQHandler
                0x000000000800ac9c                UART8_IRQHandler
                0x000000000800ac9c                SPI4_IRQHandler
                0x000000000800ac9c                TIM1_CC_IRQHandler
                0x000000000800ac9c                DMA2_Stream5_IRQHandler
                0x000000000800ac9c                DMA1_Stream5_IRQHandler
                0x000000000800ac9c                PVD_IRQHandler
                0x000000000800ac9c                TAMP_STAMP_IRQHandler
                0x000000000800ac9c                EXTI3_IRQHandler
                0x000000000800ac9c                TIM8_TRG_COM_TIM14_IRQHandler
                0x000000000800ac9c                TIM1_UP_TIM10_IRQHandler
                0x000000000800ac9c                TIM8_UP_TIM13_IRQHandler
                0x000000000800ac9c                I2C3_ER_IRQHandler
                0x000000000800ac9c                EXTI0_IRQHandler
                0x000000000800ac9c                I2C2_EV_IRQHandler
                0x000000000800ac9c                DMA1_Stream2_IRQHandler
                0x000000000800ac9c                CAN1_RX0_IRQHandler
                0x000000000800ac9c                FPU_IRQHandler
                0x000000000800ac9c                OTG_HS_WKUP_IRQHandler
                0x000000000800ac9c                SPI1_IRQHandler
                0x000000000800ac9c                TIM6_DAC_IRQHandler
                0x000000000800ac9c                TIM1_BRK_TIM9_IRQHandler
                0x000000000800ac9c                DMA2_Stream3_IRQHandler
                0x000000000800ac9c                SAI2_IRQHandler
                0x000000000800ac9c                USART6_IRQHandler
                0x000000000800ac9c                CAN1_RX1_IRQHandler
                0x000000000800ac9c                UART5_IRQHandler
                0x000000000800ac9c                DMA2_Stream0_IRQHandler
                0x000000000800ac9c                TIM4_IRQHandler
                0x000000000800ac9c                QUADSPI_IRQHandler
                0x000000000800ac9c                I2C1_EV_IRQHandler
                0x000000000800ac9c                DMA1_Stream6_IRQHandler
                0x000000000800ac9c                UART4_IRQHandler
                0x000000000800ac9c                TIM3_IRQHandler
                0x000000000800ac9c                RCC_IRQHandler
                0x000000000800ac9c                TIM8_BRK_TIM12_IRQHandler
                0x000000000800ac9c                Default_Handler
                0x000000000800ac9c                EXTI15_10_IRQHandler
                0x000000000800ac9c                DMA1_Stream7_IRQHandler
                0x000000000800ac9c                SPI5_IRQHandler
                0x000000000800ac9c                SDMMC1_IRQHandler
                0x000000000800ac9c                TIM5_IRQHandler
                0x000000000800ac9c                I2C3_EV_IRQHandler
                0x000000000800ac9c                EXTI9_5_IRQHandler
                0x000000000800ac9c                RTC_WKUP_IRQHandler
                0x000000000800ac9c                SPI2_IRQHandler
                0x000000000800ac9c                OTG_HS_EP1_IN_IRQHandler
                0x000000000800ac9c                DMA1_Stream0_IRQHandler
                0x000000000800ac9c                CAN1_TX_IRQHandler
                0x000000000800ac9c                EXTI4_IRQHandler
                0x000000000800ac9c                RNG_IRQHandler
                0x000000000800ac9c                OTG_HS_EP1_OUT_IRQHandler
                0x000000000800ac9c                WWDG_IRQHandler
                0x000000000800ac9c                TIM2_IRQHandler
                0x000000000800ac9c                OTG_FS_WKUP_IRQHandler
                0x000000000800ac9c                TIM1_TRG_COM_TIM11_IRQHandler
                0x000000000800ac9c                OTG_HS_IRQHandler
                0x000000000800ac9c                EXTI1_IRQHandler
                0x000000000800ac9c                SDMMC2_IRQHandler
                0x000000000800ac9c                UART7_IRQHandler
                0x000000000800ac9c                USART2_IRQHandler
                0x000000000800ac9c                I2C2_ER_IRQHandler
                0x000000000800ac9c                DMA2_Stream1_IRQHandler
                0x000000000800ac9c                CAN1_SCE_IRQHandler
                0x000000000800ac9c                FLASH_IRQHandler
                0x000000000800ac9c                DMA2_Stream4_IRQHandler
                0x000000000800ac9c                OTG_FS_IRQHandler
                0x000000000800ac9c                SPI3_IRQHandler
                0x000000000800ac9c                DMA1_Stream4_IRQHandler
                0x000000000800ac9c                I2C1_ER_IRQHandler
                0x000000000800ac9c                FMC_IRQHandler
                0x000000000800ac9c                LPTIM1_IRQHandler
                0x000000000800ac9c                DMA2_Stream6_IRQHandler
                0x000000000800ac9c                SAI1_IRQHandler
 *fill*         0x000000000800ac9e        0x2 
 .text.HAL_InitTick
                0x000000000800aca0       0x48 Drivers/STM32F7xx_HAL_Driver/Src/stm32f7xx_hal.o
                0x000000000800aca0                HAL_InitTick
 .text.HAL_Init
                0x000000000800ace8       0x24 Drivers/STM32F7xx_HAL_Driver/Src/stm32f7xx_hal.o
                0x000000000800ace8                HAL_Init
 .text.HAL_IncTick
                0x000000000800ad0c       0x18 Drivers/STM32F7xx_HAL_Driver/Src/stm32f7xx_hal.o
                0x000000000800ad0c                HAL_IncTick
 .text.HAL_GetTick
                0x000000000800ad24        0xc Drivers/STM32F7xx_HAL_Driver/Src/stm32f7xx_hal.o
                0x000000000800ad24                HAL_GetTick
 .text.HAL_SetTickFreq
                0x000000000800ad30       0x28 Drivers/STM32F7xx_HAL_Driver/Src/stm32f7xx_hal.o
                0x000000000800ad30                HAL_SetTickFreq
 .text.HAL_ADC_Init
                0x000000000800ad58      0x14c Drivers/STM32F7xx_HAL_Driver/Src/stm32f7xx_hal_adc.o
                0x000000000800ad58                HAL_ADC_Init
 .text.HAL_ADC_ConvCpltCallback
                0x000000000800aea4        0x2 Drivers/STM32F7xx_HAL_Driver/Src/stm32f7xx_hal_adc.o
                0x000000000800aea4                HAL_ADC_ConvCpltCallback
 .text.HAL_ADC_LevelOutOfWindowCallback
                0x000000000800aea6        0x2 Drivers/STM32F7xx_HAL_Driver/Src/stm32f7xx_hal_adc.o
                0x000000000800aea6                HAL_ADC_LevelOutOfWindowCallback
 .text.HAL_ADC_ErrorCallback
                0x000000000800aea8        0x2 Drivers/STM32F7xx_HAL_Driver/Src/stm32f7xx_hal_adc.o
                0x000000000800aea8                HAL_ADC_ErrorCallback
 .text.HAL_ADC_IRQHandler
                0x000000000800aeaa      0x128 Drivers/STM32F7xx_HAL_Driver/Src/stm32f7xx_hal_adc.o
                0x000000000800aeaa                HAL_ADC_IRQHandler
 *fill*         0x000000000800afd2        0x2 
 .text.HAL_ADC_ConfigChannel
                0x000000000800afd4      0x148 Drivers/STM32F7xx_HAL_Driver/Src/stm32f7xx_hal_adc.o
                0x000000000800afd4                HAL_ADC_ConfigChannel
 .text.HAL_ADCEx_InjectedConvCpltCallback
                0x000000000800b11c        0x2 Drivers/STM32F7xx_HAL_Driver/Src/stm32f7xx_hal_adc_ex.o
                0x000000000800b11c                HAL_ADCEx_InjectedConvCpltCallback
 *fill*         0x000000000800b11e        0x2 
 .text.HAL_NVIC_SetPriorityGrouping
                0x000000000800b120       0x24 Drivers/STM32F7xx_HAL_Driver/Src/stm32f7xx_hal_cortex.o
                0x000000000800b120                HAL_NVIC_SetPriorityGrouping
 .text.HAL_NVIC_SetPriority
                0x000000000800b144       0x64 Drivers/STM32F7xx_HAL_Driver/Src/stm32f7xx_hal_cortex.o
                0x000000000800b144                HAL_NVIC_SetPriority
 .text.HAL_NVIC_EnableIRQ
                0x000000000800b1a8       0x1c Drivers/STM32F7xx_HAL_Driver/Src/stm32f7xx_hal_cortex.o
                0x000000000800b1a8                HAL_NVIC_EnableIRQ
 .text.HAL_SYSTICK_Config
                0x000000000800b1c4       0x2c Drivers/STM32F7xx_HAL_Driver/Src/stm32f7xx_hal_cortex.o
                0x000000000800b1c4                HAL_SYSTICK_Config
 .text.CRC_Handle_8
                0x000000000800b1f0       0x6a Drivers/STM32F7xx_HAL_Driver/Src/stm32f7xx_hal_crc.o
 .text.CRC_Handle_16
                0x000000000800b25a       0x2e Drivers/STM32F7xx_HAL_Driver/Src/stm32f7xx_hal_crc.o
 .text.HAL_CRC_MspInit
                0x000000000800b288        0x2 Drivers/STM32F7xx_HAL_Driver/Src/stm32f7xx_hal_crc.o
                0x000000000800b288                HAL_CRC_MspInit
 *fill*         0x000000000800b28a        0x2 
 .text.HAL_CRC_Init
                0x000000000800b28c       0x74 Drivers/STM32F7xx_HAL_Driver/Src/stm32f7xx_hal_crc.o
                0x000000000800b28c                HAL_CRC_Init
 .text.HAL_CRC_Calculate
                0x000000000800b300       0x48 Drivers/STM32F7xx_HAL_Driver/Src/stm32f7xx_hal_crc.o
                0x000000000800b300                HAL_CRC_Calculate
 .text.HAL_CRCEx_Polynomial_Set
                0x000000000800b348       0x44 Drivers/STM32F7xx_HAL_Driver/Src/stm32f7xx_hal_crc_ex.o
                0x000000000800b348                HAL_CRCEx_Polynomial_Set
 .text.DMA_CalcBaseAndBitshift
                0x000000000800b38c       0x2c Drivers/STM32F7xx_HAL_Driver/Src/stm32f7xx_hal_dma.o
 .text.HAL_DMA_Init
                0x000000000800b3b8       0xfc Drivers/STM32F7xx_HAL_Driver/Src/stm32f7xx_hal_dma.o
                0x000000000800b3b8                HAL_DMA_Init
 .text.HAL_DMA_Start_IT
                0x000000000800b4b4       0x7a Drivers/STM32F7xx_HAL_Driver/Src/stm32f7xx_hal_dma.o
                0x000000000800b4b4                HAL_DMA_Start_IT
 .text.HAL_DMA_Abort_IT
                0x000000000800b52e       0x24 Drivers/STM32F7xx_HAL_Driver/Src/stm32f7xx_hal_dma.o
                0x000000000800b52e                HAL_DMA_Abort_IT
 *fill*         0x000000000800b552        0x2 
 .text.HAL_DMA_IRQHandler
                0x000000000800b554      0x17c Drivers/STM32F7xx_HAL_Driver/Src/stm32f7xx_hal_dma.o
                0x000000000800b554                HAL_DMA_IRQHandler
 .text.HAL_GPIO_Init
                0x000000000800b6d0      0x1b8 Drivers/STM32F7xx_HAL_Driver/Src/stm32f7xx_hal_gpio.o
                0x000000000800b6d0                HAL_GPIO_Init
 .text.HAL_GPIO_WritePin
                0x000000000800b888        0xa Drivers/STM32F7xx_HAL_Driver/Src/stm32f7xx_hal_gpio.o
                0x000000000800b888                HAL_GPIO_WritePin
 *fill*         0x000000000800b892        0x2 
 .text.HAL_PWREx_EnableOverDrive
                0x000000000800b894       0x70 Drivers/STM32F7xx_HAL_Driver/Src/stm32f7xx_hal_pwr_ex.o
                0x000000000800b894                HAL_PWREx_EnableOverDrive
 .text.HAL_RCC_OscConfig
                0x000000000800b904      0x378 Drivers/STM32F7xx_HAL_Driver/Src/stm32f7xx_hal_rcc.o
                0x000000000800b904                HAL_RCC_OscConfig
 .text.HAL_RCC_GetSysClockFreq
                0x000000000800bc7c       0x5c Drivers/STM32F7xx_HAL_Driver/Src/stm32f7xx_hal_rcc.o
                0x000000000800bc7c                HAL_RCC_GetSysClockFreq
 .text.HAL_RCC_ClockConfig
                0x000000000800bcd8      0x13c Drivers/STM32F7xx_HAL_Driver/Src/stm32f7xx_hal_rcc.o
                0x000000000800bcd8                HAL_RCC_ClockConfig
 .text.HAL_RCC_GetPCLK1Freq
                0x000000000800be14       0x20 Drivers/STM32F7xx_HAL_Driver/Src/stm32f7xx_hal_rcc.o
                0x000000000800be14                HAL_RCC_GetPCLK1Freq
 .text.HAL_RCC_GetPCLK2Freq
                0x000000000800be34       0x20 Drivers/STM32F7xx_HAL_Driver/Src/stm32f7xx_hal_rcc.o
                0x000000000800be34                HAL_RCC_GetPCLK2Freq
 .text.HAL_RCCEx_PeriphCLKConfig
                0x000000000800be54      0x45c Drivers/STM32F7xx_HAL_Driver/Src/stm32f7xx_hal_rcc_ex.o
                0x000000000800be54                HAL_RCCEx_PeriphCLKConfig
 .text.TIM_OC1_SetConfig
                0x000000000800c2b0       0x68 Drivers/STM32F7xx_HAL_Driver/Src/stm32f7xx_hal_tim.o
 .text.TIM_OC3_SetConfig
                0x000000000800c318       0x70 Drivers/STM32F7xx_HAL_Driver/Src/stm32f7xx_hal_tim.o
 .text.TIM_OC4_SetConfig
                0x000000000800c388       0x50 Drivers/STM32F7xx_HAL_Driver/Src/stm32f7xx_hal_tim.o
 .text.TIM_OC5_SetConfig
                0x000000000800c3d8       0x50 Drivers/STM32F7xx_HAL_Driver/Src/stm32f7xx_hal_tim.o
 .text.TIM_OC6_SetConfig
                0x000000000800c428       0x50 Drivers/STM32F7xx_HAL_Driver/Src/stm32f7xx_hal_tim.o
 .text.HAL_TIM_Base_Start
                0x000000000800c478       0x30 Drivers/STM32F7xx_HAL_Driver/Src/stm32f7xx_hal_tim.o
                0x000000000800c478                HAL_TIM_Base_Start
 .text.HAL_TIM_Base_Start_IT
                0x000000000800c4a8       0x2c Drivers/STM32F7xx_HAL_Driver/Src/stm32f7xx_hal_tim.o
                0x000000000800c4a8                HAL_TIM_Base_Start_IT
 .text.HAL_TIM_OnePulse_MspInit
                0x000000000800c4d4        0x2 Drivers/STM32F7xx_HAL_Driver/Src/stm32f7xx_hal_tim.o
                0x000000000800c4d4                HAL_TIM_OnePulse_MspInit
 .text.HAL_TIM_OC_DelayElapsedCallback
                0x000000000800c4d6        0x2 Drivers/STM32F7xx_HAL_Driver/Src/stm32f7xx_hal_tim.o
                0x000000000800c4d6                HAL_TIM_OC_DelayElapsedCallback
 .text.HAL_TIM_IC_CaptureCallback
                0x000000000800c4d8        0x2 Drivers/STM32F7xx_HAL_Driver/Src/stm32f7xx_hal_tim.o
                0x000000000800c4d8                HAL_TIM_IC_CaptureCallback
 .text.HAL_TIM_PWM_PulseFinishedCallback
                0x000000000800c4da        0x2 Drivers/STM32F7xx_HAL_Driver/Src/stm32f7xx_hal_tim.o
                0x000000000800c4da                HAL_TIM_PWM_PulseFinishedCallback
 .text.HAL_TIM_TriggerCallback
                0x000000000800c4dc        0x2 Drivers/STM32F7xx_HAL_Driver/Src/stm32f7xx_hal_tim.o
                0x000000000800c4dc                HAL_TIM_TriggerCallback
 .text.HAL_TIM_IRQHandler
                0x000000000800c4de      0x160 Drivers/STM32F7xx_HAL_Driver/Src/stm32f7xx_hal_tim.o
                0x000000000800c4de                HAL_TIM_IRQHandler
 *fill*         0x000000000800c63e        0x2 
 .text.TIM_Base_SetConfig
                0x000000000800c640       0xcc Drivers/STM32F7xx_HAL_Driver/Src/stm32f7xx_hal_tim.o
                0x000000000800c640                TIM_Base_SetConfig
 .text.HAL_TIM_Base_Init
                0x000000000800c70c       0x34 Drivers/STM32F7xx_HAL_Driver/Src/stm32f7xx_hal_tim.o
                0x000000000800c70c                HAL_TIM_Base_Init
 .text.HAL_TIM_PWM_Init
                0x000000000800c740       0x34 Drivers/STM32F7xx_HAL_Driver/Src/stm32f7xx_hal_tim.o
                0x000000000800c740                HAL_TIM_PWM_Init
 .text.HAL_TIM_OnePulse_Init
                0x000000000800c774       0x46 Drivers/STM32F7xx_HAL_Driver/Src/stm32f7xx_hal_tim.o
                0x000000000800c774                HAL_TIM_OnePulse_Init
 *fill*         0x000000000800c7ba        0x2 
 .text.TIM_OC2_SetConfig
                0x000000000800c7bc       0x70 Drivers/STM32F7xx_HAL_Driver/Src/stm32f7xx_hal_tim.o
                0x000000000800c7bc                TIM_OC2_SetConfig
 .text.HAL_TIM_PWM_ConfigChannel
                0x000000000800c82c      0x10a Drivers/STM32F7xx_HAL_Driver/Src/stm32f7xx_hal_tim.o
                0x000000000800c82c                HAL_TIM_PWM_ConfigChannel
 .text.TIM_ETR_SetConfig
                0x000000000800c936       0x14 Drivers/STM32F7xx_HAL_Driver/Src/stm32f7xx_hal_tim.o
                0x000000000800c936                TIM_ETR_SetConfig
 *fill*         0x000000000800c94a        0x2 
 .text.HAL_TIM_ConfigClockSource
                0x000000000800c94c      0x128 Drivers/STM32F7xx_HAL_Driver/Src/stm32f7xx_hal_tim.o
                0x000000000800c94c                HAL_TIM_ConfigClockSource
 .text.TIM_CCxChannelCmd
                0x000000000800ca74       0x1c Drivers/STM32F7xx_HAL_Driver/Src/stm32f7xx_hal_tim.o
                0x000000000800ca74                TIM_CCxChannelCmd
 .text.HAL_TIM_OC_Start
                0x000000000800ca90       0x48 Drivers/STM32F7xx_HAL_Driver/Src/stm32f7xx_hal_tim.o
                0x000000000800ca90                HAL_TIM_OC_Start
 .text.HAL_TIM_PWM_Start
                0x000000000800cad8        0x4 Drivers/STM32F7xx_HAL_Driver/Src/stm32f7xx_hal_tim.o
                0x000000000800cad8                HAL_TIM_PWM_Start
 .text.HAL_TIMEx_MasterConfigSynchronization
                0x000000000800cadc       0x9c Drivers/STM32F7xx_HAL_Driver/Src/stm32f7xx_hal_tim_ex.o
                0x000000000800cadc                HAL_TIMEx_MasterConfigSynchronization
 .text.HAL_TIMEx_CommutCallback
                0x000000000800cb78        0x2 Drivers/STM32F7xx_HAL_Driver/Src/stm32f7xx_hal_tim_ex.o
                0x000000000800cb78                HAL_TIMEx_CommutCallback
 .text.HAL_TIMEx_BreakCallback
                0x000000000800cb7a        0x2 Drivers/STM32F7xx_HAL_Driver/Src/stm32f7xx_hal_tim_ex.o
                0x000000000800cb7a                HAL_TIMEx_BreakCallback
 .text.HAL_TIMEx_Break2Callback
                0x000000000800cb7c        0x2 Drivers/STM32F7xx_HAL_Driver/Src/stm32f7xx_hal_tim_ex.o
                0x000000000800cb7c                HAL_TIMEx_Break2Callback
 .text.UART_EndRxTransfer
                0x000000000800cb7e       0x1c Drivers/STM32F7xx_HAL_Driver/Src/stm32f7xx_hal_uart.o
 *fill*         0x000000000800cb9a        0x2 
 .text.HAL_UART_Transmit_DMA
                0x000000000800cb9c       0x8c Drivers/STM32F7xx_HAL_Driver/Src/stm32f7xx_hal_uart.o
                0x000000000800cb9c                HAL_UART_Transmit_DMA
 .text.HAL_UART_Receive_DMA
                0x000000000800cc28       0x90 Drivers/STM32F7xx_HAL_Driver/Src/stm32f7xx_hal_uart.o
                0x000000000800cc28                HAL_UART_Receive_DMA
 .text.UART_DMATransmitCplt
                0x000000000800ccb8       0x2e Drivers/STM32F7xx_HAL_Driver/Src/stm32f7xx_hal_uart.o
 .text.HAL_UART_TxHalfCpltCallback
                0x000000000800cce6        0x2 Drivers/STM32F7xx_HAL_Driver/Src/stm32f7xx_hal_uart.o
                0x000000000800cce6                HAL_UART_TxHalfCpltCallback
 .text.UART_DMATxHalfCplt
                0x000000000800cce8        0xa Drivers/STM32F7xx_HAL_Driver/Src/stm32f7xx_hal_uart.o
 .text.HAL_UART_RxCpltCallback
                0x000000000800ccf2        0x2 Drivers/STM32F7xx_HAL_Driver/Src/stm32f7xx_hal_uart.o
                0x000000000800ccf2                HAL_UART_RxCpltCallback
 .text.UART_DMAReceiveCplt
                0x000000000800ccf4       0x38 Drivers/STM32F7xx_HAL_Driver/Src/stm32f7xx_hal_uart.o
 .text.HAL_UART_RxHalfCpltCallback
                0x000000000800cd2c        0x2 Drivers/STM32F7xx_HAL_Driver/Src/stm32f7xx_hal_uart.o
                0x000000000800cd2c                HAL_UART_RxHalfCpltCallback
 .text.UART_DMARxHalfCplt
                0x000000000800cd2e        0xa Drivers/STM32F7xx_HAL_Driver/Src/stm32f7xx_hal_uart.o
 .text.UART_DMAError
                0x000000000800cd38       0x4c Drivers/STM32F7xx_HAL_Driver/Src/stm32f7xx_hal_uart.o
 .text.HAL_UART_IRQHandler
                0x000000000800cd84      0x12c Drivers/STM32F7xx_HAL_Driver/Src/stm32f7xx_hal_uart.o
                0x000000000800cd84                HAL_UART_IRQHandler
 .text.UART_DMAAbortOnError
                0x000000000800ceb0       0x14 Drivers/STM32F7xx_HAL_Driver/Src/stm32f7xx_hal_uart.o
 .text.UART_SetConfig
                0x000000000800cec4      0x2b0 Drivers/STM32F7xx_HAL_Driver/Src/stm32f7xx_hal_uart.o
                0x000000000800cec4                UART_SetConfig
 .text.UART_AdvFeatureConfig
                0x000000000800d174       0xaa Drivers/STM32F7xx_HAL_Driver/Src/stm32f7xx_hal_uart.o
                0x000000000800d174                UART_AdvFeatureConfig
 .text.UART_WaitOnFlagUntilTimeout
                0x000000000800d21e       0x84 Drivers/STM32F7xx_HAL_Driver/Src/stm32f7xx_hal_uart.o
                0x000000000800d21e                UART_WaitOnFlagUntilTimeout
 .text.UART_CheckIdleState
                0x000000000800d2a2       0x40 Drivers/STM32F7xx_HAL_Driver/Src/stm32f7xx_hal_uart.o
                0x000000000800d2a2                UART_CheckIdleState
 .text.HAL_UART_Init
                0x000000000800d2e2       0x5c Drivers/STM32F7xx_HAL_Driver/Src/stm32f7xx_hal_uart.o
                0x000000000800d2e2                HAL_UART_Init
 *fill*         0x000000000800d33e        0x2 
 .text.osKernelInitialize
                0x000000000800d340       0x34 Middlewares/Third_Party/FreeRTOS/Source/CMSIS_RTOS_V2/cmsis_os2.o
                0x000000000800d340                osKernelInitialize
 .text.osKernelStart
                0x000000000800d374       0x40 Middlewares/Third_Party/FreeRTOS/Source/CMSIS_RTOS_V2/cmsis_os2.o
                0x000000000800d374                osKernelStart
 .text.osThreadNew
                0x000000000800d3b4       0xb0 Middlewares/Third_Party/FreeRTOS/Source/CMSIS_RTOS_V2/cmsis_os2.o
                0x000000000800d3b4                osThreadNew
 .text.osDelay  0x000000000800d464       0x34 Middlewares/Third_Party/FreeRTOS/Source/CMSIS_RTOS_V2/cmsis_os2.o
                0x000000000800d464                osDelay
 .text.osMutexNew
                0x000000000800d498       0x84 Middlewares/Third_Party/FreeRTOS/Source/CMSIS_RTOS_V2/cmsis_os2.o
                0x000000000800d498                osMutexNew
 .text.osMutexAcquire
                0x000000000800d51c       0x60 Middlewares/Third_Party/FreeRTOS/Source/CMSIS_RTOS_V2/cmsis_os2.o
                0x000000000800d51c                osMutexAcquire
 .text.osMutexRelease
                0x000000000800d57c       0x54 Middlewares/Third_Party/FreeRTOS/Source/CMSIS_RTOS_V2/cmsis_os2.o
                0x000000000800d57c                osMutexRelease
 .text.vApplicationGetIdleTaskMemory
                0x000000000800d5d0       0x18 Middlewares/Third_Party/FreeRTOS/Source/CMSIS_RTOS_V2/cmsis_os2.o
                0x000000000800d5d0                vApplicationGetIdleTaskMemory
 .text.vApplicationGetTimerTaskMemory
                0x000000000800d5e8       0x18 Middlewares/Third_Party/FreeRTOS/Source/CMSIS_RTOS_V2/cmsis_os2.o
                0x000000000800d5e8                vApplicationGetTimerTaskMemory
 .text.vListInitialise
                0x000000000800d600       0x16 Middlewares/Third_Party/FreeRTOS/Source/list.o
                0x000000000800d600                vListInitialise
 .text.vListInitialiseItem
                0x000000000800d616        0x6 Middlewares/Third_Party/FreeRTOS/Source/list.o
                0x000000000800d616                vListInitialiseItem
 .text.vListInsertEnd
                0x000000000800d61c       0x18 Middlewares/Third_Party/FreeRTOS/Source/list.o
                0x000000000800d61c                vListInsertEnd
 .text.vListInsert
                0x000000000800d634       0x2e Middlewares/Third_Party/FreeRTOS/Source/list.o
                0x000000000800d634                vListInsert
 .text.uxListRemove
                0x000000000800d662       0x22 Middlewares/Third_Party/FreeRTOS/Source/list.o
                0x000000000800d662                uxListRemove
 .text.prvIsQueueEmpty
                0x000000000800d684       0x16 Middlewares/Third_Party/FreeRTOS/Source/queue.o
 .text.prvCopyDataToQueue
                0x000000000800d69a       0x66 Middlewares/Third_Party/FreeRTOS/Source/queue.o
 .text.prvCopyDataFromQueue
                0x000000000800d700       0x2a Middlewares/Third_Party/FreeRTOS/Source/queue.o
 .text.prvUnlockQueue
                0x000000000800d72a       0x70 Middlewares/Third_Party/FreeRTOS/Source/queue.o
 *fill*         0x000000000800d79a        0x2 
 .text.xQueueGenericReset
                0x000000000800d79c       0x84 Middlewares/Third_Party/FreeRTOS/Source/queue.o
                0x000000000800d79c                xQueueGenericReset
 .text.xQueueGenericCreateStatic
                0x000000000800d820       0xb0 Middlewares/Third_Party/FreeRTOS/Source/queue.o
                0x000000000800d820                xQueueGenericCreateStatic
 .text.xQueueGenericCreate
                0x000000000800d8d0       0x52 Middlewares/Third_Party/FreeRTOS/Source/queue.o
                0x000000000800d8d0                xQueueGenericCreate
 *fill*         0x000000000800d922        0x2 
 .text.xQueueGenericSend
                0x000000000800d924      0x174 Middlewares/Third_Party/FreeRTOS/Source/queue.o
                0x000000000800d924                xQueueGenericSend
 .text.xQueueCreateMutexStatic
                0x000000000800da98       0x2a Middlewares/Third_Party/FreeRTOS/Source/queue.o
                0x000000000800da98                xQueueCreateMutexStatic
 .text.xQueueGiveMutexRecursive
                0x000000000800dac2       0x40 Middlewares/Third_Party/FreeRTOS/Source/queue.o
                0x000000000800dac2                xQueueGiveMutexRecursive
 .text.xQueueCreateMutex
                0x000000000800db02       0x24 Middlewares/Third_Party/FreeRTOS/Source/queue.o
                0x000000000800db02                xQueueCreateMutex
 .text.xQueueGenericSendFromISR
                0x000000000800db26       0xd2 Middlewares/Third_Party/FreeRTOS/Source/queue.o
                0x000000000800db26                xQueueGenericSendFromISR
 .text.xQueueReceive
                0x000000000800dbf8      0x14c Middlewares/Third_Party/FreeRTOS/Source/queue.o
                0x000000000800dbf8                xQueueReceive
 .text.xQueueSemaphoreTake
                0x000000000800dd44      0x194 Middlewares/Third_Party/FreeRTOS/Source/queue.o
                0x000000000800dd44                xQueueSemaphoreTake
 .text.xQueueTakeMutexRecursive
                0x000000000800ded8       0x46 Middlewares/Third_Party/FreeRTOS/Source/queue.o
                0x000000000800ded8                xQueueTakeMutexRecursive
 *fill*         0x000000000800df1e        0x2 
 .text.vQueueAddToRegistry
                0x000000000800df20       0x24 Middlewares/Third_Party/FreeRTOS/Source/queue.o
                0x000000000800df20                vQueueAddToRegistry
 .text.vQueueWaitForMessageRestricted
                0x000000000800df44       0x46 Middlewares/Third_Party/FreeRTOS/Source/queue.o
                0x000000000800df44                vQueueWaitForMessageRestricted
 *fill*         0x000000000800df8a        0x2 
 .text.prvAddNewTaskToReadyList
                0x000000000800df8c       0xfc Middlewares/Third_Party/FreeRTOS/Source/tasks.o
 .text.prvDeleteTCB
                0x000000000800e088       0x3a Middlewares/Third_Party/FreeRTOS/Source/tasks.o
 *fill*         0x000000000800e0c2        0x2 
 .text.prvIdleTask
                0x000000000800e0c4       0x64 Middlewares/Third_Party/FreeRTOS/Source/tasks.o
 .text.prvResetNextTaskUnblockTime
                0x000000000800e128       0x24 Middlewares/Third_Party/FreeRTOS/Source/tasks.o
 .text.prvInitialiseNewTask.isra.2
                0x000000000800e14c       0x98 Middlewares/Third_Party/FreeRTOS/Source/tasks.o
 .text.prvAddCurrentTaskToDelayedList
                0x000000000800e1e4       0x74 Middlewares/Third_Party/FreeRTOS/Source/tasks.o
 .text.xTaskCreateStatic
                0x000000000800e258       0x7c Middlewares/Third_Party/FreeRTOS/Source/tasks.o
                0x000000000800e258                xTaskCreateStatic
 .text.xTaskCreate
                0x000000000800e2d4       0x5a Middlewares/Third_Party/FreeRTOS/Source/tasks.o
                0x000000000800e2d4                xTaskCreate
 *fill*         0x000000000800e32e        0x2 
 .text.vTaskStartScheduler
                0x000000000800e330       0x90 Middlewares/Third_Party/FreeRTOS/Source/tasks.o
                0x000000000800e330                vTaskStartScheduler
 .text.vTaskSuspendAll
                0x000000000800e3c0       0x10 Middlewares/Third_Party/FreeRTOS/Source/tasks.o
                0x000000000800e3c0                vTaskSuspendAll
 .text.xTaskGetTickCount
                0x000000000800e3d0        0xc Middlewares/Third_Party/FreeRTOS/Source/tasks.o
                0x000000000800e3d0                xTaskGetTickCount
 .text.xTaskIncrementTick
                0x000000000800e3dc      0x124 Middlewares/Third_Party/FreeRTOS/Source/tasks.o
                0x000000000800e3dc                xTaskIncrementTick
 .text.xTaskResumeAll
                0x000000000800e500       0xec Middlewares/Third_Party/FreeRTOS/Source/tasks.o
                0x000000000800e500                xTaskResumeAll
 .text.vTaskDelay
                0x000000000800e5ec       0x4c Middlewares/Third_Party/FreeRTOS/Source/tasks.o
                0x000000000800e5ec                vTaskDelay
 .text.vTaskSwitchContext
                0x000000000800e638       0xa4 Middlewares/Third_Party/FreeRTOS/Source/tasks.o
                0x000000000800e638                vTaskSwitchContext
 .text.vTaskPlaceOnEventList
                0x000000000800e6dc       0x38 Middlewares/Third_Party/FreeRTOS/Source/tasks.o
                0x000000000800e6dc                vTaskPlaceOnEventList
 .text.vTaskPlaceOnEventListRestricted
                0x000000000800e714       0x40 Middlewares/Third_Party/FreeRTOS/Source/tasks.o
                0x000000000800e714                vTaskPlaceOnEventListRestricted
 .text.xTaskRemoveFromEventList
                0x000000000800e754       0x88 Middlewares/Third_Party/FreeRTOS/Source/tasks.o
                0x000000000800e754                xTaskRemoveFromEventList
 .text.vTaskInternalSetTimeOutState
                0x000000000800e7dc       0x18 Middlewares/Third_Party/FreeRTOS/Source/tasks.o
                0x000000000800e7dc                vTaskInternalSetTimeOutState
 .text.xTaskCheckForTimeOut
                0x000000000800e7f4       0x80 Middlewares/Third_Party/FreeRTOS/Source/tasks.o
                0x000000000800e7f4                xTaskCheckForTimeOut
 .text.vTaskMissedYield
                0x000000000800e874        0xc Middlewares/Third_Party/FreeRTOS/Source/tasks.o
                0x000000000800e874                vTaskMissedYield
 .text.xTaskGetCurrentTaskHandle
                0x000000000800e880        0xc Middlewares/Third_Party/FreeRTOS/Source/tasks.o
                0x000000000800e880                xTaskGetCurrentTaskHandle
 .text.xTaskGetSchedulerState
                0x000000000800e88c       0x20 Middlewares/Third_Party/FreeRTOS/Source/tasks.o
                0x000000000800e88c                xTaskGetSchedulerState
 .text.xTaskPriorityInherit
                0x000000000800e8ac       0x80 Middlewares/Third_Party/FreeRTOS/Source/tasks.o
                0x000000000800e8ac                xTaskPriorityInherit
 .text.xTaskPriorityDisinherit
                0x000000000800e92c       0x8c Middlewares/Third_Party/FreeRTOS/Source/tasks.o
                0x000000000800e92c                xTaskPriorityDisinherit
 .text.vTaskPriorityDisinheritAfterTimeout
                0x000000000800e9b8       0xa4 Middlewares/Third_Party/FreeRTOS/Source/tasks.o
                0x000000000800e9b8                vTaskPriorityDisinheritAfterTimeout
 .text.pvTaskIncrementMutexHeldCount
                0x000000000800ea5c       0x18 Middlewares/Third_Party/FreeRTOS/Source/tasks.o
                0x000000000800ea5c                pvTaskIncrementMutexHeldCount
 .text.prvCheckForValidListAndQueue
                0x000000000800ea74       0x68 Middlewares/Third_Party/FreeRTOS/Source/timers.o
 .text.prvInsertTimerInActiveList
                0x000000000800eadc       0x3c Middlewares/Third_Party/FreeRTOS/Source/timers.o
 .text.xTimerCreateTimerTask
                0x000000000800eb18       0x68 Middlewares/Third_Party/FreeRTOS/Source/timers.o
                0x000000000800eb18                xTimerCreateTimerTask
 .text.xTimerGenericCommand
                0x000000000800eb80       0x5c Middlewares/Third_Party/FreeRTOS/Source/timers.o
                0x000000000800eb80                xTimerGenericCommand
 .text.prvSwitchTimerLists
                0x000000000800ebdc       0x84 Middlewares/Third_Party/FreeRTOS/Source/timers.o
 .text.prvTimerTask
                0x000000000800ec60      0x22c Middlewares/Third_Party/FreeRTOS/Source/timers.o
 .text.prvTaskExitError
                0x000000000800ee8c       0x48 Middlewares/Third_Party/FreeRTOS/Source/portable/GCC/ARM_CM7/r0p1/port.o
 .text.unlikely.prvPortStartFirstTask
                0x000000000800eed4       0x28 Middlewares/Third_Party/FreeRTOS/Source/portable/GCC/ARM_CM7/r0p1/port.o
 .text.unlikely.vPortEnableVFP
                0x000000000800eefc       0x14 Middlewares/Third_Party/FreeRTOS/Source/portable/GCC/ARM_CM7/r0p1/port.o
 .text.pxPortInitialiseStack
                0x000000000800ef10       0x24 Middlewares/Third_Party/FreeRTOS/Source/portable/GCC/ARM_CM7/r0p1/port.o
                0x000000000800ef10                pxPortInitialiseStack
 *fill*         0x000000000800ef34        0xc 
 .text.SVC_Handler
                0x000000000800ef40       0x24 Middlewares/Third_Party/FreeRTOS/Source/portable/GCC/ARM_CM7/r0p1/port.o
                0x000000000800ef40                SVC_Handler
 .text.vPortEnterCritical
                0x000000000800ef64       0x4c Middlewares/Third_Party/FreeRTOS/Source/portable/GCC/ARM_CM7/r0p1/port.o
                0x000000000800ef64                vPortEnterCritical
 .text.vPortExitCritical
                0x000000000800efb0       0x2c Middlewares/Third_Party/FreeRTOS/Source/portable/GCC/ARM_CM7/r0p1/port.o
                0x000000000800efb0                vPortExitCritical
 *fill*         0x000000000800efdc        0x4 
 .text.PendSV_Handler
                0x000000000800efe0       0x64 Middlewares/Third_Party/FreeRTOS/Source/portable/GCC/ARM_CM7/r0p1/port.o
                0x000000000800efe0                PendSV_Handler
 .text.xPortSysTickHandler
                0x000000000800f044       0x30 Middlewares/Third_Party/FreeRTOS/Source/portable/GCC/ARM_CM7/r0p1/port.o
                0x000000000800f044                xPortSysTickHandler
 .text.vPortSetupTimerInterrupt
                0x000000000800f074       0x34 Middlewares/Third_Party/FreeRTOS/Source/portable/GCC/ARM_CM7/r0p1/port.o
                0x000000000800f074                vPortSetupTimerInterrupt
 .text.xPortStartScheduler
                0x000000000800f0a8       0xcc Middlewares/Third_Party/FreeRTOS/Source/portable/GCC/ARM_CM7/r0p1/port.o
                0x000000000800f0a8                xPortStartScheduler
 .text.vPortValidateInterruptPriority
                0x000000000800f174       0x64 Middlewares/Third_Party/FreeRTOS/Source/portable/GCC/ARM_CM7/r0p1/port.o
                0x000000000800f174                vPortValidateInterruptPriority
 .text.unlikely.prvInsertBlockIntoFreeList
                0x000000000800f1d8       0x48 Middlewares/Third_Party/FreeRTOS/Source/portable/MemMang/heap_4.o
 .text.pvPortMalloc
                0x000000000800f220      0x120 Middlewares/Third_Party/FreeRTOS/Source/portable/MemMang/heap_4.o
                0x000000000800f220                pvPortMalloc
 .text.vPortFree
                0x000000000800f340       0x78 Middlewares/Third_Party/FreeRTOS/Source/portable/MemMang/heap_4.o
                0x000000000800f340                vPortFree
 .text.font_setCR
                0x000000000800f3b8       0x20 RREFont/RREFont.o
                0x000000000800f3b8                font_setCR
 .text.font_getHeight
                0x000000000800f3d8       0x24 RREFont/RREFont.o
                0x000000000800f3d8                font_getHeight
 .text.font_init
                0x000000000800f3fc       0x90 RREFont/RREFont.o
                0x000000000800f3fc                font_init
 .text.font_setFont
                0x000000000800f48c       0x48 RREFont/RREFont.o
                0x000000000800f48c                font_setFont
 .text.font_charWidthOptim
                0x000000000800f4d4      0x20c RREFont/RREFont.o
                0x000000000800f4d4                font_charWidthOptim
 .text.font_charWidth
                0x000000000800f6e0       0xdc RREFont/RREFont.o
                0x000000000800f6e0                font_charWidth
 .text.font_drawChar
                0x000000000800f7bc     0x10dc RREFont/RREFont.o
                0x000000000800f7bc                font_drawChar
 .text.font_strWidth
                0x0000000008010898       0x36 RREFont/RREFont.o
                0x0000000008010898                font_strWidth
 *fill*         0x00000000080108ce        0x2 
 .text.font_printf
                0x00000000080108d0       0x40 RREFont/RREFont.o
                0x00000000080108d0                font_printf
 .text.font_printStr
                0x0000000008010910       0xdc RREFont/RREFont.o
                0x0000000008010910                font_printStr
 .text.font_isNumber
                0x00000000080109ec       0x34 RREFont/RREFont.o
                0x00000000080109ec                font_isNumber
 .text.__errno  0x0000000008010a20        0xc c:/st/stm32cubeide_1.3.0/stm32cubeide/plugins/com.st.stm32cube.ide.mcu.externaltools.gnu-tools-for-stm32.7-2018-q2-update.win32_1.5.0.202011040924/tools/bin/../lib/gcc/arm-none-eabi/7.3.1/../../../../arm-none-eabi/lib/thumb/v7e-m/fpv4-sp/hard\libc_nano.a(lib_a-errno.o)
                0x0000000008010a20                __errno
 .text.__libc_init_array
                0x0000000008010a2c       0x48 c:/st/stm32cubeide_1.3.0/stm32cubeide/plugins/com.st.stm32cube.ide.mcu.externaltools.gnu-tools-for-stm32.7-2018-q2-update.win32_1.5.0.202011040924/tools/bin/../lib/gcc/arm-none-eabi/7.3.1/../../../../arm-none-eabi/lib/thumb/v7e-m/fpv4-sp/hard\libc_nano.a(lib_a-init.o)
                0x0000000008010a2c                __libc_init_array
 .text.memcpy   0x0000000008010a74       0x16 c:/st/stm32cubeide_1.3.0/stm32cubeide/plugins/com.st.stm32cube.ide.mcu.externaltools.gnu-tools-for-stm32.7-2018-q2-update.win32_1.5.0.202011040924/tools/bin/../lib/gcc/arm-none-eabi/7.3.1/../../../../arm-none-eabi/lib/thumb/v7e-m/fpv4-sp/hard\libc_nano.a(lib_a-memcpy-stub.o)
                0x0000000008010a74                memcpy
 .text.memset   0x0000000008010a8a       0x10 c:/st/stm32cubeide_1.3.0/stm32cubeide/plugins/com.st.stm32cube.ide.mcu.externaltools.gnu-tools-for-stm32.7-2018-q2-update.win32_1.5.0.202011040924/tools/bin/../lib/gcc/arm-none-eabi/7.3.1/../../../../arm-none-eabi/lib/thumb/v7e-m/fpv4-sp/hard\libc_nano.a(lib_a-memset.o)
                0x0000000008010a8a                memset
 .text.__cvt    0x0000000008010a9a       0xc2 c:/st/stm32cubeide_1.3.0/stm32cubeide/plugins/com.st.stm32cube.ide.mcu.externaltools.gnu-tools-for-stm32.7-2018-q2-update.win32_1.5.0.202011040924/tools/bin/../lib/gcc/arm-none-eabi/7.3.1/../../../../arm-none-eabi/lib/thumb/v7e-m/fpv4-sp/hard\libc_nano.a(lib_a-nano-vfprintf_float.o)
                0x0000000008010a9a                __cvt
 .text.__exponent
                0x0000000008010b5c       0x66 c:/st/stm32cubeide_1.3.0/stm32cubeide/plugins/com.st.stm32cube.ide.mcu.externaltools.gnu-tools-for-stm32.7-2018-q2-update.win32_1.5.0.202011040924/tools/bin/../lib/gcc/arm-none-eabi/7.3.1/../../../../arm-none-eabi/lib/thumb/v7e-m/fpv4-sp/hard\libc_nano.a(lib_a-nano-vfprintf_float.o)
                0x0000000008010b5c                __exponent
 *fill*         0x0000000008010bc2        0x2 
 .text._printf_float
                0x0000000008010bc4      0x480 c:/st/stm32cubeide_1.3.0/stm32cubeide/plugins/com.st.stm32cube.ide.mcu.externaltools.gnu-tools-for-stm32.7-2018-q2-update.win32_1.5.0.202011040924/tools/bin/../lib/gcc/arm-none-eabi/7.3.1/../../../../arm-none-eabi/lib/thumb/v7e-m/fpv4-sp/hard\libc_nano.a(lib_a-nano-vfprintf_float.o)
                0x0000000008010bc4                _printf_float
 .text._printf_common
                0x0000000008011044       0xea c:/st/stm32cubeide_1.3.0/stm32cubeide/plugins/com.st.stm32cube.ide.mcu.externaltools.gnu-tools-for-stm32.7-2018-q2-update.win32_1.5.0.202011040924/tools/bin/../lib/gcc/arm-none-eabi/7.3.1/../../../../arm-none-eabi/lib/thumb/v7e-m/fpv4-sp/hard\libc_nano.a(lib_a-nano-vfprintf_i.o)
                0x0000000008011044                _printf_common
 *fill*         0x000000000801112e        0x2 
 .text._printf_i
                0x0000000008011130      0x224 c:/st/stm32cubeide_1.3.0/stm32cubeide/plugins/com.st.stm32cube.ide.mcu.externaltools.gnu-tools-for-stm32.7-2018-q2-update.win32_1.5.0.202011040924/tools/bin/../lib/gcc/arm-none-eabi/7.3.1/../../../../arm-none-eabi/lib/thumb/v7e-m/fpv4-sp/hard\libc_nano.a(lib_a-nano-vfprintf_i.o)
                0x0000000008011130                _printf_i
 .text._scanf_float
                0x0000000008011354      0x3c4 c:/st/stm32cubeide_1.3.0/stm32cubeide/plugins/com.st.stm32cube.ide.mcu.externaltools.gnu-tools-for-stm32.7-2018-q2-update.win32_1.5.0.202011040924/tools/bin/../lib/gcc/arm-none-eabi/7.3.1/../../../../arm-none-eabi/lib/thumb/v7e-m/fpv4-sp/hard\libc_nano.a(lib_a-nano-vfscanf_float.o)
                0x0000000008011354                _scanf_float
 .text.nanf     0x0000000008011718        0xc c:/st/stm32cubeide_1.3.0/stm32cubeide/plugins/com.st.stm32cube.ide.mcu.externaltools.gnu-tools-for-stm32.7-2018-q2-update.win32_1.5.0.202011040924/tools/bin/../lib/gcc/arm-none-eabi/7.3.1/../../../../arm-none-eabi/lib/thumb/v7e-m/fpv4-sp/hard\libc_nano.a(lib_a-sf_nan.o)
                0x0000000008011718                nanf
 .text.sprintf  0x0000000008011724       0x40 c:/st/stm32cubeide_1.3.0/stm32cubeide/plugins/com.st.stm32cube.ide.mcu.externaltools.gnu-tools-for-stm32.7-2018-q2-update.win32_1.5.0.202011040924/tools/bin/../lib/gcc/arm-none-eabi/7.3.1/../../../../arm-none-eabi/lib/thumb/v7e-m/fpv4-sp/hard\libc_nano.a(lib_a-sprintf.o)
                0x0000000008011724                siprintf
                0x0000000008011724                sprintf
 .text.strcpy   0x0000000008011764       0x10 c:/st/stm32cubeide_1.3.0/stm32cubeide/plugins/com.st.stm32cube.ide.mcu.externaltools.gnu-tools-for-stm32.7-2018-q2-update.win32_1.5.0.202011040924/tools/bin/../lib/gcc/arm-none-eabi/7.3.1/../../../../arm-none-eabi/lib/thumb/v7e-m/fpv4-sp/hard\libc_nano.a(lib_a-strcpy.o)
                0x0000000008011764                strcpy
 .text.unlikely.sulp
                0x0000000008011774       0x38 c:/st/stm32cubeide_1.3.0/stm32cubeide/plugins/com.st.stm32cube.ide.mcu.externaltools.gnu-tools-for-stm32.7-2018-q2-update.win32_1.5.0.202011040924/tools/bin/../lib/gcc/arm-none-eabi/7.3.1/../../../../arm-none-eabi/lib/thumb/v7e-m/fpv4-sp/hard\libc_nano.a(lib_a-strtod.o)
 *fill*         0x00000000080117ac        0x4 
 .text._strtod_l
                0x00000000080117b0      0xbe8 c:/st/stm32cubeide_1.3.0/stm32cubeide/plugins/com.st.stm32cube.ide.mcu.externaltools.gnu-tools-for-stm32.7-2018-q2-update.win32_1.5.0.202011040924/tools/bin/../lib/gcc/arm-none-eabi/7.3.1/../../../../arm-none-eabi/lib/thumb/v7e-m/fpv4-sp/hard\libc_nano.a(lib_a-strtod.o)
                0x00000000080117b0                _strtod_l
 .text._strtod_r
                0x0000000008012398       0x20 c:/st/stm32cubeide_1.3.0/stm32cubeide/plugins/com.st.stm32cube.ide.mcu.externaltools.gnu-tools-for-stm32.7-2018-q2-update.win32_1.5.0.202011040924/tools/bin/../lib/gcc/arm-none-eabi/7.3.1/../../../../arm-none-eabi/lib/thumb/v7e-m/fpv4-sp/hard\libc_nano.a(lib_a-strtod.o)
                0x0000000008012398                _strtod_r
 .text._strtol_l.isra.0
                0x00000000080123b8       0xf6 c:/st/stm32cubeide_1.3.0/stm32cubeide/plugins/com.st.stm32cube.ide.mcu.externaltools.gnu-tools-for-stm32.7-2018-q2-update.win32_1.5.0.202011040924/tools/bin/../lib/gcc/arm-none-eabi/7.3.1/../../../../arm-none-eabi/lib/thumb/v7e-m/fpv4-sp/hard\libc_nano.a(lib_a-strtol.o)
 *fill*         0x00000000080124ae        0x2 
 .text._strtol_r
                0x00000000080124b0       0x24 c:/st/stm32cubeide_1.3.0/stm32cubeide/plugins/com.st.stm32cube.ide.mcu.externaltools.gnu-tools-for-stm32.7-2018-q2-update.win32_1.5.0.202011040924/tools/bin/../lib/gcc/arm-none-eabi/7.3.1/../../../../arm-none-eabi/lib/thumb/v7e-m/fpv4-sp/hard\libc_nano.a(lib_a-strtol.o)
                0x00000000080124b0                _strtol_r
 .text._vsnprintf_r
                0x00000000080124d4       0x58 c:/st/stm32cubeide_1.3.0/stm32cubeide/plugins/com.st.stm32cube.ide.mcu.externaltools.gnu-tools-for-stm32.7-2018-q2-update.win32_1.5.0.202011040924/tools/bin/../lib/gcc/arm-none-eabi/7.3.1/../../../../arm-none-eabi/lib/thumb/v7e-m/fpv4-sp/hard\libc_nano.a(lib_a-vsnprintf.o)
                0x00000000080124d4                _vsniprintf_r
                0x00000000080124d4                _vsnprintf_r
 .text.vsnprintf
                0x000000000801252c       0x1c c:/st/stm32cubeide_1.3.0/stm32cubeide/plugins/com.st.stm32cube.ide.mcu.externaltools.gnu-tools-for-stm32.7-2018-q2-update.win32_1.5.0.202011040924/tools/bin/../lib/gcc/arm-none-eabi/7.3.1/../../../../arm-none-eabi/lib/thumb/v7e-m/fpv4-sp/hard\libc_nano.a(lib_a-vsnprintf.o)
                0x000000000801252c                vsniprintf
                0x000000000801252c                vsnprintf
 .text.quorem   0x0000000008012548      0x118 c:/st/stm32cubeide_1.3.0/stm32cubeide/plugins/com.st.stm32cube.ide.mcu.externaltools.gnu-tools-for-stm32.7-2018-q2-update.win32_1.5.0.202011040924/tools/bin/../lib/gcc/arm-none-eabi/7.3.1/../../../../arm-none-eabi/lib/thumb/v7e-m/fpv4-sp/hard\libc_nano.a(lib_a-dtoa.o)
 .text._dtoa_r  0x0000000008012660      0xb70 c:/st/stm32cubeide_1.3.0/stm32cubeide/plugins/com.st.stm32cube.ide.mcu.externaltools.gnu-tools-for-stm32.7-2018-q2-update.win32_1.5.0.202011040924/tools/bin/../lib/gcc/arm-none-eabi/7.3.1/../../../../arm-none-eabi/lib/thumb/v7e-m/fpv4-sp/hard\libc_nano.a(lib_a-dtoa.o)
                0x0000000008012660                _dtoa_r
 .text.rshift   0x00000000080131d0       0x74 c:/st/stm32cubeide_1.3.0/stm32cubeide/plugins/com.st.stm32cube.ide.mcu.externaltools.gnu-tools-for-stm32.7-2018-q2-update.win32_1.5.0.202011040924/tools/bin/../lib/gcc/arm-none-eabi/7.3.1/../../../../arm-none-eabi/lib/thumb/v7e-m/fpv4-sp/hard\libc_nano.a(lib_a-gdtoa-gethex.o)
 .text.__hexdig_fun
                0x0000000008013244       0x2a c:/st/stm32cubeide_1.3.0/stm32cubeide/plugins/com.st.stm32cube.ide.mcu.externaltools.gnu-tools-for-stm32.7-2018-q2-update.win32_1.5.0.202011040924/tools/bin/../lib/gcc/arm-none-eabi/7.3.1/../../../../arm-none-eabi/lib/thumb/v7e-m/fpv4-sp/hard\libc_nano.a(lib_a-gdtoa-gethex.o)
                0x0000000008013244                __hexdig_fun
 .text.__gethex
                0x000000000801326e      0x442 c:/st/stm32cubeide_1.3.0/stm32cubeide/plugins/com.st.stm32cube.ide.mcu.externaltools.gnu-tools-for-stm32.7-2018-q2-update.win32_1.5.0.202011040924/tools/bin/../lib/gcc/arm-none-eabi/7.3.1/../../../../arm-none-eabi/lib/thumb/v7e-m/fpv4-sp/hard\libc_nano.a(lib_a-gdtoa-gethex.o)
                0x000000000801326e                __gethex
 .text.L_shift  0x00000000080136b0       0x24 c:/st/stm32cubeide_1.3.0/stm32cubeide/plugins/com.st.stm32cube.ide.mcu.externaltools.gnu-tools-for-stm32.7-2018-q2-update.win32_1.5.0.202011040924/tools/bin/../lib/gcc/arm-none-eabi/7.3.1/../../../../arm-none-eabi/lib/thumb/v7e-m/fpv4-sp/hard\libc_nano.a(lib_a-gdtoa-hexnan.o)
 .text.__match  0x00000000080136d4       0x28 c:/st/stm32cubeide_1.3.0/stm32cubeide/plugins/com.st.stm32cube.ide.mcu.externaltools.gnu-tools-for-stm32.7-2018-q2-update.win32_1.5.0.202011040924/tools/bin/../lib/gcc/arm-none-eabi/7.3.1/../../../../arm-none-eabi/lib/thumb/v7e-m/fpv4-sp/hard\libc_nano.a(lib_a-gdtoa-hexnan.o)
                0x00000000080136d4                __match
 .text.__hexnan
                0x00000000080136fc      0x120 c:/st/stm32cubeide_1.3.0/stm32cubeide/plugins/com.st.stm32cube.ide.mcu.externaltools.gnu-tools-for-stm32.7-2018-q2-update.win32_1.5.0.202011040924/tools/bin/../lib/gcc/arm-none-eabi/7.3.1/../../../../arm-none-eabi/lib/thumb/v7e-m/fpv4-sp/hard\libc_nano.a(lib_a-gdtoa-hexnan.o)
                0x00000000080136fc                __hexnan
 .text.__locale_ctype_ptr_l
                0x000000000801381c        0x6 c:/st/stm32cubeide_1.3.0/stm32cubeide/plugins/com.st.stm32cube.ide.mcu.externaltools.gnu-tools-for-stm32.7-2018-q2-update.win32_1.5.0.202011040924/tools/bin/../lib/gcc/arm-none-eabi/7.3.1/../../../../arm-none-eabi/lib/thumb/v7e-m/fpv4-sp/hard\libc_nano.a(lib_a-locale.o)
                0x000000000801381c                __locale_ctype_ptr_l
 .text.__localeconv_l
                0x0000000008013822        0x4 c:/st/stm32cubeide_1.3.0/stm32cubeide/plugins/com.st.stm32cube.ide.mcu.externaltools.gnu-tools-for-stm32.7-2018-q2-update.win32_1.5.0.202011040924/tools/bin/../lib/gcc/arm-none-eabi/7.3.1/../../../../arm-none-eabi/lib/thumb/v7e-m/fpv4-sp/hard\libc_nano.a(lib_a-localeconv.o)
                0x0000000008013822                __localeconv_l
 *fill*         0x0000000008013826        0x2 
 .text._localeconv_r
                0x0000000008013828       0x1c c:/st/stm32cubeide_1.3.0/stm32cubeide/plugins/com.st.stm32cube.ide.mcu.externaltools.gnu-tools-for-stm32.7-2018-q2-update.win32_1.5.0.202011040924/tools/bin/../lib/gcc/arm-none-eabi/7.3.1/../../../../arm-none-eabi/lib/thumb/v7e-m/fpv4-sp/hard\libc_nano.a(lib_a-localeconv.o)
                0x0000000008013828                _localeconv_r
 .text.malloc   0x0000000008013844       0x10 c:/st/stm32cubeide_1.3.0/stm32cubeide/plugins/com.st.stm32cube.ide.mcu.externaltools.gnu-tools-for-stm32.7-2018-q2-update.win32_1.5.0.202011040924/tools/bin/../lib/gcc/arm-none-eabi/7.3.1/../../../../arm-none-eabi/lib/thumb/v7e-m/fpv4-sp/hard\libc_nano.a(lib_a-malloc.o)
                0x0000000008013844                malloc
 .text.__ascii_mbtowc
                0x0000000008013854       0x24 c:/st/stm32cubeide_1.3.0/stm32cubeide/plugins/com.st.stm32cube.ide.mcu.externaltools.gnu-tools-for-stm32.7-2018-q2-update.win32_1.5.0.202011040924/tools/bin/../lib/gcc/arm-none-eabi/7.3.1/../../../../arm-none-eabi/lib/thumb/v7e-m/fpv4-sp/hard\libc_nano.a(lib_a-mbtowc_r.o)
                0x0000000008013854                __ascii_mbtowc
 .text._Balloc  0x0000000008013878       0x68 c:/st/stm32cubeide_1.3.0/stm32cubeide/plugins/com.st.stm32cube.ide.mcu.externaltools.gnu-tools-for-stm32.7-2018-q2-update.win32_1.5.0.202011040924/tools/bin/../lib/gcc/arm-none-eabi/7.3.1/../../../../arm-none-eabi/lib/thumb/v7e-m/fpv4-sp/hard\libc_nano.a(lib_a-mprec.o)
                0x0000000008013878                _Balloc
 .text._Bfree   0x00000000080138e0       0x2e c:/st/stm32cubeide_1.3.0/stm32cubeide/plugins/com.st.stm32cube.ide.mcu.externaltools.gnu-tools-for-stm32.7-2018-q2-update.win32_1.5.0.202011040924/tools/bin/../lib/gcc/arm-none-eabi/7.3.1/../../../../arm-none-eabi/lib/thumb/v7e-m/fpv4-sp/hard\libc_nano.a(lib_a-mprec.o)
                0x00000000080138e0                _Bfree
 .text.__multadd
                0x000000000801390e       0x76 c:/st/stm32cubeide_1.3.0/stm32cubeide/plugins/com.st.stm32cube.ide.mcu.externaltools.gnu-tools-for-stm32.7-2018-q2-update.win32_1.5.0.202011040924/tools/bin/../lib/gcc/arm-none-eabi/7.3.1/../../../../arm-none-eabi/lib/thumb/v7e-m/fpv4-sp/hard\libc_nano.a(lib_a-mprec.o)
                0x000000000801390e                __multadd
 .text.__s2b    0x0000000008013984       0x7c c:/st/stm32cubeide_1.3.0/stm32cubeide/plugins/com.st.stm32cube.ide.mcu.externaltools.gnu-tools-for-stm32.7-2018-q2-update.win32_1.5.0.202011040924/tools/bin/../lib/gcc/arm-none-eabi/7.3.1/../../../../arm-none-eabi/lib/thumb/v7e-m/fpv4-sp/hard\libc_nano.a(lib_a-mprec.o)
                0x0000000008013984                __s2b
 .text.__hi0bits
                0x0000000008013a00       0x3e c:/st/stm32cubeide_1.3.0/stm32cubeide/plugins/com.st.stm32cube.ide.mcu.externaltools.gnu-tools-for-stm32.7-2018-q2-update.win32_1.5.0.202011040924/tools/bin/../lib/gcc/arm-none-eabi/7.3.1/../../../../arm-none-eabi/lib/thumb/v7e-m/fpv4-sp/hard\libc_nano.a(lib_a-mprec.o)
                0x0000000008013a00                __hi0bits
 .text.__lo0bits
                0x0000000008013a3e       0x5e c:/st/stm32cubeide_1.3.0/stm32cubeide/plugins/com.st.stm32cube.ide.mcu.externaltools.gnu-tools-for-stm32.7-2018-q2-update.win32_1.5.0.202011040924/tools/bin/../lib/gcc/arm-none-eabi/7.3.1/../../../../arm-none-eabi/lib/thumb/v7e-m/fpv4-sp/hard\libc_nano.a(lib_a-mprec.o)
                0x0000000008013a3e                __lo0bits
 .text.__i2b    0x0000000008013a9c       0x12 c:/st/stm32cubeide_1.3.0/stm32cubeide/plugins/com.st.stm32cube.ide.mcu.externaltools.gnu-tools-for-stm32.7-2018-q2-update.win32_1.5.0.202011040924/tools/bin/../lib/gcc/arm-none-eabi/7.3.1/../../../../arm-none-eabi/lib/thumb/v7e-m/fpv4-sp/hard\libc_nano.a(lib_a-mprec.o)
                0x0000000008013a9c                __i2b
 .text.__multiply
                0x0000000008013aae      0x12c c:/st/stm32cubeide_1.3.0/stm32cubeide/plugins/com.st.stm32cube.ide.mcu.externaltools.gnu-tools-for-stm32.7-2018-q2-update.win32_1.5.0.202011040924/tools/bin/../lib/gcc/arm-none-eabi/7.3.1/../../../../arm-none-eabi/lib/thumb/v7e-m/fpv4-sp/hard\libc_nano.a(lib_a-mprec.o)
                0x0000000008013aae                __multiply
 *fill*         0x0000000008013bda        0x2 
 .text.__pow5mult
                0x0000000008013bdc       0x9c c:/st/stm32cubeide_1.3.0/stm32cubeide/plugins/com.st.stm32cube.ide.mcu.externaltools.gnu-tools-for-stm32.7-2018-q2-update.win32_1.5.0.202011040924/tools/bin/../lib/gcc/arm-none-eabi/7.3.1/../../../../arm-none-eabi/lib/thumb/v7e-m/fpv4-sp/hard\libc_nano.a(lib_a-mprec.o)
                0x0000000008013bdc                __pow5mult
 .text.__lshift
                0x0000000008013c78       0xa8 c:/st/stm32cubeide_1.3.0/stm32cubeide/plugins/com.st.stm32cube.ide.mcu.externaltools.gnu-tools-for-stm32.7-2018-q2-update.win32_1.5.0.202011040924/tools/bin/../lib/gcc/arm-none-eabi/7.3.1/../../../../arm-none-eabi/lib/thumb/v7e-m/fpv4-sp/hard\libc_nano.a(lib_a-mprec.o)
                0x0000000008013c78                __lshift
 .text.__mcmp   0x0000000008013d20       0x34 c:/st/stm32cubeide_1.3.0/stm32cubeide/plugins/com.st.stm32cube.ide.mcu.externaltools.gnu-tools-for-stm32.7-2018-q2-update.win32_1.5.0.202011040924/tools/bin/../lib/gcc/arm-none-eabi/7.3.1/../../../../arm-none-eabi/lib/thumb/v7e-m/fpv4-sp/hard\libc_nano.a(lib_a-mprec.o)
                0x0000000008013d20                __mcmp
 .text.__mdiff  0x0000000008013d54       0xba c:/st/stm32cubeide_1.3.0/stm32cubeide/plugins/com.st.stm32cube.ide.mcu.externaltools.gnu-tools-for-stm32.7-2018-q2-update.win32_1.5.0.202011040924/tools/bin/../lib/gcc/arm-none-eabi/7.3.1/../../../../arm-none-eabi/lib/thumb/v7e-m/fpv4-sp/hard\libc_nano.a(lib_a-mprec.o)
                0x0000000008013d54                __mdiff
 *fill*         0x0000000008013e0e        0x2 
 .text.__ulp    0x0000000008013e10       0x50 c:/st/stm32cubeide_1.3.0/stm32cubeide/plugins/com.st.stm32cube.ide.mcu.externaltools.gnu-tools-for-stm32.7-2018-q2-update.win32_1.5.0.202011040924/tools/bin/../lib/gcc/arm-none-eabi/7.3.1/../../../../arm-none-eabi/lib/thumb/v7e-m/fpv4-sp/hard\libc_nano.a(lib_a-mprec.o)
                0x0000000008013e10                __ulp
 .text.__b2d    0x0000000008013e60       0x9c c:/st/stm32cubeide_1.3.0/stm32cubeide/plugins/com.st.stm32cube.ide.mcu.externaltools.gnu-tools-for-stm32.7-2018-q2-update.win32_1.5.0.202011040924/tools/bin/../lib/gcc/arm-none-eabi/7.3.1/../../../../arm-none-eabi/lib/thumb/v7e-m/fpv4-sp/hard\libc_nano.a(lib_a-mprec.o)
                0x0000000008013e60                __b2d
 .text.__d2b    0x0000000008013efc       0x9e c:/st/stm32cubeide_1.3.0/stm32cubeide/plugins/com.st.stm32cube.ide.mcu.externaltools.gnu-tools-for-stm32.7-2018-q2-update.win32_1.5.0.202011040924/tools/bin/../lib/gcc/arm-none-eabi/7.3.1/../../../../arm-none-eabi/lib/thumb/v7e-m/fpv4-sp/hard\libc_nano.a(lib_a-mprec.o)
                0x0000000008013efc                __d2b
 .text.__ratio  0x0000000008013f9a       0x66 c:/st/stm32cubeide_1.3.0/stm32cubeide/plugins/com.st.stm32cube.ide.mcu.externaltools.gnu-tools-for-stm32.7-2018-q2-update.win32_1.5.0.202011040924/tools/bin/../lib/gcc/arm-none-eabi/7.3.1/../../../../arm-none-eabi/lib/thumb/v7e-m/fpv4-sp/hard\libc_nano.a(lib_a-mprec.o)
                0x0000000008013f9a                __ratio
 .text.__copybits
                0x0000000008014000       0x34 c:/st/stm32cubeide_1.3.0/stm32cubeide/plugins/com.st.stm32cube.ide.mcu.externaltools.gnu-tools-for-stm32.7-2018-q2-update.win32_1.5.0.202011040924/tools/bin/../lib/gcc/arm-none-eabi/7.3.1/../../../../arm-none-eabi/lib/thumb/v7e-m/fpv4-sp/hard\libc_nano.a(lib_a-mprec.o)
                0x0000000008014000                __copybits
 .text.__any_on
                0x0000000008014034       0x42 c:/st/stm32cubeide_1.3.0/stm32cubeide/plugins/com.st.stm32cube.ide.mcu.externaltools.gnu-tools-for-stm32.7-2018-q2-update.win32_1.5.0.202011040924/tools/bin/../lib/gcc/arm-none-eabi/7.3.1/../../../../arm-none-eabi/lib/thumb/v7e-m/fpv4-sp/hard\libc_nano.a(lib_a-mprec.o)
                0x0000000008014034                __any_on
 .text._calloc_r
                0x0000000008014076       0x1c c:/st/stm32cubeide_1.3.0/stm32cubeide/plugins/com.st.stm32cube.ide.mcu.externaltools.gnu-tools-for-stm32.7-2018-q2-update.win32_1.5.0.202011040924/tools/bin/../lib/gcc/arm-none-eabi/7.3.1/../../../../arm-none-eabi/lib/thumb/v7e-m/fpv4-sp/hard\libc_nano.a(lib_a-nano-callocr.o)
                0x0000000008014076                _calloc_r
 *fill*         0x0000000008014092        0x2 
 .text._free_r  0x0000000008014094       0x9c c:/st/stm32cubeide_1.3.0/stm32cubeide/plugins/com.st.stm32cube.ide.mcu.externaltools.gnu-tools-for-stm32.7-2018-q2-update.win32_1.5.0.202011040924/tools/bin/../lib/gcc/arm-none-eabi/7.3.1/../../../../arm-none-eabi/lib/thumb/v7e-m/fpv4-sp/hard\libc_nano.a(lib_a-nano-freer.o)
                0x0000000008014094                _free_r
 .text._malloc_r
                0x0000000008014130       0xb4 c:/st/stm32cubeide_1.3.0/stm32cubeide/plugins/com.st.stm32cube.ide.mcu.externaltools.gnu-tools-for-stm32.7-2018-q2-update.win32_1.5.0.202011040924/tools/bin/../lib/gcc/arm-none-eabi/7.3.1/../../../../arm-none-eabi/lib/thumb/v7e-m/fpv4-sp/hard\libc_nano.a(lib_a-nano-mallocr.o)
                0x0000000008014130                _malloc_r
 .text.__ssputs_r
                0x00000000080141e4       0xb4 c:/st/stm32cubeide_1.3.0/stm32cubeide/plugins/com.st.stm32cube.ide.mcu.externaltools.gnu-tools-for-stm32.7-2018-q2-update.win32_1.5.0.202011040924/tools/bin/../lib/gcc/arm-none-eabi/7.3.1/../../../../arm-none-eabi/lib/thumb/v7e-m/fpv4-sp/hard\libc_nano.a(lib_a-nano-svfprintf.o)
                0x00000000080141e4                __ssputs_r
 .text._svfprintf_r
                0x0000000008014298      0x1f0 c:/st/stm32cubeide_1.3.0/stm32cubeide/plugins/com.st.stm32cube.ide.mcu.externaltools.gnu-tools-for-stm32.7-2018-q2-update.win32_1.5.0.202011040924/tools/bin/../lib/gcc/arm-none-eabi/7.3.1/../../../../arm-none-eabi/lib/thumb/v7e-m/fpv4-sp/hard\libc_nano.a(lib_a-nano-svfprintf.o)
                0x0000000008014298                _svfiprintf_r
                0x0000000008014298                _svfprintf_r
 .text._sbrk_r  0x0000000008014488       0x20 c:/st/stm32cubeide_1.3.0/stm32cubeide/plugins/com.st.stm32cube.ide.mcu.externaltools.gnu-tools-for-stm32.7-2018-q2-update.win32_1.5.0.202011040924/tools/bin/../lib/gcc/arm-none-eabi/7.3.1/../../../../arm-none-eabi/lib/thumb/v7e-m/fpv4-sp/hard\libc_nano.a(lib_a-sbrkr.o)
                0x0000000008014488                _sbrk_r
 .text.strncmp  0x00000000080144a8       0x24 c:/st/stm32cubeide_1.3.0/stm32cubeide/plugins/com.st.stm32cube.ide.mcu.externaltools.gnu-tools-for-stm32.7-2018-q2-update.win32_1.5.0.202011040924/tools/bin/../lib/gcc/arm-none-eabi/7.3.1/../../../../arm-none-eabi/lib/thumb/v7e-m/fpv4-sp/hard\libc_nano.a(lib_a-strncmp.o)
                0x00000000080144a8                strncmp
 .text.__ascii_wctomb
                0x00000000080144cc       0x1a c:/st/stm32cubeide_1.3.0/stm32cubeide/plugins/com.st.stm32cube.ide.mcu.externaltools.gnu-tools-for-stm32.7-2018-q2-update.win32_1.5.0.202011040924/tools/bin/../lib/gcc/arm-none-eabi/7.3.1/../../../../arm-none-eabi/lib/thumb/v7e-m/fpv4-sp/hard\libc_nano.a(lib_a-wctomb_r.o)
                0x00000000080144cc                __ascii_wctomb
 .text.memmove  0x00000000080144e6       0x32 c:/st/stm32cubeide_1.3.0/stm32cubeide/plugins/com.st.stm32cube.ide.mcu.externaltools.gnu-tools-for-stm32.7-2018-q2-update.win32_1.5.0.202011040924/tools/bin/../lib/gcc/arm-none-eabi/7.3.1/../../../../arm-none-eabi/lib/thumb/v7e-m/fpv4-sp/hard\libc_nano.a(lib_a-memmove.o)
                0x00000000080144e6                memmove
 .text.__malloc_lock
                0x0000000008014518        0x2 c:/st/stm32cubeide_1.3.0/stm32cubeide/plugins/com.st.stm32cube.ide.mcu.externaltools.gnu-tools-for-stm32.7-2018-q2-update.win32_1.5.0.202011040924/tools/bin/../lib/gcc/arm-none-eabi/7.3.1/../../../../arm-none-eabi/lib/thumb/v7e-m/fpv4-sp/hard\libc_nano.a(lib_a-mlock.o)
                0x0000000008014518                __malloc_lock
 .text.__malloc_unlock
                0x000000000801451a        0x2 c:/st/stm32cubeide_1.3.0/stm32cubeide/plugins/com.st.stm32cube.ide.mcu.externaltools.gnu-tools-for-stm32.7-2018-q2-update.win32_1.5.0.202011040924/tools/bin/../lib/gcc/arm-none-eabi/7.3.1/../../../../arm-none-eabi/lib/thumb/v7e-m/fpv4-sp/hard\libc_nano.a(lib_a-mlock.o)
                0x000000000801451a                __malloc_unlock
 .text._realloc_r
                0x000000000801451c       0x4c c:/st/stm32cubeide_1.3.0/stm32cubeide/plugins/com.st.stm32cube.ide.mcu.externaltools.gnu-tools-for-stm32.7-2018-q2-update.win32_1.5.0.202011040924/tools/bin/../lib/gcc/arm-none-eabi/7.3.1/../../../../arm-none-eabi/lib/thumb/v7e-m/fpv4-sp/hard\libc_nano.a(lib_a-nano-reallocr.o)
                0x000000000801451c                _realloc_r
 .text._malloc_usable_size_r
                0x0000000008014568       0x10 c:/st/stm32cubeide_1.3.0/stm32cubeide/plugins/com.st.stm32cube.ide.mcu.externaltools.gnu-tools-for-stm32.7-2018-q2-update.win32_1.5.0.202011040924/tools/bin/../lib/gcc/arm-none-eabi/7.3.1/../../../../arm-none-eabi/lib/thumb/v7e-m/fpv4-sp/hard\libc_nano.a(lib_a-nano-msizer.o)
                0x0000000008014568                _malloc_usable_size_r
 .text.roundf   0x0000000008014578       0x4c c:/st/stm32cubeide_1.3.0/stm32cubeide/plugins/com.st.stm32cube.ide.mcu.externaltools.gnu-tools-for-stm32.7-2018-q2-update.win32_1.5.0.202011040924/tools/bin/../lib/gcc/arm-none-eabi/7.3.1/../../../../arm-none-eabi/lib/thumb/v7e-m/fpv4-sp/hard\libm.a(lib_a-sf_round.o)
                0x0000000008014578                roundf
 *(.glue_7)
 .glue_7        0x00000000080145c4        0x0 linker stubs
 *(.glue_7t)
 .glue_7t       0x00000000080145c4        0x0 linker stubs
 *(.eh_frame)
 .eh_frame      0x00000000080145c4        0x0 c:/st/stm32cubeide_1.3.0/stm32cubeide/plugins/com.st.stm32cube.ide.mcu.externaltools.gnu-tools-for-stm32.7-2018-q2-update.win32_1.5.0.202011040924/tools/bin/../lib/gcc/arm-none-eabi/7.3.1/thumb/v7e-m/fpv4-sp/hard/crtbegin.o
 *(.init)
 .init          0x00000000080145c4        0x4 c:/st/stm32cubeide_1.3.0/stm32cubeide/plugins/com.st.stm32cube.ide.mcu.externaltools.gnu-tools-for-stm32.7-2018-q2-update.win32_1.5.0.202011040924/tools/bin/../lib/gcc/arm-none-eabi/7.3.1/thumb/v7e-m/fpv4-sp/hard/crti.o
                0x00000000080145c4                _init
 .init          0x00000000080145c8        0x8 c:/st/stm32cubeide_1.3.0/stm32cubeide/plugins/com.st.stm32cube.ide.mcu.externaltools.gnu-tools-for-stm32.7-2018-q2-update.win32_1.5.0.202011040924/tools/bin/../lib/gcc/arm-none-eabi/7.3.1/thumb/v7e-m/fpv4-sp/hard/crtn.o
 *(.fini)
 .fini          0x00000000080145d0        0x4 c:/st/stm32cubeide_1.3.0/stm32cubeide/plugins/com.st.stm32cube.ide.mcu.externaltools.gnu-tools-for-stm32.7-2018-q2-update.win32_1.5.0.202011040924/tools/bin/../lib/gcc/arm-none-eabi/7.3.1/thumb/v7e-m/fpv4-sp/hard/crti.o
                0x00000000080145d0                _fini