Archive member included to satisfy reference by file (symbol)

c:/st/stm32cubeide_1.3.0/stm32cubeide/plugins/com.st.stm32cube.ide.mcu.externaltools.gnu-tools-for-stm32.7-2018-q2-update.win32_1.5.0.202011040924/tools/bin/../lib/gcc/arm-none-eabi/7.3.1/../../../../arm-none-eabi/lib/thumb/v7e-m/fpv4-sp/hard\libc_nano.a(lib_a-errno.o)
                              Core/Src/syscalls.o (__errno)
c:/st/stm32cubeide_1.3.0/stm32cubeide/plugins/com.st.stm32cube.ide.mcu.externaltools.gnu-tools-for-stm32.7-2018-q2-update.win32_1.5.0.202011040924/tools/bin/../lib/gcc/arm-none-eabi/7.3.1/../../../../arm-none-eabi/lib/thumb/v7e-m/fpv4-sp/hard\libc_nano.a(lib_a-exit.o)
                              c:/st/stm32cubeide_1.3.0/stm32cubeide/plugins/com.st.stm32cube.ide.mcu.externaltools.gnu-tools-for-stm32.7-2018-q2-update.win32_1.5.0.202011040924/tools/bin/../lib/gcc/arm-none-eabi/7.3.1/../../../../arm-none-eabi/lib/thumb/v7e-m/fpv4-sp/hard/crt0.o (exit)
c:/st/stm32cubeide_1.3.0/stm32cubeide/plugins/com.st.stm32cube.ide.mcu.externaltools.gnu-tools-for-stm32.7-2018-q2-update.win32_1.5.0.202011040924/tools/bin/../lib/gcc/arm-none-eabi/7.3.1/../../../../arm-none-eabi/lib/thumb/v7e-m/fpv4-sp/hard\libc_nano.a(lib_a-impure.o)
                              c:/st/stm32cubeide_1.3.0/stm32cubeide/plugins/com.st.stm32cube.ide.mcu.externaltools.gnu-tools-for-stm32.7-2018-q2-update.win32_1.5.0.202011040924/tools/bin/../lib/gcc/arm-none-eabi/7.3.1/../../../../arm-none-eabi/lib/thumb/v7e-m/fpv4-sp/hard\libc_nano.a(lib_a-exit.o) (_global_impure_ptr)
c:/st/stm32cubeide_1.3.0/stm32cubeide/plugins/com.st.stm32cube.ide.mcu.externaltools.gnu-tools-for-stm32.7-2018-q2-update.win32_1.5.0.202011040924/tools/bin/../lib/gcc/arm-none-eabi/7.3.1/../../../../arm-none-eabi/lib/thumb/v7e-m/fpv4-sp/hard\libc_nano.a(lib_a-init.o)
                              c:/st/stm32cubeide_1.3.0/stm32cubeide/plugins/com.st.stm32cube.ide.mcu.externaltools.gnu-tools-for-stm32.7-2018-q2-update.win32_1.5.0.202011040924/tools/bin/../lib/gcc/arm-none-eabi/7.3.1/../../../../arm-none-eabi/lib/thumb/v7e-m/fpv4-sp/hard/crt0.o (__libc_init_array)
c:/st/stm32cubeide_1.3.0/stm32cubeide/plugins/com.st.stm32cube.ide.mcu.externaltools.gnu-tools-for-stm32.7-2018-q2-update.win32_1.5.0.202011040924/tools/bin/../lib/gcc/arm-none-eabi/7.3.1/../../../../arm-none-eabi/lib/thumb/v7e-m/fpv4-sp/hard\libc_nano.a(lib_a-memcpy-stub.o)
                              Core/Src/xProFIFO.o (memcpy)
c:/st/stm32cubeide_1.3.0/stm32cubeide/plugins/com.st.stm32cube.ide.mcu.externaltools.gnu-tools-for-stm32.7-2018-q2-update.win32_1.5.0.202011040924/tools/bin/../lib/gcc/arm-none-eabi/7.3.1/../../../../arm-none-eabi/lib/thumb/v7e-m/fpv4-sp/hard\libc_nano.a(lib_a-memset.o)
                              c:/st/stm32cubeide_1.3.0/stm32cubeide/plugins/com.st.stm32cube.ide.mcu.externaltools.gnu-tools-for-stm32.7-2018-q2-update.win32_1.5.0.202011040924/tools/bin/../lib/gcc/arm-none-eabi/7.3.1/../../../../arm-none-eabi/lib/thumb/v7e-m/fpv4-sp/hard/crt0.o (memset)
c:/st/stm32cubeide_1.3.0/stm32cubeide/plugins/com.st.stm32cube.ide.mcu.externaltools.gnu-tools-for-stm32.7-2018-q2-update.win32_1.5.0.202011040924/tools/bin/../lib/gcc/arm-none-eabi/7.3.1/../../../../arm-none-eabi/lib/thumb/v7e-m/fpv4-sp/hard\libc_nano.a(lib_a-nano-vfprintf_float.o)
                              (_printf_float)
c:/st/stm32cubeide_1.3.0/stm32cubeide/plugins/com.st.stm32cube.ide.mcu.externaltools.gnu-tools-for-stm32.7-2018-q2-update.win32_1.5.0.202011040924/tools/bin/../lib/gcc/arm-none-eabi/7.3.1/../../../../arm-none-eabi/lib/thumb/v7e-m/fpv4-sp/hard\libc_nano.a(lib_a-nano-vfprintf_i.o)
                              c:/st/stm32cubeide_1.3.0/stm32cubeide/plugins/com.st.stm32cube.ide.mcu.externaltools.gnu-tools-for-stm32.7-2018-q2-update.win32_1.5.0.202011040924/tools/bin/../lib/gcc/arm-none-eabi/7.3.1/../../../../arm-none-eabi/lib/thumb/v7e-m/fpv4-sp/hard\libc_nano.a(lib_a-nano-vfprintf_float.o) (_printf_common)
c:/st/stm32cubeide_1.3.0/stm32cubeide/plugins/com.st.stm32cube.ide.mcu.externaltools.gnu-tools-for-stm32.7-2018-q2-update.win32_1.5.0.202011040924/tools/bin/../lib/gcc/arm-none-eabi/7.3.1/../../../../arm-none-eabi/lib/thumb/v7e-m/fpv4-sp/hard\libc_nano.a(lib_a-nano-vfscanf_float.o)
                              (_scanf_float)
c:/st/stm32cubeide_1.3.0/stm32cubeide/plugins/com.st.stm32cube.ide.mcu.externaltools.gnu-tools-for-stm32.7-2018-q2-update.win32_1.5.0.202011040924/tools/bin/../lib/gcc/arm-none-eabi/7.3.1/../../../../arm-none-eabi/lib/thumb/v7e-m/fpv4-sp/hard\libc_nano.a(lib_a-sf_nan.o)
                              c:/st/stm32cubeide_1.3.0/stm32cubeide/plugins/com.st.stm32cube.ide.mcu.externaltools.gnu-tools-for-stm32.7-2018-q2-update.win32_1.5.0.202011040924/tools/bin/../lib/gcc/arm-none-eabi/7.3.1/../../../../arm-none-eabi/lib/thumb/v7e-m/fpv4-sp/hard\libc_nano.a(lib_a-nano-vfscanf_float.o) (nanf)
[...]
Memory Configuration

Name             Origin             Length             Attributes
RAM              0x0000000020000000 0x0000000000040000 xrw
FLASH            0x0000000008000000 0x0000000000080000 xr
*default*        0x0000000000000000 0xffffffffffffffff

Linker script and memory map

LOAD c:/st/stm32cubeide_1.3.0/stm32cubeide/plugins/com.st.stm32cube.ide.mcu.externaltools.gnu-tools-for-stm32.7-2018-q2-update.win32_1.5.0.202011040924/tools/bin/../lib/gcc/arm-none-eabi/7.3.1/thumb/v7e-m/fpv4-sp/hard/crti.o
LOAD c:/st/stm32cubeide_1.3.0/stm32cubeide/plugins/com.st.stm32cube.ide.mcu.externaltools.gnu-tools-for-stm32.7-2018-q2-update.win32_1.5.0.202011040924/tools/bin/../lib/gcc/arm-none-eabi/7.3.1/thumb/v7e-m/fpv4-sp/hard/crtbegin.o
LOAD c:/st/stm32cubeide_1.3.0/stm32cubeide/plugins/com.st.stm32cube.ide.mcu.externaltools.gnu-tools-for-stm32.7-2018-q2-update.win32_1.5.0.202011040924/tools/bin/../lib/gcc/arm-none-eabi/7.3.1/../../../../arm-none-eabi/lib/thumb/v7e-m/fpv4-sp/hard/crt0.o
LOAD Core/Src/acis.o
LOAD Core/Src/controls.o
LOAD Core/Src/crc.o
LOAD Core/Src/delay.o
LOAD Core/Src/freertos.o
LOAD Core/Src/lcd12864.o
LOAD Core/Src/main.o
LOAD Core/Src/stm32f7xx_hal_msp.o
LOAD Core/Src/stm32f7xx_it.o
LOAD Core/Src/syscalls.o
LOAD Core/Src/sysmem.o
LOAD Core/Src/system_stm32f7xx.o
LOAD Core/Src/xCommand.o
LOAD Core/Src/xProFIFO.o
LOAD Core/Startup/startup_stm32f722retx.o
LOAD Drivers/STM32F7xx_HAL_Driver/Src/stm32f7xx_hal.o
LOAD Drivers/STM32F7xx_HAL_Driver/Src/stm32f7xx_hal_adc.o
LOAD Drivers/STM32F7xx_HAL_Driver/Src/stm32f7xx_hal_adc_ex.o
LOAD Drivers/STM32F7xx_HAL_Driver/Src/stm32f7xx_hal_cortex.o
LOAD Drivers/STM32F7xx_HAL_Driver/Src/stm32f7xx_hal_crc.o
LOAD Drivers/STM32F7xx_HAL_Driver/Src/stm32f7xx_hal_crc_ex.o
LOAD Drivers/STM32F7xx_HAL_Driver/Src/stm32f7xx_hal_dma.o
LOAD Drivers/STM32F7xx_HAL_Driver/Src/stm32f7xx_hal_dma_ex.o
LOAD Drivers/STM32F7xx_HAL_Driver/Src/stm32f7xx_hal_exti.o
LOAD Drivers/STM32F7xx_HAL_Driver/Src/stm32f7xx_hal_flash.o
LOAD Drivers/STM32F7xx_HAL_Driver/Src/stm32f7xx_hal_flash_ex.o
LOAD Drivers/STM32F7xx_HAL_Driver/Src/stm32f7xx_hal_gpio.o
LOAD Drivers/STM32F7xx_HAL_Driver/Src/stm32f7xx_hal_i2c.o
LOAD Drivers/STM32F7xx_HAL_Driver/Src/stm32f7xx_hal_i2c_ex.o
LOAD Drivers/STM32F7xx_HAL_Driver/Src/stm32f7xx_hal_pwr.o
LOAD Drivers/STM32F7xx_HAL_Driver/Src/stm32f7xx_hal_pwr_ex.o
LOAD Drivers/STM32F7xx_HAL_Driver/Src/stm32f7xx_hal_rcc.o
LOAD Drivers/STM32F7xx_HAL_Driver/Src/stm32f7xx_hal_rcc_ex.o
LOAD Drivers/STM32F7xx_HAL_Driver/Src/stm32f7xx_hal_tim.o
LOAD Drivers/STM32F7xx_HAL_Driver/Src/stm32f7xx_hal_tim_ex.o
LOAD Drivers/STM32F7xx_HAL_Driver/Src/stm32f7xx_hal_uart.o
LOAD Drivers/STM32F7xx_HAL_Driver/Src/stm32f7xx_hal_uart_ex.o
LOAD Middlewares/Third_Party/FreeRTOS/Source/CMSIS_RTOS_V2/cmsis_os2.o
LOAD Middlewares/Third_Party/FreeRTOS/Source/croutine.o
LOAD Middlewares/Third_Party/FreeRTOS/Source/event_groups.o
LOAD Middlewares/Third_Party/FreeRTOS/Source/list.o
LOAD Middlewares/Third_Party/FreeRTOS/Source/queue.o
LOAD Middlewares/Third_Party/FreeRTOS/Source/stream_buffer.o
LOAD Middlewares/Third_Party/FreeRTOS/Source/tasks.o
LOAD Middlewares/Third_Party/FreeRTOS/Source/timers.o
LOAD Middlewares/Third_Party/FreeRTOS/Source/portable/GCC/ARM_CM7/r0p1/port.o
LOAD Middlewares/Third_Party/FreeRTOS/Source/portable/MemMang/heap_4.o
LOAD RREFont/RREFont.o
LOAD RREFont/rre_12x16.o
LOAD RREFont/rre_5x8.o
LOAD RREFont/rre_6x8.o
LOAD RREFont/rre_7x12.o
LOAD RREFont/rre_8x12.o
LOAD RREFont/rre_arial_62.o
LOAD RREFont/rre_arialb_16.o
LOAD RREFont/rre_arialbldig54b.o
LOAD RREFont/rre_arialbldig54bv.o
LOAD RREFont/rre_arialdig150b.o
LOAD RREFont/rre_arialdig47b.o
LOAD RREFont/rre_arialdig47n-h.o
LOAD RREFont/rre_arialdig47n-v.o
LOAD RREFont/rre_arialdig47n.o
LOAD RREFont/rre_arialdig62b.o
LOAD RREFont/rre_arialdig62bv.o
LOAD RREFont/rre_arialdig72n.o
LOAD RREFont/rre_ariali_16.o
LOAD RREFont/rre_arialn_16.o
LOAD RREFont/rre_bold13x20.o
LOAD RREFont/rre_bold13x20h.o
LOAD RREFont/rre_bold13x20no.o
LOAD RREFont/rre_bold13x20v.o
LOAD RREFont/rre_bold_6x8.o
LOAD RREFont/rre_c64_7x7.o
LOAD RREFont/rre_c64_7x8.o
LOAD RREFont/rre_c_8x16.o
LOAD RREFont/rre_chicago_20x24.o
LOAD RREFont/rre_comp_8x16.o
LOAD RREFont/rre_digi_19x15.o
LOAD RREFont/rre_fixed_8x16.o
LOAD RREFont/rre_fjg_8x16.o
LOAD RREFont/rre_grot_16x32.o
LOAD RREFont/rre_kappa_8x16.o
LOAD RREFont/rre_nadine_16x16.o
LOAD RREFont/rre_ncw_8x16.o
LOAD RREFont/rre_ocr_16x24.o
LOAD RREFont/rre_script_8x16.o
LOAD RREFont/rre_tahoma_110v.o
LOAD RREFont/rre_tahoma_65v.o
LOAD RREFont/rre_term_10x16.o
LOAD RREFont/rre_times_104.o
LOAD RREFont/rre_times_98v.o
LOAD RREFont/rre_ubuntu_32.o
LOAD RREFont/rre_ubuntub_32.o
LOAD RREFont/rre_vga_8x16.o
LOAD RREFont/rre_x_8x16.o
START GROUP
LOAD c:/st/stm32cubeide_1.3.0/stm32cubeide/plugins/com.st.stm32cube.ide.mcu.externaltools.gnu-tools-for-stm32.7-2018-q2-update.win32_1.5.0.202011040924/tools/bin/../lib/gcc/arm-none-eabi/7.3.1/../../../../arm-none-eabi/lib/thumb/v7e-m/fpv4-sp/hard\libc_nano.a
LOAD c:/st/stm32cubeide_1.3.0/stm32cubeide/plugins/com.st.stm32cube.ide.mcu.externaltools.gnu-tools-for-stm32.7-2018-q2-update.win32_1.5.0.202011040924/tools/bin/../lib/gcc/arm-none-eabi/7.3.1/../../../../arm-none-eabi/lib/thumb/v7e-m/fpv4-sp/hard\libm.a
END GROUP
START GROUP
LOAD c:/st/stm32cubeide_1.3.0/stm32cubeide/plugins/com.st.stm32cube.ide.mcu.externaltools.gnu-tools-for-stm32.7-2018-q2-update.win32_1.5.0.202011040924/tools/bin/../lib/gcc/arm-none-eabi/7.3.1/thumb/v7e-m/fpv4-sp/hard\libgcc.a
LOAD c:/st/stm32cubeide_1.3.0/stm32cubeide/plugins/com.st.stm32cube.ide.mcu.externaltools.gnu-tools-for-stm32.7-2018-q2-update.win32_1.5.0.202011040924/tools/bin/../lib/gcc/arm-none-eabi/7.3.1/../../../../arm-none-eabi/lib/thumb/v7e-m/fpv4-sp/hard\libc_nano.a
END GROUP
START GROUP
LOAD c:/st/stm32cubeide_1.3.0/stm32cubeide/plugins/com.st.stm32cube.ide.mcu.externaltools.gnu-tools-for-stm32.7-2018-q2-update.win32_1.5.0.202011040924/tools/bin/../lib/gcc/arm-none-eabi/7.3.1/thumb/v7e-m/fpv4-sp/hard\libgcc.a
LOAD c:/st/stm32cubeide_1.3.0/stm32cubeide/plugins/com.st.stm32cube.ide.mcu.externaltools.gnu-tools-for-stm32.7-2018-q2-update.win32_1.5.0.202011040924/tools/bin/../lib/gcc/arm-none-eabi/7.3.1/../../../../arm-none-eabi/lib/thumb/v7e-m/fpv4-sp/hard\libc_nano.a
LOAD c:/st/stm32cubeide_1.3.0/stm32cubeide/plugins/com.st.stm32cube.ide.mcu.externaltools.gnu-tools-for-stm32.7-2018-q2-update.win32_1.5.0.202011040924/tools/bin/../lib/gcc/arm-none-eabi/7.3.1/../../../../arm-none-eabi/lib/thumb/v7e-m/fpv4-sp/hard\libnosys.a
END GROUP
START GROUP
LOAD c:/st/stm32cubeide_1.3.0/stm32cubeide/plugins/com.st.stm32cube.ide.mcu.externaltools.gnu-tools-for-stm32.7-2018-q2-update.win32_1.5.0.202011040924/tools/bin/../lib/gcc/arm-none-eabi/7.3.1/thumb/v7e-m/fpv4-sp/hard\libgcc.a
LOAD c:/st/stm32cubeide_1.3.0/stm32cubeide/plugins/com.st.stm32cube.ide.mcu.externaltools.gnu-tools-for-stm32.7-2018-q2-update.win32_1.5.0.202011040924/tools/bin/../lib/gcc/arm-none-eabi/7.3.1/../../../../arm-none-eabi/lib/thumb/v7e-m/fpv4-sp/hard\libc_nano.a
LOAD c:/st/stm32cubeide_1.3.0/stm32cubeide/plugins/com.st.stm32cube.ide.mcu.externaltools.gnu-tools-for-stm32.7-2018-q2-update.win32_1.5.0.202011040924/tools/bin/../lib/gcc/arm-none-eabi/7.3.1/../../../../arm-none-eabi/lib/thumb/v7e-m/fpv4-sp/hard\libnosys.a
END GROUP
LOAD c:/st/stm32cubeide_1.3.0/stm32cubeide/plugins/com.st.stm32cube.ide.mcu.externaltools.gnu-tools-for-stm32.7-2018-q2-update.win32_1.5.0.202011040924/tools/bin/../lib/gcc/arm-none-eabi/7.3.1/thumb/v7e-m/fpv4-sp/hard/crtend.o
LOAD c:/st/stm32cubeide_1.3.0/stm32cubeide/plugins/com.st.stm32cube.ide.mcu.externaltools.gnu-tools-for-stm32.7-2018-q2-update.win32_1.5.0.202011040924/tools/bin/../lib/gcc/arm-none-eabi/7.3.1/thumb/v7e-m/fpv4-sp/hard/crtn.o
                0x0000000020040000                _estack = (ORIGIN (RAM) + LENGTH (RAM))
                0x0000000000000200                _Min_Heap_Size = 0x200
                0x0000000000000400                _Min_Stack_Size = 0x400

.isr_vector     0x0000000008000000      0x1e0
                0x0000000008000000                . = ALIGN (0x4)
 *(.isr_vector)
 .isr_vector    0x0000000008000000      0x1e0 Core/Startup/startup_stm32f722retx.o
                0x0000000008000000                g_pfnVectors
                0x00000000080001e0                . = ALIGN (0x4)

.text           0x00000000080001e0     0xcbf0
                0x00000000080001e0                . = ALIGN (0x4)
 *(.text)
 .text          0x00000000080001e0       0x40 c:/st/stm32cubeide_1.3.0/stm32cubeide/plugins/com.st.stm32cube.ide.mcu.externaltools.gnu-tools-for-stm32.7-2018-q2-update.win32_1.5.0.202011040924/tools/bin/../lib/gcc/arm-none-eabi/7.3.1/thumb/v7e-m/fpv4-sp/hard/crtbegin.o
 .text          0x0000000008000220       0x10 c:/st/stm32cubeide_1.3.0/stm32cubeide/plugins/com.st.stm32cube.ide.mcu.externaltools.gnu-tools-for-stm32.7-2018-q2-update.win32_1.5.0.202011040924/tools/bin/../lib/gcc/arm-none-eabi/7.3.1/../../../../arm-none-eabi/lib/thumb/v7e-m/fpv4-sp/hard\libc_nano.a(lib_a-strlen.o)
                0x0000000008000220                strlen
 .text          0x0000000008000230       0xa0 c:/st/stm32cubeide_1.3.0/stm32cubeide/plugins/com.st.stm32cube.ide.mcu.externaltools.gnu-tools-for-stm32.7-2018-q2-update.win32_1.5.0.202011040924/tools/bin/../lib/gcc/arm-none-eabi/7.3.1/../../../../arm-none-eabi/lib/thumb/v7e-m/fpv4-sp/hard\libc_nano.a(lib_a-memchr.o)
                0x0000000008000230                memchr
 .text          0x00000000080002d0      0x378 c:/st/stm32cubeide_1.3.0/stm32cubeide/plugins/com.st.stm32cube.ide.mcu.externaltools.gnu-tools-for-stm32.7-2018-q2-update.win32_1.5.0.202011040924/tools/bin/../lib/gcc/arm-none-eabi/7.3.1/thumb/v7e-m/fpv4-sp/hard\libgcc.a(_arm_addsubdf3.o)
                0x00000000080002d0                __aeabi_drsub
                0x00000000080002d8                __aeabi_dsub
                0x00000000080002d8                __subdf3
                0x00000000080002dc                __aeabi_dadd
                0x00000000080002dc                __adddf3
                0x0000000008000554                __floatunsidf
                0x0000000008000554                __aeabi_ui2d
                0x0000000008000574                __floatsidf
                0x0000000008000574                __aeabi_i2d
                0x0000000008000598                __aeabi_f2d
                0x0000000008000598                __extendsfdf2
                0x00000000080005dc                __floatundidf
                0x00000000080005dc                __aeabi_ul2d
                0x00000000080005ec                __floatdidf
                0x00000000080005ec                __aeabi_l2d
 .text          0x0000000008000648      0x424 c:/st/stm32cubeide_1.3.0/stm32cubeide/plugins/com.st.stm32cube.ide.mcu.externaltools.gnu-tools-for-stm32.7-2018-q2-update.win32_1.5.0.202011040924/tools/bin/../lib/gcc/arm-none-eabi/7.3.1/thumb/v7e-m/fpv4-sp/hard\libgcc.a(_arm_muldivdf3.o)
                0x0000000008000648                __aeabi_dmul
                0x0000000008000648                __muldf3
                0x000000000800089c                __divdf3
                0x000000000800089c                __aeabi_ddiv
 .text          0x0000000008000a6c      0x110 c:/st/stm32cubeide_1.3.0/stm32cubeide/plugins/com.st.stm32cube.ide.mcu.externaltools.gnu-tools-for-stm32.7-2018-q2-update.win32_1.5.0.202011040924/tools/bin/../lib/gcc/arm-none-eabi/7.3.1/thumb/v7e-m/fpv4-sp/hard\libgcc.a(_arm_cmpdf2.o)
                0x0000000008000a6c                __gtdf2
                0x0000000008000a6c                __gedf2
                0x0000000008000a74                __ltdf2
                0x0000000008000a74                __ledf2
                0x0000000008000a7c                __nedf2
                0x0000000008000a7c                __eqdf2
                0x0000000008000a7c                __cmpdf2
                0x0000000008000af8                __aeabi_cdrcmple
                0x0000000008000b08                __aeabi_cdcmpeq
                0x0000000008000b08                __aeabi_cdcmple
                0x0000000008000b18                __aeabi_dcmpeq
                0x0000000008000b2c                __aeabi_dcmplt
                0x0000000008000b40                __aeabi_dcmple
                0x0000000008000b54                __aeabi_dcmpge
                0x0000000008000b68                __aeabi_dcmpgt
 .text          0x0000000008000b7c       0x2c c:/st/stm32cubeide_1.3.0/stm32cubeide/plugins/com.st.stm32cube.ide.mcu.externaltools.gnu-tools-for-stm32.7-2018-q2-update.win32_1.5.0.202011040924/tools/bin/../lib/gcc/arm-none-eabi/7.3.1/thumb/v7e-m/fpv4-sp/hard\libgcc.a(_arm_unorddf2.o)
                0x0000000008000b7c                __unorddf2
                0x0000000008000b7c                __aeabi_dcmpun
 .text          0x0000000008000ba8       0x50 c:/st/stm32cubeide_1.3.0/stm32cubeide/plugins/com.st.stm32cube.ide.mcu.externaltools.gnu-tools-for-stm32.7-2018-q2-update.win32_1.5.0.202011040924/tools/bin/../lib/gcc/arm-none-eabi/7.3.1/thumb/v7e-m/fpv4-sp/hard\libgcc.a(_arm_fixdfsi.o)
                0x0000000008000ba8                __aeabi_d2iz
                0x0000000008000ba8                __fixdfsi
 .text          0x0000000008000bf8       0x40 c:/st/stm32cubeide_1.3.0/stm32cubeide/plugins/com.st.stm32cube.ide.mcu.externaltools.gnu-tools-for-stm32.7-2018-q2-update.win32_1.5.0.202011040924/tools/bin/../lib/gcc/arm-none-eabi/7.3.1/thumb/v7e-m/fpv4-sp/hard\libgcc.a(_arm_fixunsdfsi.o)
                0x0000000008000bf8                __aeabi_d2uiz
                0x0000000008000bf8                __fixunsdfsi
 .text          0x0000000008000c38       0xa0 c:/st/stm32cubeide_1.3.0/stm32cubeide/plugins/com.st.stm32cube.ide.mcu.externaltools.gnu-tools-for-stm32.7-2018-q2-update.win32_1.5.0.202011040924/tools/bin/../lib/gcc/arm-none-eabi/7.3.1/thumb/v7e-m/fpv4-sp/hard\libgcc.a(_arm_truncdfsf2.o)
                0x0000000008000c38                __truncdfsf2
                0x0000000008000c38                __aeabi_d2f
 .text          0x0000000008000cd8       0x30 c:/st/stm32cubeide_1.3.0/stm32cubeide/plugins/com.st.stm32cube.ide.mcu.externaltools.gnu-tools-for-stm32.7-2018-q2-update.win32_1.5.0.202011040924/tools/bin/../lib/gcc/arm-none-eabi/7.3.1/thumb/v7e-m/fpv4-sp/hard\libgcc.a(_aeabi_uldivmod.o)
                0x0000000008000cd8                __aeabi_uldivmod
 .text          0x0000000008000d08      0x2cc c:/st/stm32cubeide_1.3.0/stm32cubeide/plugins/com.st.stm32cube.ide.mcu.externaltools.gnu-tools-for-stm32.7-2018-q2-update.win32_1.5.0.202011040924/tools/bin/../lib/gcc/arm-none-eabi/7.3.1/thumb/v7e-m/fpv4-sp/hard\libgcc.a(_udivmoddi4.o)
                0x0000000008000d08                __udivmoddi4
 .text          0x0000000008000fd4        0x4 c:/st/stm32cubeide_1.3.0/stm32cubeide/plugins/com.st.stm32cube.ide.mcu.externaltools.gnu-tools-for-stm32.7-2018-q2-update.win32_1.5.0.202011040924/tools/bin/../lib/gcc/arm-none-eabi/7.3.1/thumb/v7e-m/fpv4-sp/hard\libgcc.a(_dvmd_tls.o)
                0x0000000008000fd4                __aeabi_idiv0
                0x0000000008000fd4                __aeabi_ldiv0
 *(.text*)
 .text.acis_gui_task
                0x0000000008000fd8       0xe4 Core/Src/acis.o
 .text.acis_main_task
                0x00000000080010bc       0x2c Core/Src/acis.o
                0x00000000080010bc                acis_main_task
 .text.acis_parse_command
                0x00000000080010e8       0x1a Core/Src/acis.o
                0x00000000080010e8                acis_parse_command
 *fill*         0x0000000008001102        0x2 
 .text.controls_irq
                0x0000000008001104      0x5f0 Core/Src/controls.o
                0x0000000008001104                controls_irq
 .text.CRC16_RegisterHardware
                0x00000000080016f4       0x38 Core/Src/crc.o
                0x00000000080016f4                CRC16_RegisterHardware
 .text.CRC8_Generate
                0x000000000800172c       0x80 Core/Src/crc.o
                0x000000000800172c                CRC8_Generate
 .text.DelayInit
                0x00000000080017ac       0xa0 Core/Src/delay.o
                0x00000000080017ac                DelayInit
 .text.DelayNs  0x000000000800184c       0x40 Core/Src/delay.o
                0x000000000800184c                DelayNs
 .text.DelayUs  0x000000000800188c       0x30 Core/Src/delay.o
                0x000000000800188c                DelayUs
 .text.DelayMs  0x00000000080018bc       0x20 Core/Src/delay.o
                0x00000000080018bc                DelayMs
 .text.DelayDiff
                0x00000000080018dc       0x44 Core/Src/delay.o
                0x00000000080018dc                DelayDiff
 .text.lcd_data
                0x0000000008001920       0x7c Core/Src/lcd12864.o
 .text.lcd_command
                0x000000000800199c       0x7c Core/Src/lcd12864.o
 .text.lcd_update
                0x0000000008001a18       0xc8 Core/Src/lcd12864.o
                0x0000000008001a18                lcd_update
 .text.lcd_reset
                0x0000000008001ae0       0x50 Core/Src/lcd12864.o
                0x0000000008001ae0                lcd_reset
 .text.lcd_clear
                0x0000000008001b30       0x4c Core/Src/lcd12864.o
                0x0000000008001b30                lcd_clear
 .text.lcd_drawpoint
                0x0000000008001b7c       0x68 Core/Src/lcd12864.o
                0x0000000008001b7c                lcd_drawpoint
 .text.lcd_clearpoint
                0x0000000008001be4       0x6c Core/Src/lcd12864.o
                0x0000000008001be4                lcd_clearpoint
 .text.lcd_rect_solid
                0x0000000008001c50       0xb6 Core/Src/lcd12864.o
                0x0000000008001c50                lcd_rect_solid
 .text.lcd_rect
                0x0000000008001d06      0x152 Core/Src/lcd12864.o
                0x0000000008001d06                lcd_rect
 .text.lcd_init
                0x0000000008001e58       0x50 Core/Src/lcd12864.o
                0x0000000008001e58                lcd_init
 .text.HAL_TIM_PeriodElapsedCallback
                0x0000000008001ea8       0x20 Core/Src/main.o
                0x0000000008001ea8                HAL_TIM_PeriodElapsedCallback
 .text.showlogo
                0x0000000008001ec8       0x54 Core/Src/main.o
 .text.main     0x0000000008001f1c       0xb8 Core/Src/main.o
                0x0000000008001f1c                main
 .text.SystemClock_Config
                0x0000000008001fd4      0x124 Core/Src/main.o
                0x0000000008001fd4                SystemClock_Config
 .text.MX_CRC_Init
                0x00000000080020f8       0x58 Core/Src/main.o
 .text.MX_ADC1_Init
                0x0000000008002150       0xa8 Core/Src/main.o
 .text.MX_TIM2_Init
                0x00000000080021f8       0xb4 Core/Src/main.o
 .text.MX_TIM7_Init
                0x00000000080022ac       0x6c Core/Src/main.o
 .text.MX_TIM10_Init
                0x0000000008002318       0xb0 Core/Src/main.o
 .text.MX_USART1_UART_Init
                0x00000000080023c8       0x60 Core/Src/main.o
 .text.MX_USART3_UART_Init
                0x0000000008002428       0x60 Core/Src/main.o
 .text.MX_DMA_Init
                0x0000000008002488       0x84 Core/Src/main.o
 .text.MX_GPIO_Init
                0x000000000800250c      0x218 Core/Src/main.o
 .text.Error_Handler
                0x0000000008002724        0x8 Core/Src/main.o
                0x0000000008002724                Error_Handler
 .text.HAL_MspInit
                0x000000000800272c       0x50 Core/Src/stm32f7xx_hal_msp.o
                0x000000000800272c                HAL_MspInit
 .text.HAL_ADC_MspInit
                0x000000000800277c       0x4c Core/Src/stm32f7xx_hal_msp.o
                0x000000000800277c                HAL_ADC_MspInit
 .text.HAL_TIM_PWM_MspInit
                0x00000000080027c8       0x3c Core/Src/stm32f7xx_hal_msp.o
                0x00000000080027c8                HAL_TIM_PWM_MspInit
 .text.HAL_TIM_Base_MspInit
                0x0000000008002804       0x74 Core/Src/stm32f7xx_hal_msp.o
                0x0000000008002804                HAL_TIM_Base_MspInit
 .text.HAL_TIM_MspPostInit
                0x0000000008002878       0x94 Core/Src/stm32f7xx_hal_msp.o
                0x0000000008002878                HAL_TIM_MspPostInit
 .text.HAL_UART_MspInit
                0x000000000800290c      0x298 Core/Src/stm32f7xx_hal_msp.o
                0x000000000800290c                HAL_UART_MspInit
 .text.NMI_Handler
                0x0000000008002ba4        0x6 Core/Src/stm32f7xx_it.o
                0x0000000008002ba4                NMI_Handler
 .text.HardFault_Handler
                0x0000000008002baa        0x6 Core/Src/stm32f7xx_it.o
                0x0000000008002baa                HardFault_Handler
 .text.MemManage_Handler
                0x0000000008002bb0        0x6 Core/Src/stm32f7xx_it.o
                0x0000000008002bb0                MemManage_Handler
 .text.BusFault_Handler
                0x0000000008002bb6        0x6 Core/Src/stm32f7xx_it.o
                0x0000000008002bb6                BusFault_Handler
 .text.UsageFault_Handler
                0x0000000008002bbc        0x6 Core/Src/stm32f7xx_it.o
                0x0000000008002bbc                UsageFault_Handler
 .text.DebugMon_Handler
                0x0000000008002bc2        0xe Core/Src/stm32f7xx_it.o
                0x0000000008002bc2                DebugMon_Handler
 .text.SysTick_Handler
                0x0000000008002bd0       0x1a Core/Src/stm32f7xx_it.o
                0x0000000008002bd0                SysTick_Handler
 *fill*         0x0000000008002bea        0x2 
 .text.DMA1_Stream1_IRQHandler
                0x0000000008002bec       0x14 Core/Src/stm32f7xx_it.o
                0x0000000008002bec                DMA1_Stream1_IRQHandler
 .text.DMA1_Stream3_IRQHandler
                0x0000000008002c00       0x14 Core/Src/stm32f7xx_it.o
                0x0000000008002c00                DMA1_Stream3_IRQHandler
 .text.ADC_IRQHandler
                0x0000000008002c14       0x14 Core/Src/stm32f7xx_it.o
                0x0000000008002c14                ADC_IRQHandler
 .text.USART3_IRQHandler
                0x0000000008002c28       0x14 Core/Src/stm32f7xx_it.o
                0x0000000008002c28                USART3_IRQHandler
 .text.TIM7_IRQHandler
                0x0000000008002c3c       0x14 Core/Src/stm32f7xx_it.o
                0x0000000008002c3c                TIM7_IRQHandler
 .text.DMA2_Stream2_IRQHandler
                0x0000000008002c50       0x14 Core/Src/stm32f7xx_it.o
                0x0000000008002c50                DMA2_Stream2_IRQHandler
 .text.DMA2_Stream7_IRQHandler
                0x0000000008002c64       0x14 Core/Src/stm32f7xx_it.o
                0x0000000008002c64                DMA2_Stream7_IRQHandler
 .text._sbrk    0x0000000008002c78       0x6c Core/Src/sysmem.o
                0x0000000008002c78                _sbrk
 .text.SystemInit
                0x0000000008002ce4       0x2c Core/Src/system_stm32f7xx.o
                0x0000000008002ce4                SystemInit
 .text.Msg_GetSrc
                0x0000000008002d10       0x1c Core/Src/xCommand.o
 .text.Msg_GetDest
                0x0000000008002d2c       0x20 Core/Src/xCommand.o
 .text.acker    0x0000000008002d4c       0x9c Core/Src/xCommand.o
 .text.parser   0x0000000008002de8      0x1f8 Core/Src/xCommand.o
 .text.lookByte
                0x0000000008002fe0       0x22 Core/Src/xCommand.o
 *fill*         0x0000000008003002        0x2 
 .text.countCRC8
                0x0000000008003004       0x50 Core/Src/xCommand.o
 .text.countCRC16
                0x0000000008003054       0x58 Core/Src/xCommand.o
 .text.initFIFOs
                0x00000000080030ac       0x60 Core/Src/xCommand.o
                0x00000000080030ac                initFIFOs
 .text.Getter   0x000000000800310c      0x1d0 Core/Src/xCommand.o
 .text.xGetter  0x00000000080032dc       0x50 Core/Src/xCommand.o
                0x00000000080032dc                xGetter
 .text.infoGetSize
                0x000000000800332c       0x3c Core/Src/xProFIFO.o
 .text.infoGetAvail
                0x0000000008003368       0x1e Core/Src/xProFIFO.o
 .text.infoCorrect
                0x0000000008003386       0x2e Core/Src/xProFIFO.o
 .text.infoMovePar
                0x00000000080033b4       0x24 Core/Src/xProFIFO.o
 .text.infoIsSome
                0x00000000080033d8       0x26 Core/Src/xProFIFO.o
 .text.protMovePar
                0x00000000080033fe       0x3a Core/Src/xProFIFO.o
 .text.protGetSize
                0x0000000008003438       0x3c Core/Src/xProFIFO.o
                0x0000000008003438                protGetSize
 .text.protInit
                0x0000000008003474       0x54 Core/Src/xProFIFO.o
                0x0000000008003474                protInit
 .text.interPut
                0x00000000080034c8       0x34 Core/Src/xProFIFO.o
 .text.interGet
                0x00000000080034fc       0x34 Core/Src/xProFIFO.o
 .text.interLook
                0x0000000008003530       0x36 Core/Src/xProFIFO.o
 .text.interPush
                0x0000000008003566       0x48 Core/Src/xProFIFO.o
 .text.interPull
                0x00000000080035ae       0x40 Core/Src/xProFIFO.o
 .text.interPushSequence
                0x00000000080035ee       0x50 Core/Src/xProFIFO.o
 .text.protPushSequence
                0x000000000800363e       0x40 Core/Src/xProFIFO.o
                0x000000000800363e                protPushSequence
 .text.protPush
                0x000000000800367e       0x3c Core/Src/xProFIFO.o
                0x000000000800367e                protPush
 .text.protPull
                0x00000000080036ba       0x3c Core/Src/xProFIFO.o
                0x00000000080036ba                protPull
 .text.protLook
                0x00000000080036f6       0x4c Core/Src/xProFIFO.o
                0x00000000080036f6                protLook
 .text.protMoveRead
                0x0000000008003742       0x22 Core/Src/xProFIFO.o
                0x0000000008003742                protMoveRead
 .text.Reset_Handler
                0x0000000008003764       0x50 Core/Startup/startup_stm32f722retx.o
                0x0000000008003764                Reset_Handler
 .text.Default_Handler
                0x00000000080037b4        0x2 Core/Startup/startup_stm32f722retx.o
                0x00000000080037b4                RTC_Alarm_IRQHandler
                0x00000000080037b4                EXTI2_IRQHandler
                0x00000000080037b4                TIM8_CC_IRQHandler
                0x00000000080037b4                UART8_IRQHandler
                0x00000000080037b4                SPI4_IRQHandler
                0x00000000080037b4                TIM1_CC_IRQHandler
                0x00000000080037b4                DMA2_Stream5_IRQHandler
                0x00000000080037b4                DMA1_Stream5_IRQHandler
                0x00000000080037b4                PVD_IRQHandler
                0x00000000080037b4                TAMP_STAMP_IRQHandler
                0x00000000080037b4                EXTI3_IRQHandler
                0x00000000080037b4                TIM8_TRG_COM_TIM14_IRQHandler
                0x00000000080037b4                TIM1_UP_TIM10_IRQHandler
                0x00000000080037b4                TIM8_UP_TIM13_IRQHandler
                0x00000000080037b4                I2C3_ER_IRQHandler
                0x00000000080037b4                EXTI0_IRQHandler
                0x00000000080037b4                I2C2_EV_IRQHandler
                0x00000000080037b4                DMA1_Stream2_IRQHandler
                0x00000000080037b4                CAN1_RX0_IRQHandler
                0x00000000080037b4                FPU_IRQHandler
                0x00000000080037b4                OTG_HS_WKUP_IRQHandler
                0x00000000080037b4                SPI1_IRQHandler
                0x00000000080037b4                TIM6_DAC_IRQHandler
                0x00000000080037b4                TIM1_BRK_TIM9_IRQHandler
                0x00000000080037b4                DMA2_Stream3_IRQHandler
                0x00000000080037b4                SAI2_IRQHandler
                0x00000000080037b4                USART6_IRQHandler
                0x00000000080037b4                CAN1_RX1_IRQHandler
                0x00000000080037b4                UART5_IRQHandler
                0x00000000080037b4                DMA2_Stream0_IRQHandler
                0x00000000080037b4                TIM4_IRQHandler
                0x00000000080037b4                QUADSPI_IRQHandler
                0x00000000080037b4                I2C1_EV_IRQHandler
                0x00000000080037b4                DMA1_Stream6_IRQHandler
                0x00000000080037b4                UART4_IRQHandler
                0x00000000080037b4                TIM3_IRQHandler
                0x00000000080037b4                RCC_IRQHandler
                0x00000000080037b4                TIM8_BRK_TIM12_IRQHandler
                0x00000000080037b4                Default_Handler
                0x00000000080037b4                EXTI15_10_IRQHandler
                0x00000000080037b4                DMA1_Stream7_IRQHandler
                0x00000000080037b4                SPI5_IRQHandler
                0x00000000080037b4                SDMMC1_IRQHandler
                0x00000000080037b4                TIM5_IRQHandler
                0x00000000080037b4                I2C3_EV_IRQHandler
                0x00000000080037b4                EXTI9_5_IRQHandler
                0x00000000080037b4                RTC_WKUP_IRQHandler
                0x00000000080037b4                SPI2_IRQHandler
                0x00000000080037b4                OTG_HS_EP1_IN_IRQHandler
                0x00000000080037b4                DMA1_Stream0_IRQHandler
                0x00000000080037b4                CAN1_TX_IRQHandler
                0x00000000080037b4                EXTI4_IRQHandler
                0x00000000080037b4                RNG_IRQHandler
                0x00000000080037b4                OTG_HS_EP1_OUT_IRQHandler
                0x00000000080037b4                WWDG_IRQHandler
                0x00000000080037b4                TIM2_IRQHandler
                0x00000000080037b4                OTG_FS_WKUP_IRQHandler
                0x00000000080037b4                TIM1_TRG_COM_TIM11_IRQHandler
                0x00000000080037b4                OTG_HS_IRQHandler
                0x00000000080037b4                EXTI1_IRQHandler
                0x00000000080037b4                SDMMC2_IRQHandler
                0x00000000080037b4                UART7_IRQHandler
                0x00000000080037b4                USART2_IRQHandler
                0x00000000080037b4                I2C2_ER_IRQHandler
                0x00000000080037b4                DMA2_Stream1_IRQHandler
                0x00000000080037b4                CAN1_SCE_IRQHandler
                0x00000000080037b4                FLASH_IRQHandler
                0x00000000080037b4                DMA2_Stream4_IRQHandler
                0x00000000080037b4                USART1_IRQHandler
                0x00000000080037b4                OTG_FS_IRQHandler
                0x00000000080037b4                SPI3_IRQHandler
                0x00000000080037b4                DMA1_Stream4_IRQHandler
                0x00000000080037b4                I2C1_ER_IRQHandler
                0x00000000080037b4                FMC_IRQHandler
                0x00000000080037b4                LPTIM1_IRQHandler
                0x00000000080037b4                DMA2_Stream6_IRQHandler
                0x00000000080037b4                SAI1_IRQHandler
 *fill*         0x00000000080037b6        0x2 
 .text.HAL_InitTick
                0x00000000080037b8       0x48 Drivers/STM32F7xx_HAL_Driver/Src/stm32f7xx_hal.o
                0x00000000080037b8                HAL_InitTick
 .text.HAL_Init
                0x0000000008003800       0x16 Drivers/STM32F7xx_HAL_Driver/Src/stm32f7xx_hal.o
                0x0000000008003800                HAL_Init
 *fill*         0x0000000008003816        0x2 
 .text.HAL_IncTick
                0x0000000008003818       0x18 Drivers/STM32F7xx_HAL_Driver/Src/stm32f7xx_hal.o
                0x0000000008003818                HAL_IncTick
 .text.HAL_GetTick
                0x0000000008003830        0xc Drivers/STM32F7xx_HAL_Driver/Src/stm32f7xx_hal.o
                0x0000000008003830                HAL_GetTick
 .text.HAL_ADC_Init
                0x000000000800383c      0x14c Drivers/STM32F7xx_HAL_Driver/Src/stm32f7xx_hal_adc.o
                0x000000000800383c                HAL_ADC_Init
 .text.HAL_ADC_ConvCpltCallback
                0x0000000008003988        0x2 Drivers/STM32F7xx_HAL_Driver/Src/stm32f7xx_hal_adc.o
                0x0000000008003988                HAL_ADC_ConvCpltCallback
 .text.HAL_ADC_LevelOutOfWindowCallback
                0x000000000800398a        0x2 Drivers/STM32F7xx_HAL_Driver/Src/stm32f7xx_hal_adc.o
                0x000000000800398a                HAL_ADC_LevelOutOfWindowCallback
 .text.HAL_ADC_ErrorCallback
                0x000000000800398c        0x2 Drivers/STM32F7xx_HAL_Driver/Src/stm32f7xx_hal_adc.o
                0x000000000800398c                HAL_ADC_ErrorCallback
 .text.HAL_ADC_IRQHandler
                0x000000000800398e      0x128 Drivers/STM32F7xx_HAL_Driver/Src/stm32f7xx_hal_adc.o
                0x000000000800398e                HAL_ADC_IRQHandler
 *fill*         0x0000000008003ab6        0x2 
 .text.HAL_ADC_ConfigChannel
                0x0000000008003ab8      0x148 Drivers/STM32F7xx_HAL_Driver/Src/stm32f7xx_hal_adc.o
                0x0000000008003ab8                HAL_ADC_ConfigChannel
 .text.HAL_ADCEx_InjectedConvCpltCallback
                0x0000000008003c00        0x2 Drivers/STM32F7xx_HAL_Driver/Src/stm32f7xx_hal_adc_ex.o
                0x0000000008003c00                HAL_ADCEx_InjectedConvCpltCallback
 *fill*         0x0000000008003c02        0x2 
 .text.HAL_NVIC_SetPriorityGrouping
                0x0000000008003c04       0x24 Drivers/STM32F7xx_HAL_Driver/Src/stm32f7xx_hal_cortex.o
                0x0000000008003c04                HAL_NVIC_SetPriorityGrouping
 .text.HAL_NVIC_SetPriority
                0x0000000008003c28       0x64 Drivers/STM32F7xx_HAL_Driver/Src/stm32f7xx_hal_cortex.o
                0x0000000008003c28                HAL_NVIC_SetPriority
 .text.HAL_NVIC_EnableIRQ
                0x0000000008003c8c       0x1c Drivers/STM32F7xx_HAL_Driver/Src/stm32f7xx_hal_cortex.o
                0x0000000008003c8c                HAL_NVIC_EnableIRQ
 .text.HAL_SYSTICK_Config
                0x0000000008003ca8       0x2c Drivers/STM32F7xx_HAL_Driver/Src/stm32f7xx_hal_cortex.o
                0x0000000008003ca8                HAL_SYSTICK_Config
 .text.CRC_Handle_8
                0x0000000008003cd4       0x6a Drivers/STM32F7xx_HAL_Driver/Src/stm32f7xx_hal_crc.o
 .text.CRC_Handle_16
                0x0000000008003d3e       0x2e Drivers/STM32F7xx_HAL_Driver/Src/stm32f7xx_hal_crc.o
 .text.HAL_CRC_MspInit
                0x0000000008003d6c        0x2 Drivers/STM32F7xx_HAL_Driver/Src/stm32f7xx_hal_crc.o
                0x0000000008003d6c                HAL_CRC_MspInit
 *fill*         0x0000000008003d6e        0x2 
 .text.HAL_CRC_Init
                0x0000000008003d70       0x74 Drivers/STM32F7xx_HAL_Driver/Src/stm32f7xx_hal_crc.o
                0x0000000008003d70                HAL_CRC_Init
 .text.HAL_CRC_Calculate
                0x0000000008003de4       0x48 Drivers/STM32F7xx_HAL_Driver/Src/stm32f7xx_hal_crc.o
                0x0000000008003de4                HAL_CRC_Calculate
 .text.HAL_CRCEx_Polynomial_Set
                0x0000000008003e2c       0x44 Drivers/STM32F7xx_HAL_Driver/Src/stm32f7xx_hal_crc_ex.o
                0x0000000008003e2c                HAL_CRCEx_Polynomial_Set
 .text.DMA_CalcBaseAndBitshift
                0x0000000008003e70       0x2c Drivers/STM32F7xx_HAL_Driver/Src/stm32f7xx_hal_dma.o
 .text.HAL_DMA_Init
                0x0000000008003e9c       0xfc Drivers/STM32F7xx_HAL_Driver/Src/stm32f7xx_hal_dma.o
                0x0000000008003e9c                HAL_DMA_Init
 .text.HAL_DMA_Abort_IT
                0x0000000008003f98       0x24 Drivers/STM32F7xx_HAL_Driver/Src/stm32f7xx_hal_dma.o
                0x0000000008003f98                HAL_DMA_Abort_IT
 .text.HAL_DMA_IRQHandler
                0x0000000008003fbc      0x17c Drivers/STM32F7xx_HAL_Driver/Src/stm32f7xx_hal_dma.o
                0x0000000008003fbc                HAL_DMA_IRQHandler
 .text.HAL_GPIO_Init
                0x0000000008004138      0x1b8 Drivers/STM32F7xx_HAL_Driver/Src/stm32f7xx_hal_gpio.o
                0x0000000008004138                HAL_GPIO_Init
 .text.HAL_GPIO_WritePin
                0x00000000080042f0        0xa Drivers/STM32F7xx_HAL_Driver/Src/stm32f7xx_hal_gpio.o
                0x00000000080042f0                HAL_GPIO_WritePin
 *fill*         0x00000000080042fa        0x2 
 .text.HAL_PWREx_EnableOverDrive
                0x00000000080042fc       0x70 Drivers/STM32F7xx_HAL_Driver/Src/stm32f7xx_hal_pwr_ex.o
                0x00000000080042fc                HAL_PWREx_EnableOverDrive
 .text.HAL_RCC_OscConfig
                0x000000000800436c      0x378 Drivers/STM32F7xx_HAL_Driver/Src/stm32f7xx_hal_rcc.o
                0x000000000800436c                HAL_RCC_OscConfig
 .text.HAL_RCC_GetSysClockFreq
                0x00000000080046e4       0x5c Drivers/STM32F7xx_HAL_Driver/Src/stm32f7xx_hal_rcc.o
                0x00000000080046e4                HAL_RCC_GetSysClockFreq
 .text.HAL_RCC_ClockConfig
                0x0000000008004740      0x13c Drivers/STM32F7xx_HAL_Driver/Src/stm32f7xx_hal_rcc.o
                0x0000000008004740                HAL_RCC_ClockConfig
 .text.HAL_RCC_GetPCLK1Freq
                0x000000000800487c       0x20 Drivers/STM32F7xx_HAL_Driver/Src/stm32f7xx_hal_rcc.o
                0x000000000800487c                HAL_RCC_GetPCLK1Freq
 .text.HAL_RCC_GetPCLK2Freq
                0x000000000800489c       0x20 Drivers/STM32F7xx_HAL_Driver/Src/stm32f7xx_hal_rcc.o
                0x000000000800489c                HAL_RCC_GetPCLK2Freq
 .text.HAL_RCCEx_PeriphCLKConfig
                0x00000000080048bc      0x45c Drivers/STM32F7xx_HAL_Driver/Src/stm32f7xx_hal_rcc_ex.o
                0x00000000080048bc                HAL_RCCEx_PeriphCLKConfig
 .text.TIM_OC1_SetConfig
                0x0000000008004d18       0x68 Drivers/STM32F7xx_HAL_Driver/Src/stm32f7xx_hal_tim.o
 .text.TIM_OC3_SetConfig
                0x0000000008004d80       0x70 Drivers/STM32F7xx_HAL_Driver/Src/stm32f7xx_hal_tim.o
 .text.TIM_OC4_SetConfig
                0x0000000008004df0       0x50 Drivers/STM32F7xx_HAL_Driver/Src/stm32f7xx_hal_tim.o
 .text.TIM_OC5_SetConfig
                0x0000000008004e40       0x50 Drivers/STM32F7xx_HAL_Driver/Src/stm32f7xx_hal_tim.o
 .text.TIM_OC6_SetConfig
                0x0000000008004e90       0x50 Drivers/STM32F7xx_HAL_Driver/Src/stm32f7xx_hal_tim.o
 .text.HAL_TIM_Base_Start
                0x0000000008004ee0       0x30 Drivers/STM32F7xx_HAL_Driver/Src/stm32f7xx_hal_tim.o
                0x0000000008004ee0                HAL_TIM_Base_Start
 .text.HAL_TIM_Base_Start_IT
                0x0000000008004f10       0x2c Drivers/STM32F7xx_HAL_Driver/Src/stm32f7xx_hal_tim.o
                0x0000000008004f10                HAL_TIM_Base_Start_IT
 .text.HAL_TIM_OnePulse_MspInit
                0x0000000008004f3c        0x2 Drivers/STM32F7xx_HAL_Driver/Src/stm32f7xx_hal_tim.o
                0x0000000008004f3c                HAL_TIM_OnePulse_MspInit
 .text.HAL_TIM_OC_DelayElapsedCallback
                0x0000000008004f3e        0x2 Drivers/STM32F7xx_HAL_Driver/Src/stm32f7xx_hal_tim.o
                0x0000000008004f3e                HAL_TIM_OC_DelayElapsedCallback
 .text.HAL_TIM_IC_CaptureCallback
                0x0000000008004f40        0x2 Drivers/STM32F7xx_HAL_Driver/Src/stm32f7xx_hal_tim.o
                0x0000000008004f40                HAL_TIM_IC_CaptureCallback
 .text.HAL_TIM_PWM_PulseFinishedCallback
                0x0000000008004f42        0x2 Drivers/STM32F7xx_HAL_Driver/Src/stm32f7xx_hal_tim.o
                0x0000000008004f42                HAL_TIM_PWM_PulseFinishedCallback
 .text.HAL_TIM_TriggerCallback
                0x0000000008004f44        0x2 Drivers/STM32F7xx_HAL_Driver/Src/stm32f7xx_hal_tim.o
                0x0000000008004f44                HAL_TIM_TriggerCallback
 .text.HAL_TIM_IRQHandler
                0x0000000008004f46      0x160 Drivers/STM32F7xx_HAL_Driver/Src/stm32f7xx_hal_tim.o
                0x0000000008004f46                HAL_TIM_IRQHandler
 *fill*         0x00000000080050a6        0x2 
 .text.TIM_Base_SetConfig
                0x00000000080050a8       0xcc Drivers/STM32F7xx_HAL_Driver/Src/stm32f7xx_hal_tim.o
                0x00000000080050a8                TIM_Base_SetConfig
 .text.HAL_TIM_Base_Init
                0x0000000008005174       0x34 Drivers/STM32F7xx_HAL_Driver/Src/stm32f7xx_hal_tim.o
                0x0000000008005174                HAL_TIM_Base_Init
 .text.HAL_TIM_PWM_Init
                0x00000000080051a8       0x34 Drivers/STM32F7xx_HAL_Driver/Src/stm32f7xx_hal_tim.o
                0x00000000080051a8                HAL_TIM_PWM_Init
 .text.HAL_TIM_OnePulse_Init
                0x00000000080051dc       0x46 Drivers/STM32F7xx_HAL_Driver/Src/stm32f7xx_hal_tim.o
                0x00000000080051dc                HAL_TIM_OnePulse_Init
 *fill*         0x0000000008005222        0x2 
 .text.TIM_OC2_SetConfig
                0x0000000008005224       0x70 Drivers/STM32F7xx_HAL_Driver/Src/stm32f7xx_hal_tim.o
                0x0000000008005224                TIM_OC2_SetConfig
 .text.HAL_TIM_PWM_ConfigChannel
                0x0000000008005294      0x10a Drivers/STM32F7xx_HAL_Driver/Src/stm32f7xx_hal_tim.o
                0x0000000008005294                HAL_TIM_PWM_ConfigChannel
 .text.TIM_ETR_SetConfig
                0x000000000800539e       0x14 Drivers/STM32F7xx_HAL_Driver/Src/stm32f7xx_hal_tim.o
                0x000000000800539e                TIM_ETR_SetConfig
 *fill*         0x00000000080053b2        0x2 
 .text.HAL_TIM_ConfigClockSource
                0x00000000080053b4      0x128 Drivers/STM32F7xx_HAL_Driver/Src/stm32f7xx_hal_tim.o
                0x00000000080053b4                HAL_TIM_ConfigClockSource
 .text.TIM_CCxChannelCmd
                0x00000000080054dc       0x1c Drivers/STM32F7xx_HAL_Driver/Src/stm32f7xx_hal_tim.o
                0x00000000080054dc                TIM_CCxChannelCmd
 .text.HAL_TIM_OC_Start
                0x00000000080054f8       0x48 Drivers/STM32F7xx_HAL_Driver/Src/stm32f7xx_hal_tim.o
                0x00000000080054f8                HAL_TIM_OC_Start
 .text.HAL_TIM_PWM_Start
                0x0000000008005540        0x4 Drivers/STM32F7xx_HAL_Driver/Src/stm32f7xx_hal_tim.o
                0x0000000008005540                HAL_TIM_PWM_Start
 .text.HAL_TIMEx_MasterConfigSynchronization
                0x0000000008005544       0x9c Drivers/STM32F7xx_HAL_Driver/Src/stm32f7xx_hal_tim_ex.o
                0x0000000008005544                HAL_TIMEx_MasterConfigSynchronization
 .text.HAL_TIMEx_CommutCallback
                0x00000000080055e0        0x2 Drivers/STM32F7xx_HAL_Driver/Src/stm32f7xx_hal_tim_ex.o
                0x00000000080055e0                HAL_TIMEx_CommutCallback
 .text.HAL_TIMEx_BreakCallback
                0x00000000080055e2        0x2 Drivers/STM32F7xx_HAL_Driver/Src/stm32f7xx_hal_tim_ex.o
                0x00000000080055e2                HAL_TIMEx_BreakCallback
 .text.HAL_TIMEx_Break2Callback
                0x00000000080055e4        0x2 Drivers/STM32F7xx_HAL_Driver/Src/stm32f7xx_hal_tim_ex.o
                0x00000000080055e4                HAL_TIMEx_Break2Callback
 .text.UART_EndRxTransfer
                0x00000000080055e6       0x1c Drivers/STM32F7xx_HAL_Driver/Src/stm32f7xx_hal_uart.o
 .text.HAL_UART_TxCpltCallback
                0x0000000008005602        0x2 Drivers/STM32F7xx_HAL_Driver/Src/stm32f7xx_hal_uart.o
                0x0000000008005602                HAL_UART_TxCpltCallback
 .text.HAL_UART_ErrorCallback
                0x0000000008005604        0x2 Drivers/STM32F7xx_HAL_Driver/Src/stm32f7xx_hal_uart.o
                0x0000000008005604                HAL_UART_ErrorCallback
 *fill*         0x0000000008005606        0x2 
 .text.HAL_UART_IRQHandler
                0x0000000008005608      0x12c Drivers/STM32F7xx_HAL_Driver/Src/stm32f7xx_hal_uart.o
                0x0000000008005608                HAL_UART_IRQHandler
 .text.UART_DMAAbortOnError
                0x0000000008005734       0x14 Drivers/STM32F7xx_HAL_Driver/Src/stm32f7xx_hal_uart.o
 .text.UART_SetConfig
                0x0000000008005748      0x2b0 Drivers/STM32F7xx_HAL_Driver/Src/stm32f7xx_hal_uart.o
                0x0000000008005748                UART_SetConfig
 .text.UART_AdvFeatureConfig
                0x00000000080059f8       0xaa Drivers/STM32F7xx_HAL_Driver/Src/stm32f7xx_hal_uart.o
                0x00000000080059f8                UART_AdvFeatureConfig
 .text.UART_WaitOnFlagUntilTimeout
                0x0000000008005aa2       0x84 Drivers/STM32F7xx_HAL_Driver/Src/stm32f7xx_hal_uart.o
                0x0000000008005aa2                UART_WaitOnFlagUntilTimeout
 .text.UART_CheckIdleState
                0x0000000008005b26       0x40 Drivers/STM32F7xx_HAL_Driver/Src/stm32f7xx_hal_uart.o
                0x0000000008005b26                UART_CheckIdleState
 .text.HAL_UART_Init
                0x0000000008005b66       0x5c Drivers/STM32F7xx_HAL_Driver/Src/stm32f7xx_hal_uart.o
                0x0000000008005b66                HAL_UART_Init
 *fill*         0x0000000008005bc2        0x2 
 .text.osKernelInitialize
                0x0000000008005bc4       0x34 Middlewares/Third_Party/FreeRTOS/Source/CMSIS_RTOS_V2/cmsis_os2.o
                0x0000000008005bc4                osKernelInitialize
 .text.osKernelStart
                0x0000000008005bf8       0x40 Middlewares/Third_Party/FreeRTOS/Source/CMSIS_RTOS_V2/cmsis_os2.o
                0x0000000008005bf8                osKernelStart
 .text.osThreadNew
                0x0000000008005c38       0xb0 Middlewares/Third_Party/FreeRTOS/Source/CMSIS_RTOS_V2/cmsis_os2.o
                0x0000000008005c38                osThreadNew
 .text.osDelay  0x0000000008005ce8       0x34 Middlewares/Third_Party/FreeRTOS/Source/CMSIS_RTOS_V2/cmsis_os2.o
                0x0000000008005ce8                osDelay
 .text.osMutexNew
                0x0000000008005d1c       0x84 Middlewares/Third_Party/FreeRTOS/Source/CMSIS_RTOS_V2/cmsis_os2.o
                0x0000000008005d1c                osMutexNew
 .text.osMutexAcquire
                0x0000000008005da0       0x60 Middlewares/Third_Party/FreeRTOS/Source/CMSIS_RTOS_V2/cmsis_os2.o
                0x0000000008005da0                osMutexAcquire
 .text.osMutexRelease
                0x0000000008005e00       0x54 Middlewares/Third_Party/FreeRTOS/Source/CMSIS_RTOS_V2/cmsis_os2.o
                0x0000000008005e00                osMutexRelease
 .text.vApplicationGetIdleTaskMemory
                0x0000000008005e54       0x18 Middlewares/Third_Party/FreeRTOS/Source/CMSIS_RTOS_V2/cmsis_os2.o
                0x0000000008005e54                vApplicationGetIdleTaskMemory
 .text.vApplicationGetTimerTaskMemory
                0x0000000008005e6c       0x18 Middlewares/Third_Party/FreeRTOS/Source/CMSIS_RTOS_V2/cmsis_os2.o
                0x0000000008005e6c                vApplicationGetTimerTaskMemory
 .text.vListInitialise
                0x0000000008005e84       0x16 Middlewares/Third_Party/FreeRTOS/Source/list.o
                0x0000000008005e84                vListInitialise
 .text.vListInitialiseItem
                0x0000000008005e9a        0x6 Middlewares/Third_Party/FreeRTOS/Source/list.o
                0x0000000008005e9a                vListInitialiseItem
 .text.vListInsertEnd
                0x0000000008005ea0       0x18 Middlewares/Third_Party/FreeRTOS/Source/list.o
                0x0000000008005ea0                vListInsertEnd
 .text.vListInsert
                0x0000000008005eb8       0x2e Middlewares/Third_Party/FreeRTOS/Source/list.o
                0x0000000008005eb8                vListInsert
 .text.uxListRemove
                0x0000000008005ee6       0x22 Middlewares/Third_Party/FreeRTOS/Source/list.o
                0x0000000008005ee6                uxListRemove
 .text.prvIsQueueEmpty
                0x0000000008005f08       0x16 Middlewares/Third_Party/FreeRTOS/Source/queue.o
 .text.prvCopyDataToQueue
                0x0000000008005f1e       0x66 Middlewares/Third_Party/FreeRTOS/Source/queue.o
 .text.prvCopyDataFromQueue
                0x0000000008005f84       0x2a Middlewares/Third_Party/FreeRTOS/Source/queue.o
 .text.prvUnlockQueue
                0x0000000008005fae       0x70 Middlewares/Third_Party/FreeRTOS/Source/queue.o
 *fill*         0x000000000800601e        0x2 
 .text.xQueueGenericReset
                0x0000000008006020       0x84 Middlewares/Third_Party/FreeRTOS/Source/queue.o
                0x0000000008006020                xQueueGenericReset
 .text.xQueueGenericCreateStatic
                0x00000000080060a4       0xb0 Middlewares/Third_Party/FreeRTOS/Source/queue.o
                0x00000000080060a4                xQueueGenericCreateStatic
 .text.xQueueGenericCreate
                0x0000000008006154       0x52 Middlewares/Third_Party/FreeRTOS/Source/queue.o
                0x0000000008006154                xQueueGenericCreate
 *fill*         0x00000000080061a6        0x2 
 .text.xQueueGenericSend
                0x00000000080061a8      0x174 Middlewares/Third_Party/FreeRTOS/Source/queue.o
                0x00000000080061a8                xQueueGenericSend
 .text.xQueueCreateMutexStatic
                0x000000000800631c       0x2a Middlewares/Third_Party/FreeRTOS/Source/queue.o
                0x000000000800631c                xQueueCreateMutexStatic
 .text.xQueueGiveMutexRecursive
                0x0000000008006346       0x40 Middlewares/Third_Party/FreeRTOS/Source/queue.o
                0x0000000008006346                xQueueGiveMutexRecursive
 .text.xQueueCreateMutex
                0x0000000008006386       0x24 Middlewares/Third_Party/FreeRTOS/Source/queue.o
                0x0000000008006386                xQueueCreateMutex
 .text.xQueueGenericSendFromISR
                0x00000000080063aa       0xd2 Middlewares/Third_Party/FreeRTOS/Source/queue.o
                0x00000000080063aa                xQueueGenericSendFromISR
 .text.xQueueReceive
                0x000000000800647c      0x14c Middlewares/Third_Party/FreeRTOS/Source/queue.o
                0x000000000800647c                xQueueReceive
 .text.xQueueSemaphoreTake
                0x00000000080065c8      0x194 Middlewares/Third_Party/FreeRTOS/Source/queue.o
                0x00000000080065c8                xQueueSemaphoreTake
 .text.xQueueTakeMutexRecursive
                0x000000000800675c       0x46 Middlewares/Third_Party/FreeRTOS/Source/queue.o
                0x000000000800675c                xQueueTakeMutexRecursive
 *fill*         0x00000000080067a2        0x2 
 .text.vQueueAddToRegistry
                0x00000000080067a4       0x24 Middlewares/Third_Party/FreeRTOS/Source/queue.o
                0x00000000080067a4                vQueueAddToRegistry
 .text.vQueueWaitForMessageRestricted
                0x00000000080067c8       0x46 Middlewares/Third_Party/FreeRTOS/Source/queue.o
                0x00000000080067c8                vQueueWaitForMessageRestricted
 *fill*         0x000000000800680e        0x2 
 .text.prvAddNewTaskToReadyList
                0x0000000008006810       0xfc Middlewares/Third_Party/FreeRTOS/Source/tasks.o
 .text.prvDeleteTCB
                0x000000000800690c       0x3a Middlewares/Third_Party/FreeRTOS/Source/tasks.o
 *fill*         0x0000000008006946        0x2 
 .text.prvIdleTask
                0x0000000008006948       0x64 Middlewares/Third_Party/FreeRTOS/Source/tasks.o
 .text.prvResetNextTaskUnblockTime
                0x00000000080069ac       0x24 Middlewares/Third_Party/FreeRTOS/Source/tasks.o
 .text.prvInitialiseNewTask.isra.2
                0x00000000080069d0       0x96 Middlewares/Third_Party/FreeRTOS/Source/tasks.o
 *fill*         0x0000000008006a66        0x2 
 .text.prvAddCurrentTaskToDelayedList
                0x0000000008006a68       0x74 Middlewares/Third_Party/FreeRTOS/Source/tasks.o
 .text.xTaskCreateStatic
                0x0000000008006adc       0x7c Middlewares/Third_Party/FreeRTOS/Source/tasks.o
                0x0000000008006adc                xTaskCreateStatic
 .text.xTaskCreate
                0x0000000008006b58       0x5a Middlewares/Third_Party/FreeRTOS/Source/tasks.o
                0x0000000008006b58                xTaskCreate
 *fill*         0x0000000008006bb2        0x2 
 .text.vTaskStartScheduler
                0x0000000008006bb4       0x90 Middlewares/Third_Party/FreeRTOS/Source/tasks.o
                0x0000000008006bb4                vTaskStartScheduler
 .text.vTaskSuspendAll
                0x0000000008006c44       0x10 Middlewares/Third_Party/FreeRTOS/Source/tasks.o
                0x0000000008006c44                vTaskSuspendAll
 .text.xTaskGetTickCount
                0x0000000008006c54        0xc Middlewares/Third_Party/FreeRTOS/Source/tasks.o
                0x0000000008006c54                xTaskGetTickCount
 .text.xTaskIncrementTick
                0x0000000008006c60      0x124 Middlewares/Third_Party/FreeRTOS/Source/tasks.o
                0x0000000008006c60                xTaskIncrementTick
 .text.xTaskResumeAll
                0x0000000008006d84       0xec Middlewares/Third_Party/FreeRTOS/Source/tasks.o
                0x0000000008006d84                xTaskResumeAll
 .text.vTaskDelay
                0x0000000008006e70       0x4c Middlewares/Third_Party/FreeRTOS/Source/tasks.o
                0x0000000008006e70                vTaskDelay
 .text.vTaskSwitchContext
                0x0000000008006ebc       0x7c Middlewares/Third_Party/FreeRTOS/Source/tasks.o
                0x0000000008006ebc                vTaskSwitchContext
 .text.vTaskPlaceOnEventList
                0x0000000008006f38       0x38 Middlewares/Third_Party/FreeRTOS/Source/tasks.o
                0x0000000008006f38                vTaskPlaceOnEventList
 .text.vTaskPlaceOnEventListRestricted
                0x0000000008006f70       0x40 Middlewares/Third_Party/FreeRTOS/Source/tasks.o
                0x0000000008006f70                vTaskPlaceOnEventListRestricted
 .text.xTaskRemoveFromEventList
                0x0000000008006fb0       0x88 Middlewares/Third_Party/FreeRTOS/Source/tasks.o
                0x0000000008006fb0                xTaskRemoveFromEventList
 .text.vTaskInternalSetTimeOutState
                0x0000000008007038       0x18 Middlewares/Third_Party/FreeRTOS/Source/tasks.o
                0x0000000008007038                vTaskInternalSetTimeOutState
 .text.xTaskCheckForTimeOut
                0x0000000008007050       0x80 Middlewares/Third_Party/FreeRTOS/Source/tasks.o
                0x0000000008007050                xTaskCheckForTimeOut
 .text.vTaskMissedYield
                0x00000000080070d0        0xc Middlewares/Third_Party/FreeRTOS/Source/tasks.o
                0x00000000080070d0                vTaskMissedYield
 .text.xTaskGetCurrentTaskHandle
                0x00000000080070dc        0xc Middlewares/Third_Party/FreeRTOS/Source/tasks.o
                0x00000000080070dc                xTaskGetCurrentTaskHandle
 .text.xTaskGetSchedulerState
                0x00000000080070e8       0x20 Middlewares/Third_Party/FreeRTOS/Source/tasks.o
                0x00000000080070e8                xTaskGetSchedulerState
 .text.xTaskPriorityInherit
                0x0000000008007108       0x80 Middlewares/Third_Party/FreeRTOS/Source/tasks.o
                0x0000000008007108                xTaskPriorityInherit
 .text.xTaskPriorityDisinherit
                0x0000000008007188       0x8c Middlewares/Third_Party/FreeRTOS/Source/tasks.o
                0x0000000008007188                xTaskPriorityDisinherit
 .text.vTaskPriorityDisinheritAfterTimeout
                0x0000000008007214       0xa4 Middlewares/Third_Party/FreeRTOS/Source/tasks.o
                0x0000000008007214                vTaskPriorityDisinheritAfterTimeout
 .text.pvTaskIncrementMutexHeldCount
                0x00000000080072b8       0x18 Middlewares/Third_Party/FreeRTOS/Source/tasks.o
                0x00000000080072b8                pvTaskIncrementMutexHeldCount
 .text.prvCheckForValidListAndQueue
                0x00000000080072d0       0x68 Middlewares/Third_Party/FreeRTOS/Source/timers.o
 .text.prvInsertTimerInActiveList
                0x0000000008007338       0x3c Middlewares/Third_Party/FreeRTOS/Source/timers.o
 .text.xTimerCreateTimerTask
                0x0000000008007374       0x68 Middlewares/Third_Party/FreeRTOS/Source/timers.o
                0x0000000008007374                xTimerCreateTimerTask
 .text.xTimerGenericCommand
                0x00000000080073dc       0x5c Middlewares/Third_Party/FreeRTOS/Source/timers.o
                0x00000000080073dc                xTimerGenericCommand
 .text.prvSwitchTimerLists
                0x0000000008007438       0x84 Middlewares/Third_Party/FreeRTOS/Source/timers.o
 .text.prvTimerTask
                0x00000000080074bc      0x22c Middlewares/Third_Party/FreeRTOS/Source/timers.o
 .text.prvTaskExitError
                0x00000000080076e8       0x48 Middlewares/Third_Party/FreeRTOS/Source/portable/GCC/ARM_CM7/r0p1/port.o
 .text.unlikely.prvPortStartFirstTask
                0x0000000008007730       0x28 Middlewares/Third_Party/FreeRTOS/Source/portable/GCC/ARM_CM7/r0p1/port.o
 .text.unlikely.vPortEnableVFP
                0x0000000008007758       0x14 Middlewares/Third_Party/FreeRTOS/Source/portable/GCC/ARM_CM7/r0p1/port.o
 .text.pxPortInitialiseStack
                0x000000000800776c       0x24 Middlewares/Third_Party/FreeRTOS/Source/portable/GCC/ARM_CM7/r0p1/port.o
                0x000000000800776c                pxPortInitialiseStack
 .text.SVC_Handler
                0x0000000008007790       0x24 Middlewares/Third_Party/FreeRTOS/Source/portable/GCC/ARM_CM7/r0p1/port.o
                0x0000000008007790                SVC_Handler
 .text.vPortEnterCritical
                0x00000000080077b4       0x4c Middlewares/Third_Party/FreeRTOS/Source/portable/GCC/ARM_CM7/r0p1/port.o
                0x00000000080077b4                vPortEnterCritical
 .text.vPortExitCritical
                0x0000000008007800       0x2c Middlewares/Third_Party/FreeRTOS/Source/portable/GCC/ARM_CM7/r0p1/port.o
                0x0000000008007800                vPortExitCritical
 *fill*         0x000000000800782c        0x4 
 .text.PendSV_Handler
                0x0000000008007830       0x64 Middlewares/Third_Party/FreeRTOS/Source/portable/GCC/ARM_CM7/r0p1/port.o
                0x0000000008007830                PendSV_Handler
 .text.xPortSysTickHandler
                0x0000000008007894       0x30 Middlewares/Third_Party/FreeRTOS/Source/portable/GCC/ARM_CM7/r0p1/port.o
                0x0000000008007894                xPortSysTickHandler
 .text.vPortSetupTimerInterrupt
                0x00000000080078c4       0x34 Middlewares/Third_Party/FreeRTOS/Source/portable/GCC/ARM_CM7/r0p1/port.o
                0x00000000080078c4                vPortSetupTimerInterrupt
 .text.xPortStartScheduler
                0x00000000080078f8       0xcc Middlewares/Third_Party/FreeRTOS/Source/portable/GCC/ARM_CM7/r0p1/port.o
                0x00000000080078f8                xPortStartScheduler
 .text.vPortValidateInterruptPriority
                0x00000000080079c4       0x64 Middlewares/Third_Party/FreeRTOS/Source/portable/GCC/ARM_CM7/r0p1/port.o
                0x00000000080079c4                vPortValidateInterruptPriority
 .text.unlikely.prvInsertBlockIntoFreeList
                0x0000000008007a28       0x48 Middlewares/Third_Party/FreeRTOS/Source/portable/MemMang/heap_4.o
 .text.pvPortMalloc
                0x0000000008007a70      0x120 Middlewares/Third_Party/FreeRTOS/Source/portable/MemMang/heap_4.o
                0x0000000008007a70                pvPortMalloc
 .text.vPortFree
                0x0000000008007b90       0x78 Middlewares/Third_Party/FreeRTOS/Source/portable/MemMang/heap_4.o
                0x0000000008007b90                vPortFree
 .text.font_setCR
                0x0000000008007c08       0x20 RREFont/RREFont.o
                0x0000000008007c08                font_setCR
 .text.font_getHeight
                0x0000000008007c28       0x24 RREFont/RREFont.o
                0x0000000008007c28                font_getHeight
 .text.font_init
                0x0000000008007c4c       0x90 RREFont/RREFont.o
                0x0000000008007c4c                font_init
 .text.font_setFont
                0x0000000008007cdc       0x48 RREFont/RREFont.o
                0x0000000008007cdc                font_setFont
 .text.font_charWidthOptim
                0x0000000008007d24      0x20c RREFont/RREFont.o
                0x0000000008007d24                font_charWidthOptim
 .text.font_charWidth
                0x0000000008007f30       0xdc RREFont/RREFont.o
                0x0000000008007f30                font_charWidth
 .text.font_drawChar
                0x000000000800800c     0x10dc RREFont/RREFont.o
                0x000000000800800c                font_drawChar
 .text.font_strWidth
                0x00000000080090e8       0x36 RREFont/RREFont.o
                0x00000000080090e8                font_strWidth
 *fill*         0x000000000800911e        0x2 
 .text.font_printf
                0x0000000008009120       0x40 RREFont/RREFont.o
                0x0000000008009120                font_printf
 .text.font_printStr
                0x0000000008009160       0xe0 RREFont/RREFont.o
                0x0000000008009160                font_printStr
 .text.font_isNumber
                0x0000000008009240       0x34 RREFont/RREFont.o
                0x0000000008009240                font_isNumber
 .text.__errno  0x0000000008009274        0xc c:/st/stm32cubeide_1.3.0/stm32cubeide/plugins/com.st.stm32cube.ide.mcu.externaltools.gnu-tools-for-stm32.7-2018-q2-update.win32_1.5.0.202011040924/tools/bin/../lib/gcc/arm-none-eabi/7.3.1/../../../../arm-none-eabi/lib/thumb/v7e-m/fpv4-sp/hard\libc_nano.a(lib_a-errno.o)
                0x0000000008009274                __errno
 .text.__libc_init_array
                0x0000000008009280       0x48 c:/st/stm32cubeide_1.3.0/stm32cubeide/plugins/com.st.stm32cube.ide.mcu.externaltools.gnu-tools-for-stm32.7-2018-q2-update.win32_1.5.0.202011040924/tools/bin/../lib/gcc/arm-none-eabi/7.3.1/../../../../arm-none-eabi/lib/thumb/v7e-m/fpv4-sp/hard\libc_nano.a(lib_a-init.o)
                0x0000000008009280                __libc_init_array
 .text.memcpy   0x00000000080092c8       0x16 c:/st/stm32cubeide_1.3.0/stm32cubeide/plugins/com.st.stm32cube.ide.mcu.externaltools.gnu-tools-for-stm32.7-2018-q2-update.win32_1.5.0.202011040924/tools/bin/../lib/gcc/arm-none-eabi/7.3.1/../../../../arm-none-eabi/lib/thumb/v7e-m/fpv4-sp/hard\libc_nano.a(lib_a-memcpy-stub.o)
                0x00000000080092c8                memcpy
 .text.memset   0x00000000080092de       0x10 c:/st/stm32cubeide_1.3.0/stm32cubeide/plugins/com.st.stm32cube.ide.mcu.externaltools.gnu-tools-for-stm32.7-2018-q2-update.win32_1.5.0.202011040924/tools/bin/../lib/gcc/arm-none-eabi/7.3.1/../../../../arm-none-eabi/lib/thumb/v7e-m/fpv4-sp/hard\libc_nano.a(lib_a-memset.o)
                0x00000000080092de                memset
 .text.__cvt    0x00000000080092ee       0xc2 c:/st/stm32cubeide_1.3.0/stm32cubeide/plugins/com.st.stm32cube.ide.mcu.externaltools.gnu-tools-for-stm32.7-2018-q2-update.win32_1.5.0.202011040924/tools/bin/../lib/gcc/arm-none-eabi/7.3.1/../../../../arm-none-eabi/lib/thumb/v7e-m/fpv4-sp/hard\libc_nano.a(lib_a-nano-vfprintf_float.o)
                0x00000000080092ee                __cvt
 .text.__exponent
                0x00000000080093b0       0x66 c:/st/stm32cubeide_1.3.0/stm32cubeide/plugins/com.st.stm32cube.ide.mcu.externaltools.gnu-tools-for-stm32.7-2018-q2-update.win32_1.5.0.202011040924/tools/bin/../lib/gcc/arm-none-eabi/7.3.1/../../../../arm-none-eabi/lib/thumb/v7e-m/fpv4-sp/hard\libc_nano.a(lib_a-nano-vfprintf_float.o)
                0x00000000080093b0                __exponent
 *fill*         0x0000000008009416        0x2 
 .text._printf_float
                0x0000000008009418      0x480 c:/st/stm32cubeide_1.3.0/stm32cubeide/plugins/com.st.stm32cube.ide.mcu.externaltools.gnu-tools-for-stm32.7-2018-q2-update.win32_1.5.0.202011040924/tools/bin/../lib/gcc/arm-none-eabi/7.3.1/../../../../arm-none-eabi/lib/thumb/v7e-m/fpv4-sp/hard\libc_nano.a(lib_a-nano-vfprintf_float.o)
                0x0000000008009418                _printf_float
 .text._printf_common
                0x0000000008009898       0xea c:/st/stm32cubeide_1.3.0/stm32cubeide/plugins/com.st.stm32cube.ide.mcu.externaltools.gnu-tools-for-stm32.7-2018-q2-update.win32_1.5.0.202011040924/tools/bin/../lib/gcc/arm-none-eabi/7.3.1/../../../../arm-none-eabi/lib/thumb/v7e-m/fpv4-sp/hard\libc_nano.a(lib_a-nano-vfprintf_i.o)
                0x0000000008009898                _printf_common
 *fill*         0x0000000008009982        0x2 
 .text._printf_i
                0x0000000008009984      0x224 c:/st/stm32cubeide_1.3.0/stm32cubeide/plugins/com.st.stm32cube.ide.mcu.externaltools.gnu-tools-for-stm32.7-2018-q2-update.win32_1.5.0.202011040924/tools/bin/../lib/gcc/arm-none-eabi/7.3.1/../../../../arm-none-eabi/lib/thumb/v7e-m/fpv4-sp/hard\libc_nano.a(lib_a-nano-vfprintf_i.o)
                0x0000000008009984                _printf_i
 .text._scanf_float
                0x0000000008009ba8      0x3c4 c:/st/stm32cubeide_1.3.0/stm32cubeide/plugins/com.st.stm32cube.ide.mcu.externaltools.gnu-tools-for-stm32.7-2018-q2-update.win32_1.5.0.202011040924/tools/bin/../lib/gcc/arm-none-eabi/7.3.1/../../../../arm-none-eabi/lib/thumb/v7e-m/fpv4-sp/hard\libc_nano.a(lib_a-nano-vfscanf_float.o)
                0x0000000008009ba8                _scanf_float
 .text.nanf     0x0000000008009f6c        0xc c:/st/stm32cubeide_1.3.0/stm32cubeide/plugins/com.st.stm32cube.ide.mcu.externaltools.gnu-tools-for-stm32.7-2018-q2-update.win32_1.5.0.202011040924/tools/bin/../lib/gcc/arm-none-eabi/7.3.1/../../../../arm-none-eabi/lib/thumb/v7e-m/fpv4-sp/hard\libc_nano.a(lib_a-sf_nan.o)
                0x0000000008009f6c                nanf
 .text.sprintf  0x0000000008009f78       0x40 c:/st/stm32cubeide_1.3.0/stm32cubeide/plugins/com.st.stm32cube.ide.mcu.externaltools.gnu-tools-for-stm32.7-2018-q2-update.win32_1.5.0.202011040924/tools/bin/../lib/gcc/arm-none-eabi/7.3.1/../../../../arm-none-eabi/lib/thumb/v7e-m/fpv4-sp/hard\libc_nano.a(lib_a-sprintf.o)
                0x0000000008009f78                siprintf
                0x0000000008009f78                sprintf
 .text.unlikely.sulp
                0x0000000008009fb8       0x38 c:/st/stm32cubeide_1.3.0/stm32cubeide/plugins/com.st.stm32cube.ide.mcu.externaltools.gnu-tools-for-stm32.7-2018-q2-update.win32_1.5.0.202011040924/tools/bin/../lib/gcc/arm-none-eabi/7.3.1/../../../../arm-none-eabi/lib/thumb/v7e-m/fpv4-sp/hard\libc_nano.a(lib_a-strtod.o)
 .text._strtod_l
                0x0000000008009ff0      0xbe8 c:/st/stm32cubeide_1.3.0/stm32cubeide/plugins/com.st.stm32cube.ide.mcu.externaltools.gnu-tools-for-stm32.7-2018-q2-update.win32_1.5.0.202011040924/tools/bin/../lib/gcc/arm-none-eabi/7.3.1/../../../../arm-none-eabi/lib/thumb/v7e-m/fpv4-sp/hard\libc_nano.a(lib_a-strtod.o)
                0x0000000008009ff0                _strtod_l
 .text._strtod_r
                0x000000000800abd8       0x20 c:/st/stm32cubeide_1.3.0/stm32cubeide/plugins/com.st.stm32cube.ide.mcu.externaltools.gnu-tools-for-stm32.7-2018-q2-update.win32_1.5.0.202011040924/tools/bin/../lib/gcc/arm-none-eabi/7.3.1/../../../../arm-none-eabi/lib/thumb/v7e-m/fpv4-sp/hard\libc_nano.a(lib_a-strtod.o)
                0x000000000800abd8                _strtod_r
 .text._strtol_l.isra.0
                0x000000000800abf8       0xf6 c:/st/stm32cubeide_1.3.0/stm32cubeide/plugins/com.st.stm32cube.ide.mcu.externaltools.gnu-tools-for-stm32.7-2018-q2-update.win32_1.5.0.202011040924/tools/bin/../lib/gcc/arm-none-eabi/7.3.1/../../../../arm-none-eabi/lib/thumb/v7e-m/fpv4-sp/hard\libc_nano.a(lib_a-strtol.o)
 *fill*         0x000000000800acee        0x2 
 .text._strtol_r
                0x000000000800acf0       0x24 c:/st/stm32cubeide_1.3.0/stm32cubeide/plugins/com.st.stm32cube.ide.mcu.externaltools.gnu-tools-for-stm32.7-2018-q2-update.win32_1.5.0.202011040924/tools/bin/../lib/gcc/arm-none-eabi/7.3.1/../../../../arm-none-eabi/lib/thumb/v7e-m/fpv4-sp/hard\libc_nano.a(lib_a-strtol.o)
                0x000000000800acf0                _strtol_r
 .text._vsnprintf_r
                0x000000000800ad14       0x58 c:/st/stm32cubeide_1.3.0/stm32cubeide/plugins/com.st.stm32cube.ide.mcu.externaltools.gnu-tools-for-stm32.7-2018-q2-update.win32_1.5.0.202011040924/tools/bin/../lib/gcc/arm-none-eabi/7.3.1/../../../../arm-none-eabi/lib/thumb/v7e-m/fpv4-sp/hard\libc_nano.a(lib_a-vsnprintf.o)
                0x000000000800ad14                _vsniprintf_r
                0x000000000800ad14                _vsnprintf_r
 .text.vsnprintf
                0x000000000800ad6c       0x1c c:/st/stm32cubeide_1.3.0/stm32cubeide/plugins/com.st.stm32cube.ide.mcu.externaltools.gnu-tools-for-stm32.7-2018-q2-update.win32_1.5.0.202011040924/tools/bin/../lib/gcc/arm-none-eabi/7.3.1/../../../../arm-none-eabi/lib/thumb/v7e-m/fpv4-sp/hard\libc_nano.a(lib_a-vsnprintf.o)
                0x000000000800ad6c                vsniprintf
                0x000000000800ad6c                vsnprintf
 .text.quorem   0x000000000800ad88      0x118 c:/st/stm32cubeide_1.3.0/stm32cubeide/plugins/com.st.stm32cube.ide.mcu.externaltools.gnu-tools-for-stm32.7-2018-q2-update.win32_1.5.0.202011040924/tools/bin/../lib/gcc/arm-none-eabi/7.3.1/../../../../arm-none-eabi/lib/thumb/v7e-m/fpv4-sp/hard\libc_nano.a(lib_a-dtoa.o)
 .text._dtoa_r  0x000000000800aea0      0xb70 c:/st/stm32cubeide_1.3.0/stm32cubeide/plugins/com.st.stm32cube.ide.mcu.externaltools.gnu-tools-for-stm32.7-2018-q2-update.win32_1.5.0.202011040924/tools/bin/../lib/gcc/arm-none-eabi/7.3.1/../../../../arm-none-eabi/lib/thumb/v7e-m/fpv4-sp/hard\libc_nano.a(lib_a-dtoa.o)
                0x000000000800aea0                _dtoa_r
 .text.rshift   0x000000000800ba10       0x74 c:/st/stm32cubeide_1.3.0/stm32cubeide/plugins/com.st.stm32cube.ide.mcu.externaltools.gnu-tools-for-stm32.7-2018-q2-update.win32_1.5.0.202011040924/tools/bin/../lib/gcc/arm-none-eabi/7.3.1/../../../../arm-none-eabi/lib/thumb/v7e-m/fpv4-sp/hard\libc_nano.a(lib_a-gdtoa-gethex.o)
 .text.__hexdig_fun
                0x000000000800ba84       0x2a c:/st/stm32cubeide_1.3.0/stm32cubeide/plugins/com.st.stm32cube.ide.mcu.externaltools.gnu-tools-for-stm32.7-2018-q2-update.win32_1.5.0.202011040924/tools/bin/../lib/gcc/arm-none-eabi/7.3.1/../../../../arm-none-eabi/lib/thumb/v7e-m/fpv4-sp/hard\libc_nano.a(lib_a-gdtoa-gethex.o)
                0x000000000800ba84                __hexdig_fun
 .text.__gethex
                0x000000000800baae      0x442 c:/st/stm32cubeide_1.3.0/stm32cubeide/plugins/com.st.stm32cube.ide.mcu.externaltools.gnu-tools-for-stm32.7-2018-q2-update.win32_1.5.0.202011040924/tools/bin/../lib/gcc/arm-none-eabi/7.3.1/../../../../arm-none-eabi/lib/thumb/v7e-m/fpv4-sp/hard\libc_nano.a(lib_a-gdtoa-gethex.o)
                0x000000000800baae                __gethex
 .text.L_shift  0x000000000800bef0       0x24 c:/st/stm32cubeide_1.3.0/stm32cubeide/plugins/com.st.stm32cube.ide.mcu.externaltools.gnu-tools-for-stm32.7-2018-q2-update.win32_1.5.0.202011040924/tools/bin/../lib/gcc/arm-none-eabi/7.3.1/../../../../arm-none-eabi/lib/thumb/v7e-m/fpv4-sp/hard\libc_nano.a(lib_a-gdtoa-hexnan.o)
 .text.__match  0x000000000800bf14       0x28 c:/st/stm32cubeide_1.3.0/stm32cubeide/plugins/com.st.stm32cube.ide.mcu.externaltools.gnu-tools-for-stm32.7-2018-q2-update.win32_1.5.0.202011040924/tools/bin/../lib/gcc/arm-none-eabi/7.3.1/../../../../arm-none-eabi/lib/thumb/v7e-m/fpv4-sp/hard\libc_nano.a(lib_a-gdtoa-hexnan.o)
                0x000000000800bf14                __match
 .text.__hexnan
                0x000000000800bf3c      0x120 c:/st/stm32cubeide_1.3.0/stm32cubeide/plugins/com.st.stm32cube.ide.mcu.externaltools.gnu-tools-for-stm32.7-2018-q2-update.win32_1.5.0.202011040924/tools/bin/../lib/gcc/arm-none-eabi/7.3.1/../../../../arm-none-eabi/lib/thumb/v7e-m/fpv4-sp/hard\libc_nano.a(lib_a-gdtoa-hexnan.o)
                0x000000000800bf3c                __hexnan
 .text.__locale_ctype_ptr_l
                0x000000000800c05c        0x6 c:/st/stm32cubeide_1.3.0/stm32cubeide/plugins/com.st.stm32cube.ide.mcu.externaltools.gnu-tools-for-stm32.7-2018-q2-update.win32_1.5.0.202011040924/tools/bin/../lib/gcc/arm-none-eabi/7.3.1/../../../../arm-none-eabi/lib/thumb/v7e-m/fpv4-sp/hard\libc_nano.a(lib_a-locale.o)
                0x000000000800c05c                __locale_ctype_ptr_l
 .text.__localeconv_l
                0x000000000800c062        0x4 c:/st/stm32cubeide_1.3.0/stm32cubeide/plugins/com.st.stm32cube.ide.mcu.externaltools.gnu-tools-for-stm32.7-2018-q2-update.win32_1.5.0.202011040924/tools/bin/../lib/gcc/arm-none-eabi/7.3.1/../../../../arm-none-eabi/lib/thumb/v7e-m/fpv4-sp/hard\libc_nano.a(lib_a-localeconv.o)
                0x000000000800c062                __localeconv_l
 *fill*         0x000000000800c066        0x2 
 .text._localeconv_r
                0x000000000800c068       0x1c c:/st/stm32cubeide_1.3.0/stm32cubeide/plugins/com.st.stm32cube.ide.mcu.externaltools.gnu-tools-for-stm32.7-2018-q2-update.win32_1.5.0.202011040924/tools/bin/../lib/gcc/arm-none-eabi/7.3.1/../../../../arm-none-eabi/lib/thumb/v7e-m/fpv4-sp/hard\libc_nano.a(lib_a-localeconv.o)
                0x000000000800c068                _localeconv_r
 .text.malloc   0x000000000800c084       0x10 c:/st/stm32cubeide_1.3.0/stm32cubeide/plugins/com.st.stm32cube.ide.mcu.externaltools.gnu-tools-for-stm32.7-2018-q2-update.win32_1.5.0.202011040924/tools/bin/../lib/gcc/arm-none-eabi/7.3.1/../../../../arm-none-eabi/lib/thumb/v7e-m/fpv4-sp/hard\libc_nano.a(lib_a-malloc.o)
                0x000000000800c084                malloc
 .text.__ascii_mbtowc
                0x000000000800c094       0x24 c:/st/stm32cubeide_1.3.0/stm32cubeide/plugins/com.st.stm32cube.ide.mcu.externaltools.gnu-tools-for-stm32.7-2018-q2-update.win32_1.5.0.202011040924/tools/bin/../lib/gcc/arm-none-eabi/7.3.1/../../../../arm-none-eabi/lib/thumb/v7e-m/fpv4-sp/hard\libc_nano.a(lib_a-mbtowc_r.o)
                0x000000000800c094                __ascii_mbtowc
 .text._Balloc  0x000000000800c0b8       0x68 c:/st/stm32cubeide_1.3.0/stm32cubeide/plugins/com.st.stm32cube.ide.mcu.externaltools.gnu-tools-for-stm32.7-2018-q2-update.win32_1.5.0.202011040924/tools/bin/../lib/gcc/arm-none-eabi/7.3.1/../../../../arm-none-eabi/lib/thumb/v7e-m/fpv4-sp/hard\libc_nano.a(lib_a-mprec.o)
                0x000000000800c0b8                _Balloc
 .text._Bfree   0x000000000800c120       0x2e c:/st/stm32cubeide_1.3.0/stm32cubeide/plugins/com.st.stm32cube.ide.mcu.externaltools.gnu-tools-for-stm32.7-2018-q2-update.win32_1.5.0.202011040924/tools/bin/../lib/gcc/arm-none-eabi/7.3.1/../../../../arm-none-eabi/lib/thumb/v7e-m/fpv4-sp/hard\libc_nano.a(lib_a-mprec.o)
                0x000000000800c120                _Bfree
 .text.__multadd
                0x000000000800c14e       0x76 c:/st/stm32cubeide_1.3.0/stm32cubeide/plugins/com.st.stm32cube.ide.mcu.externaltools.gnu-tools-for-stm32.7-2018-q2-update.win32_1.5.0.202011040924/tools/bin/../lib/gcc/arm-none-eabi/7.3.1/../../../../arm-none-eabi/lib/thumb/v7e-m/fpv4-sp/hard\libc_nano.a(lib_a-mprec.o)
                0x000000000800c14e                __multadd
 .text.__s2b    0x000000000800c1c4       0x7c c:/st/stm32cubeide_1.3.0/stm32cubeide/plugins/com.st.stm32cube.ide.mcu.externaltools.gnu-tools-for-stm32.7-2018-q2-update.win32_1.5.0.202011040924/tools/bin/../lib/gcc/arm-none-eabi/7.3.1/../../../../arm-none-eabi/lib/thumb/v7e-m/fpv4-sp/hard\libc_nano.a(lib_a-mprec.o)
                0x000000000800c1c4                __s2b
 .text.__hi0bits
                0x000000000800c240       0x3e c:/st/stm32cubeide_1.3.0/stm32cubeide/plugins/com.st.stm32cube.ide.mcu.externaltools.gnu-tools-for-stm32.7-2018-q2-update.win32_1.5.0.202011040924/tools/bin/../lib/gcc/arm-none-eabi/7.3.1/../../../../arm-none-eabi/lib/thumb/v7e-m/fpv4-sp/hard\libc_nano.a(lib_a-mprec.o)
                0x000000000800c240                __hi0bits
 .text.__lo0bits
                0x000000000800c27e       0x5e c:/st/stm32cubeide_1.3.0/stm32cubeide/plugins/com.st.stm32cube.ide.mcu.externaltools.gnu-tools-for-stm32.7-2018-q2-update.win32_1.5.0.202011040924/tools/bin/../lib/gcc/arm-none-eabi/7.3.1/../../../../arm-none-eabi/lib/thumb/v7e-m/fpv4-sp/hard\libc_nano.a(lib_a-mprec.o)
                0x000000000800c27e                __lo0bits
 .text.__i2b    0x000000000800c2dc       0x12 c:/st/stm32cubeide_1.3.0/stm32cubeide/plugins/com.st.stm32cube.ide.mcu.externaltools.gnu-tools-for-stm32.7-2018-q2-update.win32_1.5.0.202011040924/tools/bin/../lib/gcc/arm-none-eabi/7.3.1/../../../../arm-none-eabi/lib/thumb/v7e-m/fpv4-sp/hard\libc_nano.a(lib_a-mprec.o)
                0x000000000800c2dc                __i2b
 .text.__multiply
                0x000000000800c2ee      0x12c c:/st/stm32cubeide_1.3.0/stm32cubeide/plugins/com.st.stm32cube.ide.mcu.externaltools.gnu-tools-for-stm32.7-2018-q2-update.win32_1.5.0.202011040924/tools/bin/../lib/gcc/arm-none-eabi/7.3.1/../../../../arm-none-eabi/lib/thumb/v7e-m/fpv4-sp/hard\libc_nano.a(lib_a-mprec.o)
                0x000000000800c2ee                __multiply
 *fill*         0x000000000800c41a        0x2 
 .text.__pow5mult
                0x000000000800c41c       0x9c c:/st/stm32cubeide_1.3.0/stm32cubeide/plugins/com.st.stm32cube.ide.mcu.externaltools.gnu-tools-for-stm32.7-2018-q2-update.win32_1.5.0.202011040924/tools/bin/../lib/gcc/arm-none-eabi/7.3.1/../../../../arm-none-eabi/lib/thumb/v7e-m/fpv4-sp/hard\libc_nano.a(lib_a-mprec.o)
                0x000000000800c41c                __pow5mult
 .text.__lshift
                0x000000000800c4b8       0xa8 c:/st/stm32cubeide_1.3.0/stm32cubeide/plugins/com.st.stm32cube.ide.mcu.externaltools.gnu-tools-for-stm32.7-2018-q2-update.win32_1.5.0.202011040924/tools/bin/../lib/gcc/arm-none-eabi/7.3.1/../../../../arm-none-eabi/lib/thumb/v7e-m/fpv4-sp/hard\libc_nano.a(lib_a-mprec.o)
                0x000000000800c4b8                __lshift
 .text.__mcmp   0x000000000800c560       0x34 c:/st/stm32cubeide_1.3.0/stm32cubeide/plugins/com.st.stm32cube.ide.mcu.externaltools.gnu-tools-for-stm32.7-2018-q2-update.win32_1.5.0.202011040924/tools/bin/../lib/gcc/arm-none-eabi/7.3.1/../../../../arm-none-eabi/lib/thumb/v7e-m/fpv4-sp/hard\libc_nano.a(lib_a-mprec.o)
                0x000000000800c560                __mcmp
 .text.__mdiff  0x000000000800c594       0xba c:/st/stm32cubeide_1.3.0/stm32cubeide/plugins/com.st.stm32cube.ide.mcu.externaltools.gnu-tools-for-stm32.7-2018-q2-update.win32_1.5.0.202011040924/tools/bin/../lib/gcc/arm-none-eabi/7.3.1/../../../../arm-none-eabi/lib/thumb/v7e-m/fpv4-sp/hard\libc_nano.a(lib_a-mprec.o)
                0x000000000800c594                __mdiff
 *fill*         0x000000000800c64e        0x2 
 .text.__ulp    0x000000000800c650       0x50 c:/st/stm32cubeide_1.3.0/stm32cubeide/plugins/com.st.stm32cube.ide.mcu.externaltools.gnu-tools-for-stm32.7-2018-q2-update.win32_1.5.0.202011040924/tools/bin/../lib/gcc/arm-none-eabi/7.3.1/../../../../arm-none-eabi/lib/thumb/v7e-m/fpv4-sp/hard\libc_nano.a(lib_a-mprec.o)
                0x000000000800c650                __ulp
 .text.__b2d    0x000000000800c6a0       0x9c c:/st/stm32cubeide_1.3.0/stm32cubeide/plugins/com.st.stm32cube.ide.mcu.externaltools.gnu-tools-for-stm32.7-2018-q2-update.win32_1.5.0.202011040924/tools/bin/../lib/gcc/arm-none-eabi/7.3.1/../../../../arm-none-eabi/lib/thumb/v7e-m/fpv4-sp/hard\libc_nano.a(lib_a-mprec.o)
                0x000000000800c6a0                __b2d
 .text.__d2b    0x000000000800c73c       0x9e c:/st/stm32cubeide_1.3.0/stm32cubeide/plugins/com.st.stm32cube.ide.mcu.externaltools.gnu-tools-for-stm32.7-2018-q2-update.win32_1.5.0.202011040924/tools/bin/../lib/gcc/arm-none-eabi/7.3.1/../../../../arm-none-eabi/lib/thumb/v7e-m/fpv4-sp/hard\libc_nano.a(lib_a-mprec.o)
                0x000000000800c73c                __d2b
 .text.__ratio  0x000000000800c7da       0x66 c:/st/stm32cubeide_1.3.0/stm32cubeide/plugins/com.st.stm32cube.ide.mcu.externaltools.gnu-tools-for-stm32.7-2018-q2-update.win32_1.5.0.202011040924/tools/bin/../lib/gcc/arm-none-eabi/7.3.1/../../../../arm-none-eabi/lib/thumb/v7e-m/fpv4-sp/hard\libc_nano.a(lib_a-mprec.o)
                0x000000000800c7da                __ratio
 .text.__copybits
                0x000000000800c840       0x34 c:/st/stm32cubeide_1.3.0/stm32cubeide/plugins/com.st.stm32cube.ide.mcu.externaltools.gnu-tools-for-stm32.7-2018-q2-update.win32_1.5.0.202011040924/tools/bin/../lib/gcc/arm-none-eabi/7.3.1/../../../../arm-none-eabi/lib/thumb/v7e-m/fpv4-sp/hard\libc_nano.a(lib_a-mprec.o)
                0x000000000800c840                __copybits
 .text.__any_on
                0x000000000800c874       0x42 c:/st/stm32cubeide_1.3.0/stm32cubeide/plugins/com.st.stm32cube.ide.mcu.externaltools.gnu-tools-for-stm32.7-2018-q2-update.win32_1.5.0.202011040924/tools/bin/../lib/gcc/arm-none-eabi/7.3.1/../../../../arm-none-eabi/lib/thumb/v7e-m/fpv4-sp/hard\libc_nano.a(lib_a-mprec.o)
                0x000000000800c874                __any_on
 .text._calloc_r
                0x000000000800c8b6       0x1c c:/st/stm32cubeide_1.3.0/stm32cubeide/plugins/com.st.stm32cube.ide.mcu.externaltools.gnu-tools-for-stm32.7-2018-q2-update.win32_1.5.0.202011040924/tools/bin/../lib/gcc/arm-none-eabi/7.3.1/../../../../arm-none-eabi/lib/thumb/v7e-m/fpv4-sp/hard\libc_nano.a(lib_a-nano-callocr.o)
                0x000000000800c8b6                _calloc_r
 *fill*         0x000000000800c8d2        0x2 
 .text._free_r  0x000000000800c8d4       0x9c c:/st/stm32cubeide_1.3.0/stm32cubeide/plugins/com.st.stm32cube.ide.mcu.externaltools.gnu-tools-for-stm32.7-2018-q2-update.win32_1.5.0.202011040924/tools/bin/../lib/gcc/arm-none-eabi/7.3.1/../../../../arm-none-eabi/lib/thumb/v7e-m/fpv4-sp/hard\libc_nano.a(lib_a-nano-freer.o)
                0x000000000800c8d4                _free_r
 .text._malloc_r
                0x000000000800c970       0xb4 c:/st/stm32cubeide_1.3.0/stm32cubeide/plugins/com.st.stm32cube.ide.mcu.externaltools.gnu-tools-for-stm32.7-2018-q2-update.win32_1.5.0.202011040924/tools/bin/../lib/gcc/arm-none-eabi/7.3.1/../../../../arm-none-eabi/lib/thumb/v7e-m/fpv4-sp/hard\libc_nano.a(lib_a-nano-mallocr.o)
                0x000000000800c970                _malloc_r
 .text.__ssputs_r
                0x000000000800ca24       0xb4 c:/st/stm32cubeide_1.3.0/stm32cubeide/plugins/com.st.stm32cube.ide.mcu.externaltools.gnu-tools-for-stm32.7-2018-q2-update.win32_1.5.0.202011040924/tools/bin/../lib/gcc/arm-none-eabi/7.3.1/../../../../arm-none-eabi/lib/thumb/v7e-m/fpv4-sp/hard\libc_nano.a(lib_a-nano-svfprintf.o)
                0x000000000800ca24                __ssputs_r
 .text._svfprintf_r
                0x000000000800cad8      0x1f0 c:/st/stm32cubeide_1.3.0/stm32cubeide/plugins/com.st.stm32cube.ide.mcu.externaltools.gnu-tools-for-stm32.7-2018-q2-update.win32_1.5.0.202011040924/tools/bin/../lib/gcc/arm-none-eabi/7.3.1/../../../../arm-none-eabi/lib/thumb/v7e-m/fpv4-sp/hard\libc_nano.a(lib_a-nano-svfprintf.o)
                0x000000000800cad8                _svfiprintf_r
                0x000000000800cad8                _svfprintf_r
 .text._sbrk_r  0x000000000800ccc8       0x20 c:/st/stm32cubeide_1.3.0/stm32cubeide/plugins/com.st.stm32cube.ide.mcu.externaltools.gnu-tools-for-stm32.7-2018-q2-update.win32_1.5.0.202011040924/tools/bin/../lib/gcc/arm-none-eabi/7.3.1/../../../../arm-none-eabi/lib/thumb/v7e-m/fpv4-sp/hard\libc_nano.a(lib_a-sbrkr.o)
                0x000000000800ccc8                _sbrk_r
 .text.strncmp  0x000000000800cce8       0x24 c:/st/stm32cubeide_1.3.0/stm32cubeide/plugins/com.st.stm32cube.ide.mcu.externaltools.gnu-tools-for-stm32.7-2018-q2-update.win32_1.5.0.202011040924/tools/bin/../lib/gcc/arm-none-eabi/7.3.1/../../../../arm-none-eabi/lib/thumb/v7e-m/fpv4-sp/hard\libc_nano.a(lib_a-strncmp.o)
                0x000000000800cce8                strncmp
 .text.__ascii_wctomb
                0x000000000800cd0c       0x1a c:/st/stm32cubeide_1.3.0/stm32cubeide/plugins/com.st.stm32cube.ide.mcu.externaltools.gnu-tools-for-stm32.7-2018-q2-update.win32_1.5.0.202011040924/tools/bin/../lib/gcc/arm-none-eabi/7.3.1/../../../../arm-none-eabi/lib/thumb/v7e-m/fpv4-sp/hard\libc_nano.a(lib_a-wctomb_r.o)
                0x000000000800cd0c                __ascii_wctomb
 .text.memmove  0x000000000800cd26       0x32 c:/st/stm32cubeide_1.3.0/stm32cubeide/plugins/com.st.stm32cube.ide.mcu.externaltools.gnu-tools-for-stm32.7-2018-q2-update.win32_1.5.0.202011040924/tools/bin/../lib/gcc/arm-none-eabi/7.3.1/../../../../arm-none-eabi/lib/thumb/v7e-m/fpv4-sp/hard\libc_nano.a(lib_a-memmove.o)
                0x000000000800cd26                memmove
 .text.__malloc_lock
                0x000000000800cd58        0x2 c:/st/stm32cubeide_1.3.0/stm32cubeide/plugins/com.st.stm32cube.ide.mcu.externaltools.gnu-tools-for-stm32.7-2018-q2-update.win32_1.5.0.202011040924/tools/bin/../lib/gcc/arm-none-eabi/7.3.1/../../../../arm-none-eabi/lib/thumb/v7e-m/fpv4-sp/hard\libc_nano.a(lib_a-mlock.o)
                0x000000000800cd58                __malloc_lock
 .text.__malloc_unlock
                0x000000000800cd5a        0x2 c:/st/stm32cubeide_1.3.0/stm32cubeide/plugins/com.st.stm32cube.ide.mcu.externaltools.gnu-tools-for-stm32.7-2018-q2-update.win32_1.5.0.202011040924/tools/bin/../lib/gcc/arm-none-eabi/7.3.1/../../../../arm-none-eabi/lib/thumb/v7e-m/fpv4-sp/hard\libc_nano.a(lib_a-mlock.o)
                0x000000000800cd5a                __malloc_unlock
 .text._realloc_r
                0x000000000800cd5c       0x4c c:/st/stm32cubeide_1.3.0/stm32cubeide/plugins/com.st.stm32cube.ide.mcu.externaltools.gnu-tools-for-stm32.7-2018-q2-update.win32_1.5.0.202011040924/tools/bin/../lib/gcc/arm-none-eabi/7.3.1/../../../../arm-none-eabi/lib/thumb/v7e-m/fpv4-sp/hard\libc_nano.a(lib_a-nano-reallocr.o)
                0x000000000800cd5c                _realloc_r
 .text._malloc_usable_size_r
                0x000000000800cda8       0x10 c:/st/stm32cubeide_1.3.0/stm32cubeide/plugins/com.st.stm32cube.ide.mcu.externaltools.gnu-tools-for-stm32.7-2018-q2-update.win32_1.5.0.202011040924/tools/bin/../lib/gcc/arm-none-eabi/7.3.1/../../../../arm-none-eabi/lib/thumb/v7e-m/fpv4-sp/hard\libc_nano.a(lib_a-nano-msizer.o)
                0x000000000800cda8                _malloc_usable_size_r
 *(.glue_7)
 .glue_7        0x000000000800cdb8        0x0 linker stubs
 *(.glue_7t)
 .glue_7t       0x000000000800cdb8        0x0 linker stubs
 *(.eh_frame)
 .eh_frame      0x000000000800cdb8        0x0 c:/st/stm32cubeide_1.3.0/stm32cubeide/plugins/com.st.stm32cube.ide.mcu.externaltools.gnu-tools-for-stm32.7-2018-q2-update.win32_1.5.0.202011040924/tools/bin/../lib/gcc/arm-none-eabi/7.3.1/thumb/v7e-m/fpv4-sp/hard/crtbegin.o
 *(.init)
 .init          0x000000000800cdb8        0x4 c:/st/stm32cubeide_1.3.0/stm32cubeide/plugins/com.st.stm32cube.ide.mcu.externaltools.gnu-tools-for-stm32.7-2018-q2-update.win32_1.5.0.202011040924/tools/bin/../lib/gcc/arm-none-eabi/7.3.1/thumb/v7e-m/fpv4-sp/hard/crti.o
                0x000000000800cdb8                _init
 .init          0x000000000800cdbc        0x8 c:/st/stm32cubeide_1.3.0/stm32cubeide/plugins/com.st.stm32cube.ide.mcu.externaltools.gnu-tools-for-stm32.7-2018-q2-update.win32_1.5.0.202011040924/tools/bin/../lib/gcc/arm-none-eabi/7.3.1/thumb/v7e-m/fpv4-sp/hard/crtn.o
 *(.fini)
 .fini          0x000000000800cdc4        0x4 c:/st/stm32cubeide_1.3.0/stm32cubeide/plugins/com.st.stm32cube.ide.mcu.externaltools.gnu-tools-for-stm32.7-2018-q2-update.win32_1.5.0.202011040924/tools/bin/../lib/gcc/arm-none-eabi/7.3.1/thumb/v7e-m/fpv4-sp/hard/crti.o
                0x000000000800cdc4                _fini
 .fini          0x000000000800cdc8        0x8 c:/st/stm32cubeide_1.3.0/stm32cubeide/plugins/com.st.stm32cube.ide.mcu.externaltools.gnu-tools-for-stm32.7-2018-q2-update.win32_1.5.0.202011040924/tools/bin/../lib/gcc/arm-none-eabi/7.3.1/thumb/v7e-m/fpv4-sp/hard/crtn.o
                0x000000000800cdd0                . = ALIGN (0x4)
                0x000000000800cdd0                _etext = .

.vfp11_veneer   0x000000000800cdd0        0x0
 .vfp11_veneer  0x000000000800cdd0        0x0 linker stubs

.v4_bx          0x000000000800cdd0        0x0
 .v4_bx         0x000000000800cdd0        0x0 linker stubs

.iplt           0x000000000800cdd0        0x0
 .iplt          0x000000000800cdd0        0x0 c:/st/stm32cubeide_1.3.0/stm32cubeide/plugins/com.st.stm32cube.ide.mcu.externaltools.gnu-tools-for-stm32.7-2018-q2-update.win32_1.5.0.202011040924/tools/bin/../lib/gcc/arm-none-eabi/7.3.1/thumb/v7e-m/fpv4-sp/hard/crtbegin.o

.rodata         0x000000000800cdd0     0x22a8
                0x000000000800cdd0                . = ALIGN (0x4)
 *(.rodata)
 .rodata        0x000000000800cdd0       0x4e Core/Src/acis.o
 *fill*         0x000000000800ce1e        0x2 
 .rodata        0x000000000800ce20        0x9 Core/Src/crc.o
 *fill*         0x000000000800ce29        0x3 
 .rodata        0x000000000800ce2c       0x4c Core/Src/main.o
 *(.rodata*)
 .rodata.cTaskAttributes
                0x000000000800ce78       0x24 Core/Src/acis.o
 .rodata.mutexAttrs
                0x000000000800ce9c       0x10 Core/Src/crc.o
 .rodata.defaultTask_attributes
                0x000000000800ceac       0x24 Core/Src/main.o
 .rodata.getterTask_attributes
                0x000000000800ced0       0x24 Core/Src/main.o
 .rodata.AHBPrescTable
                0x000000000800cef4       0x10 Core/Src/system_stm32f7xx.o
                0x000000000800cef4                AHBPrescTable
 .rodata.APBPrescTable
                0x000000000800cf04        0x8 Core/Src/system_stm32f7xx.o
                0x000000000800cf04                APBPrescTable
 .rodata.flagBitshiftOffset.8781
                0x000000000800cf0c        0x8 Drivers/STM32F7xx_HAL_Driver/Src/stm32f7xx_hal_dma.o
 .rodata.CSWTCH.52
                0x000000000800cf14        0x4 Drivers/STM32F7xx_HAL_Driver/Src/stm32f7xx_hal_uart.o
 .rodata.CSWTCH.53
                0x000000000800cf18        0xd Drivers/STM32F7xx_HAL_Driver/Src/stm32f7xx_hal_uart.o
 .rodata.vTaskStartScheduler.str1.1
                0x000000000800cf25        0x5 Middlewares/Third_Party/FreeRTOS/Source/tasks.o
 .rodata.prvCheckForValidListAndQueue.str1.1
                0x000000000800cf2a        0x5 Middlewares/Third_Party/FreeRTOS/Source/timers.o
 .rodata.xTimerCreateTimerTask.str1.1
                0x000000000800cf2f        0x8 Middlewares/Third_Party/FreeRTOS/Source/timers.o
 *fill*         0x000000000800cf37        0x1 
 .rodata.font12x16_Rects
                0x000000000800cf38      0x58a RREFont/rre_12x16.o
 *fill*         0x000000000800d4c2        0x2 
 .rodata.font12x16_CharOffs
                0x000000000800d4c4       0xc2 RREFont/rre_12x16.o
 *fill*         0x000000000800d586        0x2 
 .rodata.font5x8_Rects
                0x000000000800d588      0x346 RREFont/rre_5x8.o
 *fill*         0x000000000800d8ce        0x2 
 .rodata.font5x8_CharOffs
                0x000000000800d8d0       0xc2 RREFont/rre_5x8.o
 *fill*         0x000000000800d992        0x2 
 .rodata.fontarialb_16_Rects
                0x000000000800d994      0x504 RREFont/rre_arialb_16.o
 .rodata.fontarialb_16_CharOffs
                0x000000000800de98       0xc2 RREFont/rre_arialb_16.o
 *fill*         0x000000000800df5a        0x2 
 .rodata.fontubuntu_32_Rects
                0x000000000800df5c      0xda7 RREFont/rre_ubuntu_32.o
 *fill*         0x000000000800ed03        0x1 
 .rodata.fontubuntu_32_CharOffs
                0x000000000800ed04       0xc2 RREFont/rre_ubuntu_32.o
 .rodata._printf_float.str1.1
                0x000000000800edc6       0x12 c:/st/stm32cubeide_1.3.0/stm32cubeide/plugins/com.st.stm32cube.ide.mcu.externaltools.gnu-tools-for-stm32.7-2018-q2-update.win32_1.5.0.202011040924/tools/bin/../lib/gcc/arm-none-eabi/7.3.1/../../../../arm-none-eabi/lib/thumb/v7e-m/fpv4-sp/hard\libc_nano.a(lib_a-nano-vfprintf_float.o)
 .rodata._printf_i.str1.1
                0x000000000800edd8       0x22 c:/st/stm32cubeide_1.3.0/stm32cubeide/plugins/com.st.stm32cube.ide.mcu.externaltools.gnu-tools-for-stm32.7-2018-q2-update.win32_1.5.0.202011040924/tools/bin/../lib/gcc/arm-none-eabi/7.3.1/../../../../arm-none-eabi/lib/thumb/v7e-m/fpv4-sp/hard\libc_nano.a(lib_a-nano-vfprintf_i.o)
 .rodata._scanf_float.str1.1
                0x000000000800edfa        0x5 c:/st/stm32cubeide_1.3.0/stm32cubeide/plugins/com.st.stm32cube.ide.mcu.externaltools.gnu-tools-for-stm32.7-2018-q2-update.win32_1.5.0.202011040924/tools/bin/../lib/gcc/arm-none-eabi/7.3.1/../../../../arm-none-eabi/lib/thumb/v7e-m/fpv4-sp/hard\libc_nano.a(lib_a-nano-vfscanf_float.o)
 .rodata._strtod_l.str1.1